------------------------------------------------------------------
      name:  <unnamed>
       log:  /mnt/data_d/Dropbox/Research/AnimalCollisionsWeather/
> codeSTATA/build_main_data_county_year.log
  log type:  text
 opened on:   9 Sep 2026, 12:27:58

. 
. *---------------------------------------------------------------
. * SECTION 1: BUILD THE WEATHER COUNTY-YEAR PANEL (MASTER, PRISM)
. *---------------------------------------------------------------
. * PRISM is the project's main weather dataset for temperature an
> d
. * precipitation. ERA5's snow variables are merged in separately 
> in
. * SECTION 2, since PRISM has no snow equivalent.
. 
. local file_name = "$dataCSV/PRISM/prism_derived_weather_vars.csv
> "

. import delimited using "`file_name'", clear varnames(1) stringco
> ls(1 2 3)
(21 vars, 1,678,320 obs)

. 
. * Collapse the per-month completeness metadata into one flag per
. * county-year rather than reshaping it wide -- a monthly True/Fa
> lse and a
. * categorical dataset-type code aren't analysis variables, just 
> QA notes.
. gen byte temp = (is_incomplete == "True")

. bysort geoid year: egen n_incomplete_months = total(temp)

. drop temp dataset_types expected_days is_incomplete

. 
. * Reshape every remaining monthly weather measure wide by calend
> ar month.
. ds
geoid         month         freeze_tha~s  tmean_vari~2
state_fips    n_days        days_preci~m  tmin_varia~2
county_fips   ppt_total     heating_de~s  tmax_varia~2
county_name   days_extre~d  cooling_de~s  n_incomple~s
year          days_bel~32f  mean_temp_c

. local allvars `r(varlist)'

. local idvars geoid state_fips county_fips county_name year n_inc
> omplete_months month

. local weather_vars : list allvars - idvars

. 
. reshape wide `weather_vars', ///
>         i(geoid ///
>           state_fips ///
>           county_fips ///
>           county_name ///
>           year ///
>           n_incomplete_months) ///
>         j(month)
(note: j = 1 2 3 4 5 6 7 8 9 10 11 12)

Data                               long   ->   wide
------------------------------------------------------------------
> -----------
Number of obs.                  1.7e+06   ->  139860
Number of variables                  19   ->     150
j variable (12 values)            month   ->   (dropped)
xij variables:
                                 n_days   ->   n_days1 n_days2 ...
>  n_days12
                              ppt_total   ->   ppt_total1 ppt_tota
> l2 ... ppt_total12
                    days_extremely_cold   ->   days_extremely_cold
> 1 days_extremely_cold2 ... days_extremely_cold12
                days_below_freezing_32f   ->   days_below_freezing
> _32f1 days_below_freezing_32f2 ... days_below_freezing_32f12
                       freeze_thaw_days   ->   freeze_thaw_days1 f
> reeze_thaw_days2 ... freeze_thaw_days12
                 days_precip_above_10mm   ->   days_precip_above_1
> 0mm1 days_precip_above_10mm2 ... days_precip_above_10mm12
                    heating_degree_days   ->   heating_degree_days
> 1 heating_degree_days2 ... heating_degree_days12
                    cooling_degree_days   ->   cooling_degree_days
> 1 cooling_degree_days2 ... cooling_degree_days12
                            mean_temp_c   ->   mean_temp_c1 mean_t
> emp_c2 ... mean_temp_c12
                      tmean_variance_c2   ->   tmean_variance_c21 
> tmean_variance_c22 ... tmean_variance_c212
                       tmin_variance_c2   ->   tmin_variance_c21 t
> min_variance_c22 ... tmin_variance_c212
                       tmax_variance_c2   ->   tmax_variance_c21 t
> max_variance_c22 ... tmax_variance_c212
------------------------------------------------------------------
> -----------

. 
. * Stata's reshape appends the bare month number (e.g. "mean_temp
> _c1"..
. * "mean_temp_c12"). Rename to a "_m1".."_m12" suffix instead, pe
> r the
. * 9/5/26 call -- more readable, and matches how the team refers 
> to these
. * columns out loud.
. foreach v of local weather_vars {
  2.     forvalues m = 1/12 {
  3.         rename `v'`m' `v'_m`m'
  4.     }
  5. }

. 
. isid geoid year

. sort geoid year

. tempfile weather_panel

. save `weather_panel'
file /tmp/St2214626.000002 saved

. 
. *---------------------------------------------------------------
. * SECTION 2: MERGE IN ERA5 SNOW DEPTH (WIDE BY MONTH)
. *---------------------------------------------------------------
. * Per the 9/5/26 call: PRISM stays the source for temp/precip, b
> ut ERA5's
. * snow depth (and snowfall) -- which PRISM has no equivalent for
>  -- is
. * needed for the winter severity index in SECTION 7, so it gets 
> merged
. * into the same panel.
. 
. use `weather_panel', clear

. 
. local file_name = "$dataCSV/ERA5/era5_derived_weather_vars.csv"

. 
. capture confirm file "`file_name'"

. if _rc {
.     di as error "ERA5 derived-vars file not found at `file_name'
>  -- skipping the snow-depth merge. The winter severity index in 
> SECTION 7 will be missing its snow component without this."
.     gen byte merge_era5_snow = .
. }

. else {
.     preserve
.         import delimited using "`file_name'", clear varnames(1) 
> stringcols(1 2 3)
(25 vars, 1,678,320 obs)
. 
.         * REQUIRED: the two ERA5 snow variables 06 has always pr
> oduced.
.         local era5_snow_required mean_snow_depth total_snowfall_
> mm
. 
.         * OPTIONAL: the snow-depth day COUNTS added to
.         * 06_build_derived_weather_vars.py on 9/8/26 (18in is Ko
> hn's
.         * literature threshold; 12in/8in are sensitivity variant
> s -- see
.         * SECTION 7). Optional rather than required so this scri
> pt still
.         * runs against an ERA5 derived-vars CSV built before tha
> t change,
.         * in which case SECTION 7 falls back to a missing snow c
> omponent
.         * exactly as it did before.
.         local era5_snow_optional days_snow_depth_18in ///
>                                  days_snow_depth_12in ///
>                                  days_snow_depth_8in
. 
.         local era5_vars_ok = 1
.         foreach v of local era5_snow_required {
  2.             capture confirm variable `v'
  3.             if _rc local era5_vars_ok = 0
  4.         }
. 
.         if !`era5_vars_ok' {
.             di as error "Expected ERA5 variables (`era5_snow_req
> uired') not found in era5_derived_weather_vars.csv -- its actual
>  column names haven't been verified against this script. Check a
> nd update SECTION 2."
.             exit 111
.         }
. 
.         local era5_snow_vars `era5_snow_required'
.         foreach v of local era5_snow_optional {
  2.             capture confirm variable `v'
  3.             if !_rc {
  4.                 local era5_snow_vars `era5_snow_vars' `v'
  5.             }
  6.             else {
  7.                 di as text "NOTE: `v' not found in era5_deriv
> ed_weather_vars.csv -- rerun codePYTHON/06_build_derived_weather
> _vars.py to build it. SECTION 7 will leave the corresponding win
> ter-severity variable missing until then."
  8.             }
  9.         }
. 
.         keep geoid ///
>              state_fips ///
>              county_fips ///
>              county_name ///
>              year ///
>              month ///
>              `era5_snow_vars'
. 
.         reshape wide `era5_snow_vars', ///
>                 i(geoid ///
>                   state_fips ///
>                   county_fips ///
>                   county_name ///
>                   year) ///
>                 j(month)
(note: j = 1 2 3 4 5 6 7 8 9 10 11 12)

Data                               long   ->   wide
------------------------------------------------------------------
> -----------
Number of obs.                  1.7e+06   ->  139860
Number of variables                  11   ->      65
j variable (12 values)            month   ->   (dropped)
xij variables:
                        mean_snow_depth   ->   mean_snow_depth1 me
> an_snow_depth2 ... mean_snow_depth12
                      total_snowfall_mm   ->   total_snowfall_mm1 
> total_snowfall_mm2 ... total_snowfall_mm12
                   days_snow_depth_18in   ->   days_snow_depth_18i
> n1 days_snow_depth_18in2 ... days_snow_depth_18in12
                   days_snow_depth_12in   ->   days_snow_depth_12i
> n1 days_snow_depth_12in2 ... days_snow_depth_12in12
                    days_snow_depth_8in   ->   days_snow_depth_8in
> 1 days_snow_depth_8in2 ... days_snow_depth_8in12
------------------------------------------------------------------
> -----------
. 
.         foreach v of local era5_snow_vars {
  2.             forvalues m = 1/12 {
  3.                 rename `v'`m' `v'_m`m'
  4.             }
  5.         }
. 
.         isid geoid year
. 
.         quietly summarize year
.         local min_year_era5_snow = r(min)
.         local max_year_era5_snow = r(max)
. 
.         tempfile era5_snow_panel
.         save `era5_snow_panel'
file /tmp/St2214626.000004 saved
.     restore
. 
.     * Same deliberate deviation as SECTION 3 below -- no assert/
> drop on
.     * _merge; every row is kept regardless of match status.
.     merge 1:1 geoid year using `era5_snow_panel'

    Result                           # of obs.
    -----------------------------------------
    not matched                             0
    matched                           139,860  (_merge==3)
    -----------------------------------------
.     rename _merge merge_era5_snow
. }

. 
. *---------------------------------------------------------------
. * SECTION 3: MERGE IN POPULATION
. *---------------------------------------------------------------
. 
. preserve

.     local file_name = "$dataCSV/Population/population_county_yea
> r_1981_2025.dta"

.     use "`file_name'", clear

.     isid geoid year

. 
.     quietly summarize year

.     local min_year_population = r(min)

.     local max_year_population = r(max)

. 
.     tempfile population_panel

.     save `population_panel'
file /tmp/St2214626.000006 saved

. restore

. 
. * Per Eyal (9/1/26): keep every county-year row on both sides --
>  do NOT
. * `assert _merge==3` or drop unmatched observations here, which 
> departs
. * from the style guide's default merge convention (Section 10). 
> Population
. * now covers 1981-2025 (09/09/2026 -- previously 1990-2025 only,
>  see
. * changelog), so there is no longer an expected 1980s population
>  gap.
. * SECTION 8 still tracks and documents any mismatches instead of
. * asserting them away.
. merge 1:1 geoid year using `population_panel'
(note: variable year was int, now long to accommodate using
       data's values)

    Result                           # of obs.
    -----------------------------------------
    not matched                             0
    matched                           139,860  (_merge==3)
    -----------------------------------------

. rename _merge merge_population

. 
. *---------------------------------------------------------------
. * SECTION 4: MERGE IN VEHICLE COLLISIONS
. *---------------------------------------------------------------
. 
. local file_name = "$dataRAW/Collisions/collisions_CONUS_county_y
> ear_1985_2020.dta"

. 
. capture confirm file "`file_name'"

. if _rc {
.     di as error "Collisions file not found at `file_name' -- ski
> pping this merge."
.     di as error "Eyal said (9/1/26) he placed a snapshot there; 
> check the path if this fires."
.     gen byte merge_collisions = .
. }

. else {
.     preserve
.         use "`file_name'", clear
. 
.         * Confirmed schema (9/5/26): state_fips (str2) and count
> y_fips
.         * (str3) are already clean, zero-padded strings -- build
>  geoid
.         * from those directly rather than the numeric `fips` var
> iable,
.         * which is system-missing for a handful of rows (see ope
> n item 4
.         * in the header: the St. Louis rows Wendy flagged 9/4/26
> ).
.         capture confirm variable geoid
.         if _rc {
.             capture confirm variable state_fips
.             local have_state_fips = !_rc
.             capture confirm variable county_fips
.             local have_county_fips = !_rc
. 
.             if `have_state_fips' & `have_county_fips' {
.                 gen geoid = state_fips + county_fips
(17 missing values generated)
.             }
.             else {
.                 capture confirm variable fips
.                 if !_rc {
.                     tostring fips, replace format(%05.0f)
.                     rename fips geoid
.                 }
.                 else {
.                     di as error "Could not construct geoid: none
>  of geoid, state_fips+county_fips, or fips found in the collisio
> ns file."
.                     exit 111
.                 }
.             }
.         }
. 
.         * Known issue, not fixed per Eyal (9/4/26) -- report it,
>  don't
.         * block on it. A malformed geoid here (not exactly 5 cha
> racters)
.         * will show up as its own nonsense "county" in SECTION 8
> 's
.         * diagnostics rather than merging correctly.
.         quietly count if strlen(geoid) != 5
.         if r(N) > 0 {
.             di as text "NOTE: `r(N)' collisions rows have a malf
> ormed geoid (not 5 characters) -- known issue (e.g. St. Louis), 
> Eyal said not urgent to fix (9/4/26)."
NOTE: 17 collisions rows have a malformed geoid (not 5 characters)
>  -- known issue (e.g. St. Louis), Eyal said not urgent to fix (9
> /4/26).
.         }
. 
.         * missok: the ~17 known-missing-geoid rows (open item 4,
>  above)
.         * would otherwise fail isid on their own, even with no a
> ctual
.         * duplicate geoid-year pairs -- isid errors on ANY missi
> ng id
.         * value by default, separate from its duplicates check. 
> Confirmed
.         * via `duplicates tag geoid year` (9/5/26) that no true 
> duplicates
.         * exist; missok lets the already-reported malformed-geoi
> d rows
.         * through without blocking, per Eyal's "report, don't bl
> ock"
.         * guidance on this issue.
.         capture isid geoid year, missok
.         if _rc {
.             di as error "collisions_CONUS_county_year_1985_2020.
> dta is not unique on geoid-year -- check for duplicate state/yea
> r vintages (e.g. overlapping snapshots) before merging, and coll
> apse/dedupe as appropriate."
.             exit 459
.         }
. 
.         quietly summarize year
.         local min_year_collisions = r(min)
.         local max_year_collisions = r(max)
. 
.         tempfile collisions_panel
.         save `collisions_panel'
file /tmp/St2214626.000008 saved
.     restore
. 
.     * Same deliberate deviation as SECTION 3 -- no assert/drop o
> n _merge.
.     merge 1:1 geoid year using `collisions_panel'
(note: variable county_name was str20, now str21 to accommodate
       using data's values)

    Result                           # of obs.
    -----------------------------------------
    not matched                        79,090
        from master                    79,073  (_merge==1)
        from using                         17  (_merge==2)

    matched                            60,787  (_merge==3)
    -----------------------------------------
.     rename _merge merge_collisions
. }

. 
. *---------------------------------------------------------------
. * SECTION 5: MERGE IN WILDLIFE HARVEST DATA
. *---------------------------------------------------------------
. * Nicole added her harmonized panel to $dataSTATA on 9/4/26.
. 
. local file_name = "$dataSTATA/US_deer_harvest_county_year_04sep2
> 026.dta"

. 
. capture confirm file "`file_name'"

. if _rc {
.     di as text "NOTE: wildlife panel not found at `file_name'."
.     di as text "Confirm Nicole hasn't shipped a newer, different
> ly-dated file -- update this path if so."
.     gen byte merge_wildlife = .
. }

. else {
.     preserve
.         use "`file_name'", clear
(US county-year deer harvest panel. Agency-direct state harmonizat
> ions, gap-fille)
. 
.         * Confirmed schema (9/5/26): despite its name, this file
> 's
.         * county_fips column already holds the full 5-digit code
>  (str5),
.         * not a 3-digit county-only segment -- there is no separ
> ate
.         * state_fips column in Nicole's file. Simple rename, no
.         * concatenation needed.
.         capture confirm variable geoid
.         if _rc {
.             capture confirm variable county_fips
.             if !_rc {
.                 rename county_fips geoid
.             }
.             else {
.                 capture confirm variable fips
.                 if !_rc rename fips geoid
.                 else {
.                     di as error "Could not construct geoid in th
> e wildlife panel: none of geoid, county_fips, or fips found -- c
> heck Nicole's current column names."
.                     exit 111
.                 }
.             }
.         }
. 
.         * CAVEAT, not resolved here (open item 2 in the header):
>  `year`
.         * is documented as "season start year," which may not li
> ne up
.         * one-to-one with the calendar year used elsewhere in th
> is panel.
. 
.         capture isid geoid year
.         if _rc {
.             di as error "wildlife panel is not unique on geoid-y
> ear -- check before merging."
.             exit 459
.         }
. 
.         quietly summarize year
.         local min_year_wildlife = r(min)
.         local max_year_wildlife = r(max)
. 
.         tempfile wildlife_panel
.         save `wildlife_panel'
file /tmp/St2214626.00000a saved
.     restore
. 
.     * Same deliberate deviation as SECTION 3 -- no assert/drop o
> n _merge.
.     merge 1:1 geoid year using `wildlife_panel'
(note: variable county_name was str21, now str26 to accommodate
       using data's values)

    Result                           # of obs.
    -----------------------------------------
    not matched                       119,942
        from master                   108,674  (_merge==1)
        from using                     11,268  (_merge==2)

    matched                            31,203  (_merge==3)
    -----------------------------------------
.     rename _merge merge_wildlife
. }

. 
. *---------------------------------------------------------------
. * SECTION 6: NUMERIC FIPS AND PANEL DECLARATION
. *---------------------------------------------------------------
. * Eyal (9/5/26): keep geoid as the string merge key throughout, 
> but also
. * add a numeric FIPS ("fips_num", per the style guide's own conv
> ention)
. * since reghdfe absorbs fixed effects much faster on a numeric i
> dentifier
. * than a string one. fips_num doubles as the panel (i) variable 
> for the
. * xtset below, which SECTION 7's winter-variable construction ne
> eds for
. * its L1. lag.
. 
. gen long fips_num = real(geoid)
(17 missing values generated)

. label variable fips_num "Numeric county FIPS (real(geoid)); geoi
> d remains the canonical string merge key"

. 
. xtset fips_num year
       panel variable:  fips_num (unbalanced)
        time variable:  year, 1927 to 2025, but with gaps
                delta:  1 unit

. 
. *---------------------------------------------------------------
. * SECTION 7: WINTER WEATHER VARIABLES
. *---------------------------------------------------------------
. * Four candidate right-hand-side winter measures, per Eyal (9/1 
> and 9/5
. * calls) -- built here, not in the estimation .do files, so ever
> y
. * downstream script uses the identical construction. All four re
> ly on
. * the xtset from SECTION 6 to pull December from the PRIOR year 
> via L1.
. 
. * --- (1) Mean winter temperature: Dec(t-1) + Jan(t) + Feb(t), a
> veraged ---
. gen double mean_winter_temp = (L1.mean_temp_c_m12 + mean_temp_c_
> m1 + mean_temp_c_m2) / 3
(14,393 missing values generated)

. label variable mean_winter_temp "Mean of Dec(t-1)/Jan(t)/Feb(t) 
> PRISM monthly mean temp, degrees C"

. 
. * --- (2)-(3) Warm-winter dummies: mean_winter_temp relative to 
> the ---
. * --- county's own 1-sigma/2-sigma local climatology (full sampl
> e) ---
. * "Local climatology" = this county's own mean/SD of mean_winter
> _temp
. * across the full panel, per Eyal's "relative to your local long
>  run
. * '81 to 2025 climatology" (9/5). One-directional (warm side onl
> y).
. bysort fips_num: egen double temp_v = mean(mean_winter_temp)   /
> / county's own climatological mean winter temp
(59 missing values generated)

. bysort fips_num: egen double temp_b = sd(mean_winter_temp)     /
> / county's own climatological SD of winter temp
(59 missing values generated)

. 
. gen byte warm_winter_1sd = mean_winter_temp > (temp_v + temp_b) 
> if !missing(mean_winter_temp)
(14,393 missing values generated)

. gen byte warm_winter_2sd = mean_winter_temp > (temp_v + 2*temp_b
> ) if !missing(mean_winter_temp)
(14,393 missing values generated)

. label variable warm_winter_1sd "1 if mean_winter_temp > county's
>  own full-sample mean + 1 SD"

. label variable warm_winter_2sd "1 if mean_winter_temp > county's
>  own full-sample mean + 2 SD"

. 
. drop temp_v temp_b

. 
. * --- (4) Winter Severity Index (Kohn 1975 / WI DNR definition, 
> per the ---
. * --- literature review): sum of (a) # days Dec 1-Apr 30 with mi
> n temp
. * --- <=0F, and (b) # days Dec 1-Apr 30 with >=18in snow depth o
> n the
. * --- ground. A day meeting both conditions counts in both talli
> es, which
. * --- is exactly the "adds 2 points" rule in the literature quot
> e -- no
. * --- special-case code needed, it falls out of summing the two 
> counts.
. * --- Window is Dec(t-1) through Apr(t) -- wider than the 3-mont
> h DJF
. * --- window used for mean_winter_temp above.
. gen wsi_cold_days = L1.days_extremely_cold_m12 ///
>                    + days_extremely_cold_m1 ///
>                    + days_extremely_cold_m2 ///
>                    + days_extremely_cold_m3 ///
>                    + days_extremely_cold_m4
(14,393 missing values generated)

. label variable wsi_cold_days "WSI cold-stress component: # days 
> Dec 1-Apr 30 with PRISM min temp <=0F"

. 
. * The snow-hazard component is a county-month COUNT of days with
>  snow
. * depth >=18in (days_snow_depth_18in, built by
. * codePYTHON/06_build_derived_weather_vars.py as of 9/8/26 and c
> arried
. * through SECTION 2 above). It is deliberately NOT approximated 
> from
. * mean_snow_depth: a month can average under 18in while still co
> ntaining
. * qualifying days, and vice versa.
. *
. * Still guarded rather than assumed, so an older ERA5 derived-va
> rs CSV
. * degrades to the previous missing-component behaviour instead o
> f
. * erroring.
. capture confirm variable days_snow_depth_18in_m1

. if _rc {
.     di as text "NOTE: days_snow_depth_18in_m1 not found -- wsi_s
> now_days and winter_severity_index's snow component are set to m
> issing. Rerun codePYTHON/06_build_derived_weather_vars.py (which
>  builds days_snow_depth_18in), and check SECTION 2 above carried
>  it through the ERA5 reshape."
.     gen wsi_snow_days = .
. }

. else {
.     gen wsi_snow_days = L1.days_snow_depth_18in_m12 ///
>                        + days_snow_depth_18in_m1 ///
>                        + days_snow_depth_18in_m2 ///
>                        + days_snow_depth_18in_m3 ///
>                        + days_snow_depth_18in_m4
(14,393 missing values generated)
. }

. label variable wsi_snow_days "WSI snow-hazard component: # days 
> Dec 1-Apr 30 with ERA5 county-mean snow depth >=18in (Kohn 1975)
> "
note: label truncated to 80 characters

. 
. gen winter_severity_index = wsi_cold_days + wsi_snow_days
(14,393 missing values generated)

. label variable winter_severity_index "Winter Severity Index (Koh
> n 1975 / WI DNR): wsi_cold_days + wsi_snow_days. Categories: <50
>  mild, 50-80 moderate, 80-100 moderately severe, >100 very sever
> e"
note: label truncated to 80 characters

. 
. * --- (4b) Sensitivity variants of the snow-hazard component ---
. * NOT alternative definitions of the Kohn index -- robustness on
> ly.
. * Kohn's 18in cutoff was calibrated on point station/snow-course
. * observations. snow_depth here is an ERA5-Land grid-box average
>  averaged
. * again over an entire county, and that spatial averaging remove
> s exactly
. * the local maxima an 18in cutoff is meant to catch, so wsi_snow
> _days is
. * near-zero across most of the eastern/midwestern deer range and
. * winter_severity_index there is effectively wsi_cold_days alone
>  (see
. * open item 1 in the header for the measured 1980-81 numbers). T
> hese
. * lower-threshold indices let that be shown in a robustness tabl
> e rather
. * than asserted. Report winter_severity_index as the headline me
> asure.
. foreach thr in 12 8 {
  2.     capture confirm variable days_snow_depth_`thr'in_m1
  3.     if _rc {
  4.         di as text "NOTE: days_snow_depth_`thr'in_m1 not foun
> d -- wsi_snow_days_`thr'in and winter_severity_index_snow`thr' s
> et to missing."
  5.         gen wsi_snow_days_`thr'in = .
  6.     }
  7.     else {
  8.         gen wsi_snow_days_`thr'in = L1.days_snow_depth_`thr'i
> n_m12 ///
>                                    + days_snow_depth_`thr'in_m1 
> ///
>                                    + days_snow_depth_`thr'in_m2 
> ///
>                                    + days_snow_depth_`thr'in_m3 
> ///
>                                    + days_snow_depth_`thr'in_m4
  9.     }
 10.     label variable wsi_snow_days_`thr'in "SENSITIVITY (not Ko
> hn): # days Dec 1-Apr 30 with ERA5 county-mean snow depth >=`thr
> 'in"
 11. 
.     gen winter_severity_index_snow`thr' = wsi_cold_days + wsi_sn
> ow_days_`thr'in
 12.     label variable winter_severity_index_snow`thr' "SENSITIVI
> TY WSI: wsi_cold_days + wsi_snow_days_`thr'in (>=`thr'in snow in
> stead of Kohn's >=18in)"
 13. }
(14,393 missing values generated)
note: label truncated to 80 characters
(14,393 missing values generated)
note: label truncated to 80 characters
(14,393 missing values generated)
note: label truncated to 80 characters
(14,393 missing values generated)
note: label truncated to 80 characters

. 
. *---------------------------------------------------------------
. * SECTION 8: MERGE DIAGNOSTICS
. *---------------------------------------------------------------
. * Per Eyal (9/1/26): don't fix FIPS mismatches now, just track h
> ow many
. * there are and which counties are affected -- county by county 
> rather
. * than row by row (a whole-decade coverage gap in one source, e.
> g., would
. * otherwise dump thousands of expected-unmatched rows into the e
> xport).
. 
. foreach src in era5_snow population collisions wildlife {
  2.     cap confirm variable merge_`src'
  3.     if !_rc {
  4.         di as text _newline "--- merge_`src' ---"
  5.         tab merge_`src', missing
  6. 
.         * Eyal (9/8/26 call): a year tab of the unmatched rows t
> ells you
.         * whether the gaps are the EXPECTED kind (before/after t
> his
.         * source's own coverage window) or a genuine glitch (a g
> ap
.         * *inside* the window where the source should have a rec
> ord).
.         * `min_year_`src'' / `max_year_`src'' were captured off 
> the
.         * source's own panel, above, when it was built.
.         di as text "Year distribution of unmatched `src' rows:"
  7.         tab year if merge_`src' != 3
  8. 
.         preserve
  9.             gen byte temp = (merge_`src' != 3)
 10.             collapse (sum) n_years_unmatched=temp (count) n_y
> ears_total=year, ///
>                      by(geoid ///
>                         state_fips ///
>                         county_fips ///
>                         county_name)
 11.             gen double share_years_unmatched = n_years_unmatc
> hed / n_years_total
 12.             keep if n_years_unmatched > 0
 13.             gsort -share_years_unmatched -n_years_unmatched s
> tate_fips county_fips
 14. 
.             local file_name = "$tables/merge_diagnostics/unmatch
> ed_`src'_by_county.csv"
 15.             export delimited geoid ///
>                 state_fips ///
>                 county_fips ///
>                 county_name ///
>                 n_years_unmatched ///
>                 n_years_total ///
>                 share_years_unmatched ///
>                 using "`file_name'", ///
>                 replace
 16.         restore
 17. 
.         * NEW: isolate the subset of unmatched rows that fall IN
> SIDE this
.         * source's own known coverage window (min_year_`src' to
.         * max_year_`src'', captured when its panel was built) --
>  those are
.         * the ones Eyal said he'd actually worry about (e.g. "a 
> county in
.         * 2000 that's not getting a weather record"), as opposed
>  to rows
.         * unmatched only because the master panel extends before
> /after
.         * this source's coverage, which is expected and not expo
> rted here.
.         * If the source's min/max year wasn't captured (e.g. its
>  input
.         * file was missing), every unmatched row is written inst
> ead, since
.         * there's no window to filter against.
.         preserve
 18.             keep if merge_`src' != 3
 19.             if "`min_year_`src''" != "" & "`max_year_`src''" 
> != "" {
 20.                 keep if year >= `min_year_`src'' & year <= `m
> ax_year_`src''
 21.             }
 22.             gsort geoid year
 23.             local n_flagged = _N
 24.             local file_name = "$tables/merge_diagnostics/unma
> tched_`src'_in_window.csv"
 25.             export delimited geoid ///
>                 state_fips ///
>                 county_fips ///
>                 county_name ///
>                 year ///
>                 merge_`src' ///
>                 using "`file_name'", ///
>                 replace
 26.             di as result "  -> `n_flagged' in-window unmatche
> d `src' row(s) written to `file_name''"
 27.         restore
 28.     }
 29. }

--- merge_era5_snow ---

        merge_era5_snow |      Freq.     Percent        Cum.
------------------------+-----------------------------------
            matched (3) |    139,860       92.53       92.53
                      . |     11,285        7.47      100.00
------------------------+-----------------------------------
                  Total |    151,145      100.00
Year distribution of unmatched era5_snow rows:

       year |      Freq.     Percent        Cum.
------------+-----------------------------------
       1927 |         58        0.51        0.51
       1928 |         58        0.51        1.03
       1929 |         58        0.51        1.54
       1930 |         58        0.51        2.06
       1931 |         81        0.72        2.77
       1932 |         81        0.72        3.49
       1933 |         81        0.72        4.21
       1934 |         81        0.72        4.93
       1935 |         81        0.72        5.64
       1936 |         81        0.72        6.36
       1937 |         81        0.72        7.08
       1938 |         81        0.72        7.80
       1939 |         81        0.72        8.52
       1940 |         81        0.72        9.23
       1941 |         81        0.72        9.95
       1942 |         81        0.72       10.67
       1943 |         81        0.72       11.39
       1944 |         81        0.72       12.10
       1945 |         81        0.72       12.82
       1946 |         81        0.72       13.54
       1947 |        179        1.59       15.13
       1948 |        179        1.59       16.71
       1949 |        179        1.59       18.30
       1950 |        179        1.59       19.88
       1951 |        179        1.59       21.47
       1952 |        179        1.59       23.06
       1953 |        179        1.59       24.64
       1954 |        235        2.08       26.73
       1955 |        235        2.08       28.81
       1956 |        235        2.08       30.89
       1957 |        235        2.08       32.97
       1958 |        235        2.08       35.06
       1959 |        235        2.08       37.14
       1960 |        307        2.72       39.86
       1961 |        307        2.72       42.58
       1962 |        307        2.72       45.30
       1963 |        307        2.72       48.02
       1964 |        307        2.72       50.74
       1965 |        307        2.72       53.46
       1966 |        307        2.72       56.18
       1967 |        307        2.72       58.90
       1968 |        307        2.72       61.62
       1969 |        307        2.72       64.34
       1970 |        307        2.72       67.06
       1971 |        307        2.72       69.78
       1972 |        307        2.72       72.50
       1973 |        307        2.72       75.22
       1974 |        307        2.72       77.94
       1975 |        307        2.72       80.66
       1976 |        407        3.61       84.27
       1977 |        407        3.61       87.88
       1978 |        407        3.61       91.48
       1979 |        407        3.61       95.09
       1980 |        495        4.39       99.48
       1981 |          1        0.01       99.49
       1982 |          1        0.01       99.49
       1984 |          1        0.01       99.50
       1986 |          1        0.01       99.51
       1990 |          1        0.01       99.52
       1991 |          1        0.01       99.53
       1993 |          1        0.01       99.54
       1994 |          1        0.01       99.55
       1995 |          1        0.01       99.56
       2004 |          4        0.04       99.59
       2005 |          4        0.04       99.63
       2006 |          4        0.04       99.66
       2007 |          4        0.04       99.70
       2008 |          4        0.04       99.73
       2009 |          4        0.04       99.77
       2010 |          4        0.04       99.81
       2011 |          4        0.04       99.84
       2012 |          4        0.04       99.88
       2013 |          4        0.04       99.91
       2014 |          4        0.04       99.95
       2015 |          1        0.01       99.96
       2016 |          1        0.01       99.96
       2017 |          1        0.01       99.97
       2018 |          1        0.01       99.98
       2019 |          1        0.01       99.99
       2020 |          1        0.01      100.00
------------+-----------------------------------
      Total |     11,285      100.00
(3,108 observations deleted)
file /mnt/data_d/Dropbox/Research/AnimalCollisionsWeather/tables/m
> erge_diagnostics/unmatched_era5_snow_by_county.csv saved
(139,860 observations deleted)
(11,226 observations deleted)
file /mnt/data_d/Dropbox/Research/AnimalCollisionsWeather/tables/m
> erge_diagnostics/unmatched_era5_snow_in_window.csv saved
  -> 59 in-window unmatched era5_snow row(s) written to /mnt/data_
> d/Dropbox/Research/AnimalCollisionsWeather/tables/merge_diagnost
> ics/unmatched_era5_snow_in_window.csv'

--- merge_population ---

       merge_population |      Freq.     Percent        Cum.
------------------------+-----------------------------------
            matched (3) |    139,860       92.53       92.53
                      . |     11,285        7.47      100.00
------------------------+-----------------------------------
                  Total |    151,145      100.00
Year distribution of unmatched population rows:

       year |      Freq.     Percent        Cum.
------------+-----------------------------------
       1927 |         58        0.51        0.51
       1928 |         58        0.51        1.03
       1929 |         58        0.51        1.54
       1930 |         58        0.51        2.06
       1931 |         81        0.72        2.77
       1932 |         81        0.72        3.49
       1933 |         81        0.72        4.21
       1934 |         81        0.72        4.93
       1935 |         81        0.72        5.64
       1936 |         81        0.72        6.36
       1937 |         81        0.72        7.08
       1938 |         81        0.72        7.80
       1939 |         81        0.72        8.52
       1940 |         81        0.72        9.23
       1941 |         81        0.72        9.95
       1942 |         81        0.72       10.67
       1943 |         81        0.72       11.39
       1944 |         81        0.72       12.10
       1945 |         81        0.72       12.82
       1946 |         81        0.72       13.54
       1947 |        179        1.59       15.13
       1948 |        179        1.59       16.71
       1949 |        179        1.59       18.30
       1950 |        179        1.59       19.88
       1951 |        179        1.59       21.47
       1952 |        179        1.59       23.06
       1953 |        179        1.59       24.64
       1954 |        235        2.08       26.73
       1955 |        235        2.08       28.81
       1956 |        235        2.08       30.89
       1957 |        235        2.08       32.97
       1958 |        235        2.08       35.06
       1959 |        235        2.08       37.14
       1960 |        307        2.72       39.86
       1961 |        307        2.72       42.58
       1962 |        307        2.72       45.30
       1963 |        307        2.72       48.02
       1964 |        307        2.72       50.74
       1965 |        307        2.72       53.46
       1966 |        307        2.72       56.18
       1967 |        307        2.72       58.90
       1968 |        307        2.72       61.62
       1969 |        307        2.72       64.34
       1970 |        307        2.72       67.06
       1971 |        307        2.72       69.78
       1972 |        307        2.72       72.50
       1973 |        307        2.72       75.22
       1974 |        307        2.72       77.94
       1975 |        307        2.72       80.66
       1976 |        407        3.61       84.27
       1977 |        407        3.61       87.88
       1978 |        407        3.61       91.48
       1979 |        407        3.61       95.09
       1980 |        495        4.39       99.48
       1981 |          1        0.01       99.49
       1982 |          1        0.01       99.49
       1984 |          1        0.01       99.50
       1986 |          1        0.01       99.51
       1990 |          1        0.01       99.52
       1991 |          1        0.01       99.53
       1993 |          1        0.01       99.54
       1994 |          1        0.01       99.55
       1995 |          1        0.01       99.56
       2004 |          4        0.04       99.59
       2005 |          4        0.04       99.63
       2006 |          4        0.04       99.66
       2007 |          4        0.04       99.70
       2008 |          4        0.04       99.73
       2009 |          4        0.04       99.77
       2010 |          4        0.04       99.81
       2011 |          4        0.04       99.84
       2012 |          4        0.04       99.88
       2013 |          4        0.04       99.91
       2014 |          4        0.04       99.95
       2015 |          1        0.01       99.96
       2016 |          1        0.01       99.96
       2017 |          1        0.01       99.97
       2018 |          1        0.01       99.98
       2019 |          1        0.01       99.99
       2020 |          1        0.01      100.00
------------+-----------------------------------
      Total |     11,285      100.00
(3,108 observations deleted)
file /mnt/data_d/Dropbox/Research/AnimalCollisionsWeather/tables/m
> erge_diagnostics/unmatched_population_by_county.csv saved
(139,860 observations deleted)
(11,226 observations deleted)
file /mnt/data_d/Dropbox/Research/AnimalCollisionsWeather/tables/m
> erge_diagnostics/unmatched_population_in_window.csv saved
  -> 59 in-window unmatched population row(s) written to /mnt/data
> _d/Dropbox/Research/AnimalCollisionsWeather/tables/merge_diagnos
> tics/unmatched_population_in_window.csv'

--- merge_collisions ---

       merge_collisions |      Freq.     Percent        Cum.
------------------------+-----------------------------------
        master only (1) |     79,073       52.32       52.32
         using only (2) |         17        0.01       52.33
            matched (3) |     60,787       40.22       92.54
                      . |     11,268        7.46      100.00
------------------------+-----------------------------------
                  Total |    151,145      100.00
Year distribution of unmatched collisions rows:

       year |      Freq.     Percent        Cum.
------------+-----------------------------------
       1927 |         58        0.06        0.06
       1928 |         58        0.06        0.13
       1929 |         58        0.06        0.19
       1930 |         58        0.06        0.26
       1931 |         81        0.09        0.35
       1932 |         81        0.09        0.44
       1933 |         81        0.09        0.53
       1934 |         81        0.09        0.62
       1935 |         81        0.09        0.70
       1936 |         81        0.09        0.79
       1937 |         81        0.09        0.88
       1938 |         81        0.09        0.97
       1939 |         81        0.09        1.06
       1940 |         81        0.09        1.15
       1941 |         81        0.09        1.24
       1942 |         81        0.09        1.33
       1943 |         81        0.09        1.42
       1944 |         81        0.09        1.51
       1945 |         81        0.09        1.60
       1946 |         81        0.09        1.69
       1947 |        179        0.20        1.89
       1948 |        179        0.20        2.09
       1949 |        179        0.20        2.29
       1950 |        179        0.20        2.48
       1951 |        179        0.20        2.68
       1952 |        179        0.20        2.88
       1953 |        179        0.20        3.08
       1954 |        235        0.26        3.34
       1955 |        235        0.26        3.60
       1956 |        235        0.26        3.86
       1957 |        235        0.26        4.12
       1958 |        235        0.26        4.38
       1959 |        235        0.26        4.64
       1960 |        307        0.34        4.98
       1961 |        307        0.34        5.32
       1962 |        307        0.34        5.66
       1963 |        307        0.34        6.00
       1964 |        307        0.34        6.34
       1965 |        307        0.34        6.68
       1966 |        307        0.34        7.02
       1967 |        307        0.34        7.36
       1968 |        307        0.34        7.70
       1969 |        307        0.34        8.04
       1970 |        307        0.34        8.38
       1971 |        307        0.34        8.72
       1972 |        307        0.34        9.06
       1973 |        307        0.34        9.39
       1974 |        307        0.34        9.73
       1975 |        307        0.34       10.07
       1976 |        407        0.45       10.52
       1977 |        407        0.45       10.98
       1978 |        407        0.45       11.43
       1979 |        407        0.45       11.88
       1980 |        495        0.55       12.42
       1981 |      3,109        3.44       15.86
       1982 |      3,109        3.44       19.31
       1983 |      3,108        3.44       22.75
       1984 |      3,109        3.44       26.19
       1985 |      3,041        3.37       29.55
       1986 |      2,954        3.27       32.82
       1987 |      2,953        3.27       36.09
       1988 |      2,881        3.19       39.28
       1989 |      2,761        3.06       42.33
       1990 |      2,457        2.72       45.05
       1991 |      2,457        2.72       47.77
       1992 |      2,282        2.53       50.30
       1993 |      2,219        2.46       52.75
       1994 |      2,179        2.41       55.16
       1995 |      2,115        2.34       57.50
       1996 |      2,036        2.25       59.76
       1997 |      1,882        2.08       61.84
       1998 |      1,749        1.94       63.78
       1999 |      1,703        1.88       65.66
       2000 |      1,703        1.88       67.55
       2001 |      1,659        1.84       69.38
       2002 |      1,436        1.59       70.97
       2003 |      1,182        1.31       72.28
       2004 |        872        0.97       73.24
       2005 |        436        0.48       73.73
       2006 |        343        0.38       74.11
       2007 |        235        0.26       74.37
       2008 |        173        0.19       74.56
       2009 |        173        0.19       74.75
       2010 |         78        0.09       74.84
       2011 |         78        0.09       74.92
       2012 |         78        0.09       75.01
       2013 |         78        0.09       75.09
       2014 |         96        0.11       75.20
       2015 |        332        0.37       75.57
       2016 |        635        0.70       76.27
       2017 |        717        0.79       77.06
       2018 |        763        0.84       77.91
       2019 |      1,446        1.60       79.51
       2020 |      2,975        3.29       82.80
       2021 |      3,108        3.44       86.24
       2022 |      3,108        3.44       89.68
       2023 |      3,108        3.44       93.12
       2024 |      3,108        3.44       96.56
       2025 |      3,108        3.44      100.00
------------+-----------------------------------
      Total |     90,358      100.00
(0 observations deleted)
file /mnt/data_d/Dropbox/Research/AnimalCollisionsWeather/tables/m
> erge_diagnostics/unmatched_collisions_by_county.csv saved
(60,787 observations deleted)
(39,201 observations deleted)
file /mnt/data_d/Dropbox/Research/AnimalCollisionsWeather/tables/m
> erge_diagnostics/unmatched_collisions_in_window.csv saved
  -> 51157 in-window unmatched collisions row(s) written to /mnt/d
> ata_d/Dropbox/Research/AnimalCollisionsWeather/tables/merge_diag
> nostics/unmatched_collisions_in_window.csv'

--- merge_wildlife ---

         merge_wildlife |      Freq.     Percent        Cum.
------------------------+-----------------------------------
        master only (1) |    108,674       71.90       71.90
         using only (2) |     11,268        7.46       79.36
            matched (3) |     31,203       20.64      100.00
------------------------+-----------------------------------
                  Total |    151,145      100.00
Year distribution of unmatched wildlife rows:

       year |      Freq.     Percent        Cum.
------------+-----------------------------------
       1927 |         58        0.05        0.05
       1928 |         58        0.05        0.10
       1929 |         58        0.05        0.15
       1930 |         58        0.05        0.19
       1931 |         81        0.07        0.26
       1932 |         81        0.07        0.33
       1933 |         81        0.07        0.40
       1934 |         81        0.07        0.46
       1935 |         81        0.07        0.53
       1936 |         81        0.07        0.60
       1937 |         81        0.07        0.67
       1938 |         81        0.07        0.73
       1939 |         81        0.07        0.80
       1940 |         81        0.07        0.87
       1941 |         81        0.07        0.94
       1942 |         81        0.07        1.00
       1943 |         81        0.07        1.07
       1944 |         81        0.07        1.14
       1945 |         81        0.07        1.21
       1946 |         81        0.07        1.27
       1947 |        179        0.15        1.42
       1948 |        179        0.15        1.57
       1949 |        179        0.15        1.72
       1950 |        179        0.15        1.87
       1951 |        179        0.15        2.02
       1952 |        179        0.15        2.17
       1953 |        179        0.15        2.32
       1954 |        235        0.20        2.51
       1955 |        235        0.20        2.71
       1956 |        235        0.20        2.91
       1957 |        235        0.20        3.10
       1958 |        235        0.20        3.30
       1959 |        235        0.20        3.49
       1960 |        307        0.26        3.75
       1961 |        307        0.26        4.01
       1962 |        307        0.26        4.26
       1963 |        307        0.26        4.52
       1964 |        307        0.26        4.77
       1965 |        307        0.26        5.03
       1966 |        307        0.26        5.29
       1967 |        307        0.26        5.54
       1968 |        307        0.26        5.80
       1969 |        307        0.26        6.05
       1970 |        307        0.26        6.31
       1971 |        307        0.26        6.57
       1972 |        307        0.26        6.82
       1973 |        307        0.26        7.08
       1974 |        307        0.26        7.33
       1975 |        307        0.26        7.59
       1976 |        407        0.34        7.93
       1977 |        407        0.34        8.27
       1978 |        407        0.34        8.61
       1979 |        407        0.34        8.95
       1980 |        495        0.41        9.36
       1981 |      2,614        2.18       11.54
       1982 |      2,614        2.18       13.72
       1983 |      2,613        2.18       15.90
       1984 |      2,614        2.18       18.08
       1985 |      2,613        2.18       20.25
       1986 |      2,614        2.18       22.43
       1987 |      2,538        2.12       24.55
       1988 |      2,538        2.12       26.67
       1989 |      2,538        2.12       28.78
       1990 |      2,494        2.08       30.86
       1991 |      2,419        2.02       32.88
       1992 |      2,418        2.02       34.89
       1993 |      2,419        2.02       36.91
       1994 |      2,419        2.02       38.93
       1995 |      2,419        2.02       40.94
       1996 |      2,418        2.02       42.96
       1997 |      2,418        2.02       44.98
       1998 |      2,418        2.02       46.99
       1999 |      2,418        2.02       49.01
       2000 |      2,418        2.02       51.02
       2001 |      2,264        1.89       52.91
       2002 |      2,150        1.79       54.70
       2003 |      2,150        1.79       56.50
       2004 |      2,119        1.77       58.26
       2005 |      1,933        1.61       59.88
       2006 |      1,933        1.61       61.49
       2007 |      1,933        1.61       63.10
       2008 |      1,933        1.61       64.71
       2009 |      1,933        1.61       66.32
       2010 |      1,988        1.66       67.98
       2011 |      1,988        1.66       69.64
       2012 |      1,990        1.66       71.30
       2013 |      1,988        1.66       72.95
       2014 |      1,990        1.66       74.61
       2015 |      2,518        2.10       76.71
       2016 |      2,648        2.21       78.92
       2017 |      2,740        2.28       81.20
       2018 |      2,673        2.23       83.43
       2019 |      2,503        2.09       85.52
       2020 |      2,503        2.09       87.61
       2021 |      2,557        2.13       89.74
       2022 |      3,049        2.54       92.28
       2023 |      3,049        2.54       94.82
       2024 |      3,105        2.59       97.41
       2025 |      3,105        2.59      100.00
------------+-----------------------------------
      Total |    119,942      100.00
(0 observations deleted)
file /mnt/data_d/Dropbox/Research/AnimalCollisionsWeather/tables/m
> erge_diagnostics/unmatched_wildlife_by_county.csv saved
(31,203 observations deleted)
(0 observations deleted)
file /mnt/data_d/Dropbox/Research/AnimalCollisionsWeather/tables/m
> erge_diagnostics/unmatched_wildlife_in_window.csv saved
  -> 119942 in-window unmatched wildlife row(s) written to /mnt/da
> ta_d/Dropbox/Research/AnimalCollisionsWeather/tables/merge_diagn
> ostics/unmatched_wildlife_in_window.csv'

. 
. *---------------------------------------------------------------
. * SECTION 9: FINALIZE AND SAVE
. *---------------------------------------------------------------
. 
. order geoid ///
>       fips_num ///
>       state_fips ///
>       county_fips ///
>       county_name ///
>       year, first

. order mean_winter_temp ///
>       warm_winter_1sd ///
>       warm_winter_2sd ///
>       wsi_cold_days ///
>       wsi_snow_days ///
>       winter_severity_index ///
>       wsi_snow_days_12in ///
>       winter_severity_index_snow12 ///
>       wsi_snow_days_8in ///
>       winter_severity_index_snow8 ///
>       merge_era5_snow ///
>       merge_population ///
>       merge_collisions ///
>       merge_wildlife, last

. 
. label data "County-year main data file: PRISM weather + ERA5 sno
> w (wide by month), winter severity variables, Census population,
>  vehicle collisions, wildlife harvest. Built `c(current_date)'. 
> See header for open items."
note: label truncated to 80 characters

. 
. sort geoid year   // to keep saved files in a predictable order

. compress
  variable year was long now int
  variable n_incomplete_months was float now byte
  variable wsi_cold_days was float now byte
  variable wsi_snow_days was float now int
  variable winter_severity_index was float now int
  variable wsi_snow_days_12in was float now int
  variable winter_severity_index_snow12 was float now int
  variable wsi_snow_days_8in was float now int
  variable winter_severity_index_snow8 was float now int
  variable population was double now long
  variable county_name was str26 now str24
  (3,929,770 bytes saved)

. local file_name = "$dataSTATA/main_data_county_year.dta"

. save "`file_name'", replace
file /mnt/data_d/Dropbox/Research/AnimalCollisionsWeather/dataSTAT
> A/main_data_county_year.dta saved

. 
. di as result _newline "Saved `file_name'"

Saved /mnt/data_d/Dropbox/Research/AnimalCollisionsWeather/dataSTA
> TA/main_data_county_year.dta

. di as result "Merge diagnostics written to $tables/merge_diagnos
> tics/"
Merge diagnostics written to /mnt/data_d/Dropbox/Research/AnimalCo
> llisionsWeather/tables/merge_diagnostics/

. 
. * Wrap Up
. log close
      name:  <unnamed>
       log:  /mnt/data_d/Dropbox/Research/AnimalCollisionsWeather/
> codeSTATA/build_main_data_county_year.log
  log type:  text
 closed on:   9 Sep 2026, 12:28:56
------------------------------------------------------------------
