--------------------------------------------------------------------------------
      name:  <unnamed>
       log:  /mnt/data_d/Dropbox/Research/AnimalCollisionsWeather/codeSTATA/logs
> /table1_log_harvest.log
  log type:  text
 opened on:   9 Sep 2026, 15:51:17

. 
. cap mkdir "$tables"

. 
. * ---- fail early if a dependency is missing ---------------------------------
. * reghdfe needs BOTH ftools and require -- require is a small dependency-
. * checking utility reghdfe calls on startup, and nothing names it until
. * reghdfe refuses to run, so it is easy to miss. estout supplies esttab, 
. * eststo and estadd. All from SSC:
. *
. *     ssc install require, replace
. *     ssc install ftools, replace
. *     ssc install reghdfe, replace
. *     ssc install estout, replace
. *     mata: mata mlib index
. *
. * findfile on the individual ado-files: it names the exact file it could not 
. * locate, and on failure adopath below shows where Stata actually looked to 
. * separate "not installed" from "installed into a directory this session does 
. * not search."
. local _pkgmissing 0

. foreach ado in require.ado ftools.ado reghdfe.ado esttab.ado eststo.ado ///
>                estadd.ado {
  2.     capture findfile `ado'
  3.     if _rc {
  4.         display as error "  not on the ado-path: `ado'"
  5.         local _pkgmissing 1
  6.     }
  7. }

. if `_pkgmissing' {
.     display as error ""
.     display as error "  The files above are not visible to this Stata session.
> "
.     display as error "  If they are genuinely not installed, run the ssc insta
> ll"
.     display as error "  lines in the comment block above, in that order."
.     display as error ""
.     display as error "  If they ARE installed, the ado-path is the problem: th
> e"
.     display as error "  install went somewhere this session does not search (a
> "
.     display as error "  different user's PLUS, or a profile.do not running her
> e)."
.     display as error "  The paths Stata is searching:"
.     adopath
.     exit 199
. }

. display as text "  require / ftools / reghdfe / estout all present"
  require / ftools / reghdfe / estout all present

. 
. * ---- fail early if the input panel is not where we expect ------------------
> -
. capture confirm file "$dataSTATA/main_data_county_year.dta"

. if _rc {
.     display as error "  not found: $dataSTATA/main_data_county_year.dta"
.     display as error "  (if the merged panel lives elsewhere, fix the path her
> e"
.     display as error "   and in the SOURCE FILES block above)"
.     exit 601
. }

. display as text "  input panel located"
  input panel located

. 
. *=============================================================================
> =
. * SECTION 1: LOAD, VERIFY KEY, BUILD IDS AND SAMPLE MACROS
. *=============================================================================
> =
. 
. /*------------------------------------------------------------------------
> 
> [DECIDE] THE KEY IS UNIQUE BUT NOT COMPLETE, SO PLAIN isid REFUSES.
> 
>    17 rows carry a BLANK geoid -- also blank state_fips, county_fips and
>    state_name -- with county_name "st louis", state_letter_code "MN", one row
>    per year 2004 through 2020. They are collision-file records that never
>    matched a FIPS: merge_collisions == 2 (using-only) against
>    merge_wildlife == 1. Every non-missing value on them comes from the
>    collision block; harvest, weather, population, age shares and BOTH
>    sample flags are missing throughout.
> 
> ------------------------------------------------------------------------*/
. 
. use "$dataSTATA/main_data_county_year.dta", clear
(County-year main data file: PRISM weather + ERA5 snow (wide by month), winter s
> e)

. 
. * -- the key is unique over all rows. isid objects only to the blanks,
. *    so uniqueness is checked separately before they come out.
. capture drop _dupkey

. quietly duplicates tag geoid year, gen(_dupkey)

. assert _dupkey == 0

. drop _dupkey

. 
. * -- the orphans: named in the log, asserted empty, then dropped
. quietly count if geoid == ""

. local _norphan = r(N)

. if `_norphan' > 0 {
.     display as text "  rows with a blank geoid: `_norphan'  (collision-only or
> phans)"
  rows with a blank geoid: 17  (collision-only orphans)
.     preserve
.         keep if geoid == ""
(151,128 observations deleted)
.         contract state_letter_code county_name
.         list state_letter_code county_name _freq, sep(0) noobs

  +-----------------------------+
  | state_~e   county~e   _freq |
  |-----------------------------|
  |       MN   st louis      17 |
  +-----------------------------+
.     restore
. 
.     * nothing any column of any table needs is on these rows
.     assert missing(harvest_total)     if geoid == ""
.     assert missing(mean_winter_temp)  if geoid == ""
.     assert missing(population)        if geoid == ""
.     assert main_sample == 0 | missing(main_sample) if geoid == ""
. 
.     drop if geoid == ""
(17 observations deleted)
. }

. if `_norphan' != 17 {
.     display as error "  NOTE: expected 17 blank-geoid orphan rows; got `_norph
> an'." ///
>         "  Something changed in the collision merge -- find out what before" /
> //
>         "  using this table."
. }

. 
. * -- now the key holds outright
. isid geoid year

. 
. assert strlen(geoid) == 5

. assert real(geoid) < .

. 
. egen county_id = group(geoid)

. egen state_id  = group(state)
(108,657 missing values generated)

. label variable county_id "Numeric county id from geoid -- working variable for
>  reghdfe absorb()"

. label variable state_id  "Numeric state id from state postal abbreviation -- w
> orking variable"

. 
. capture confirm variable main_sample

. if _rc {
.     display as error "main_sample not found -- is this the merged panel?"
.     exit 111
. }

. global SMAIN   "main_sample == 1"

. global SAGENCY "main_sample_agency == 1"

. 
. * main_sample_agency must be a strict subset of main_sample.
. assert main_sample == 1 if main_sample_agency == 1

. assert inrange(year, 2005, 2014) if main_sample == 1

. 
. *=============================================================================
> =
. * SECTION 2: OUTCOME
. *=============================================================================
> =
. 
. /*------------------------------------------------------------------------
> 
> [DECIDE] THE OUTCOME IS log(harvest_total + 1), NOT log(harvest).
> 
>    Three county-years inside main_sample report a harvest of exactly 0.
>    Those are reported zeros in low-deer counties, and log() would drop 
>    them. Adding 1 keeps the panel balanced at a cost that is
>    numerically irrelevant everywhere else -- harvest runs in the hundreds
>    to tens of thousands, so log(x+1) and log(x) agree to four decimals
>    outside those three rows.
>    
>    The log is taken on harvest_total, the source-reported total from the 
>    national append -- NOT on harvest_total_cwd_imputed, which should stay 
>    out of any estimate.
> 
> ------------------------------------------------------------------------*/
. 
. capture drop ln_harvest

. generate double ln_harvest = ln(harvest_total + 1)
(109,029 missing values generated)

. label variable ln_harvest "log(total deer harvest + 1)"

. 
. * The reported zeros, named in the log so the +1 is visible rather than
. * buried in the generate line above. Three on the current vintage; a NOTE
. * rather than an assert, since the count depends on the input panel.
. quietly count if $SMAIN & harvest_total == 0

. local _nzero = r(N)

. display as text "  main_sample county-years with harvest_total == 0: `_nzero'"
>  ///
>     "  (retained via log(x+1), see [DECIDE] 8)"
  main_sample county-years with harvest_total == 0: 3  (retained via log(x+1), s
> ee [DECIDE] 8)

. if `_nzero' != 3 {
.     display as error "  NOTE: expected 3 reported zeros in main_sample; got `_
> nzero'."
. }

. 
. assert !missing(ln_harvest) if $SMAIN & !missing(harvest_total)

. assert ln_harvest >= 0 if !missing(ln_harvest)

. 
. global Y    "ln_harvest"

. global YLAB "log(harvest + 1)"

. 
. *=============================================================================
> =
. * SECTION 3: CONTROL SETS
. *=============================================================================
> =
. 
. /*------------------------------------------------------------------------
> 
> Two control globals, built by loop so the log records exactly what went into 
> the regression and a change to the month range is a one-line edit.
> 
> [DECIDE] CONTEMPORANEOUS WEATHER CONTROLS ARE MARCH-NOVEMBER ONLY.
> 
>    Monthly mean temperature, heavy-precipitation days (>10mm) and total
>    snowfall, m3 through m11 of year t. December through February are
>    deliberately EXCLUDED: the winter regressor is built from Dec/Jan/Feb,
>    and controlling for those months would partial out the variation the
>    table is about.
> 
>    total_snowfall_mm_m7 (July) and total_snowfall_mm_m8 (August) are 
>    identically zero in every county-year of the estimation window. They are 
>    dropped from the control global explicitly rather than left for reghdfe to 
>    report as omitted, so the count of controls in the log is the count actuall
> y 
>    estimated: 25, not 27.
> 
> [DECIDE] AGE SHARES: 17 OF 18, pop_share_0_4 OMITTED.
> 
>    The 18 shares sum to 1 by construction, so one has to go. Dropping
>    pop_share_0_4 means the omitted category is the same in every column of 
>    every table and does not change if the panel is rebuilt.
> 
> ------------------------------------------------------------------------*/
. 
. *--------------------------------- 3a. ---------------------------------------
. 
. global pptmode "days"          // "days" | "total" | "both"

. assert inlist("$pptmode", "days", "total", "both")

. 
. global wctrl ""

. forvalues m = 3/11 {
  2.     global wctrl "$wctrl mean_temp_c_m`m'"
  3.     if inlist("$pptmode", "days", "both") {
  4.         global wctrl "$wctrl days_precip_above_10mm_m`m'"
  5.     }
  6.     if inlist("$pptmode", "total", "both") {
  7.         global wctrl "$wctrl ppt_total_m`m'"
  8.     }
  9.     if !inlist(`m', 7, 8) {
 10.         global wctrl "$wctrl total_snowfall_mm_m`m'"
 11.     }
 12. }

. 
. * Re-verify the July/August exclusion: if a rebuilt weather panel ever puts 
. * nonzero snowfall in those months, this fires and the exclusion needs 
. * revisiting.
. foreach m in 7 8 {
  2.     quietly summarize total_snowfall_mm_m`m' if $SMAIN
  3.     assert r(max) == 0 | r(N) == 0
  4. }

. 
. local _nwexp = 25

. if "$pptmode" == "both" local _nwexp = 34

. 
. local _nw : word count $wctrl

. display as text "  weather controls (Mar-Nov of year t, pptmode = $pptmode): `
> _nw'"
  weather controls (Mar-Nov of year t, pptmode = days): 25

. assert `_nw' == `_nwexp'

. 
. *--------------------------------- 3b. ---------------------------------------
. 
. global agectrl ""

. foreach a in 5_9 10_14 15_19 20_24 25_29 30_34 35_39 40_44 45_49 50_54 ///
>              55_59 60_64 65_69 70_74 75_79 80_84 85plus {
  2.     global agectrl "$agectrl pop_share_`a'"
  3. }

. 
. local _na : word count $agectrl

. display as text "  age-share controls (pop_share_0_4 omitted): `_na'"
  age-share controls (pop_share_0_4 omitted): 17

. assert `_na' == 17

. 
. * The shares are supposed to sum to 1. If they do not, the omitted-category
. * logic is wrong and the age-share columns mean something else.
. capture drop _agesum

. egen double _agesum = rowtotal(pop_share_0_4 $agectrl), missing
(11,327 missing values generated)

. assert abs(_agesum - 1) < 1e-4 if !missing(_agesum)

. drop _agesum

. 
. *=============================================================================
> =
. * SECTION 4: PANEL DEFINITIONS AND THE SCALARS esttab REPORTS
. *=============================================================================
> =
. 
. /*------------------------------------------------------------------------
> 
> One local per panel, so the estimation loop in Section 5 is written once
> instead of four times.
> 
> [DECIDE] WINTER DATING. 
> 
>    All four winter measures as built are the winter IMMEDIATELY PRECEDING the 
>    fall-t hunting season (mean_winter_temp = Dec t-1 + Jan t + Feb t), so no l
> ag 
>    is applied here. Raynor's DVC chapter instruments with winter severity one 
> year 
>    further back, on the theory that the channel is fawn recruitment rather tha
> n
>    same-season condition. If that is the intended timing, every panel needs an
>  L1. 
>    and the whole table shifts. Can be a one-line change in Section 4.
> 
> [DECIDE] PANELS C AND D ARE NESTED, DELIBERATELY.
> 
>    winter_severity_index = wsi_cold_days + wsi_snow_days, so Panel C's
>    regressor is a component of Panel D's. They are reported as separate
>    panels (one regressor per panel, per the brainstorm doc), never
>    entered jointly, so the nesting is a reading caveat rather than a
>    collinearity problem. Panel D moving relative to Panel C is the snow
>    component doing work.
> 
> Coefficient labels are deliberately plain ASCII: a "$" inside a
> double-quoted Stata macro is read as a global-macro reference, so LaTeX
> math in a label ("\$^\circ\$C") does not survive the round trip. Add math
> mode in Overleaf later.
> 
> ------------------------------------------------------------------------*/
. 
. global pvarA "mean_winter_temp"

. global pvarB "warm_winter_1sd"

. global pvarC "wsi_cold_days"

. global pvarD "winter_severity_index"

. 
. global plabA "Mean winter temp (Dec t-1 + Jan t + Feb t, deg C)"

. global plabB "Winter temp anomaly (1 SD warmer than county norm)"

. global plabC "Extreme cold days (days with temp <= 0F)"

. global plabD "WSI (extreme cold days + days with >=18in snow depth)"

. 
. foreach P in A B C D {
  2.     capture confirm variable ${pvar`P'}
  3.     if _rc {
  4.         display as error "panel `P' regressor not found: ${pvar`P'}"
  5.         exit 111
  6.     }
  7. }

. 
. * ---- helper: the two scalars esttab cannot get from e() on its own ---------
. * n_clust comes straight from e(N_clust); n_county has to be counted off
. * e(sample). Called immediately after each reghdfe, before eststo stores the
. * estimates, so the added scalars travel with them.
. capture program drop addcounts

. program define addcounts
  1.     tempvar tag
  2.     quietly egen `tag' = tag(county_id) if e(sample)
  3.     quietly count if `tag' == 1
  4.     estadd scalar n_county = r(N)
  5.     estadd scalar n_clust  = e(N_clust)
  6. end

. 
. *=============================================================================
> =
. * SECTION 5: ESTIMATION AND EXPORT
. *=============================================================================
> =
. 
. /*------------------------------------------------------------------------
> 
> 24 regressions: 4 panels x 6 columns. The six columns are written out
> explicitly rather than looped, because each one carries a different set of
> estadd locals (the FE and control checkmarks the table prints) and a loop
> that assembled those would be harder to read than the repetition.
> 
> [DECIDE] THE HEADER BLOCK IS WRITTEN ONCE, FROM PANEL A.
> 
>    Panel A writes the specification header block so the loop must run A 
>    first. It does: foreach P in A B C D.
> 
>    esttab with cells(none) writes the sample / county / obs / FE /
>    control rows from Panel A's six stored estimates, then each panel
>    appends only coefficient, SE, R-squared and cluster count. That
>    produces spec block on top with four panels below in one file rather 
>    than four stacked tables that each repeat the header.
>   
> ------------------------------------------------------------------------*/
. 
. capture program drop run_panel

. program define run_panel
  1.     args P
  2. 
.     local x  "${pvar`P'}"
  3.     local xl "${plab`P'}"
  4. 
.     eststo clear
  5.     display as text _newline "{hline 78}"
  6.     display as text "PANEL `P': `x'"
  7.     display as text "{hline 78}"
  8. 
.     *--- col 1: county FE + year FE, all states ------------------------------
> -
.     quietly reghdfe $Y `x' if $SMAIN, ///
>         absorb(county_id year) vce(cluster county_id)
  9.     addcounts
 10.     estadd local fe_county "X"
 11.     estadd local fe_year   "X"
 12.     estadd local fe_styr   ""
 13.     estadd local ctrl_w    ""
 14.     estadd local ctrl_age  ""
 15.     estadd local samp      "All states"
 16.     eststo c1
 17. 
.     *--- col 2: county FE + state x year FE, all states ----------------------
> -
.     quietly reghdfe $Y `x' if $SMAIN, ///
>         absorb(county_id state_id#year) vce(cluster county_id)
 18.     addcounts
 19.     estadd local fe_county "X"
 20.     estadd local fe_year   ""
 21.     estadd local fe_styr   "X"
 22.     estadd local ctrl_w    ""
 23.     estadd local ctrl_age  ""
 24.     estadd local samp      "All states"
 25.     eststo c2
 26. 
.     *--- col 3: + contemporaneous weather ------------------------------------
.     quietly reghdfe $Y `x' $wctrl if $SMAIN, ///
>         absorb(county_id state_id#year) vce(cluster county_id)
 27.     addcounts
 28.     estadd local fe_county "X"
 29.     estadd local fe_year   ""
 30.     estadd local fe_styr   "X"
 31.     estadd local ctrl_w    "X"
 32.     estadd local ctrl_age  ""
 33.     estadd local samp      "All states"
 34.     eststo c3
 35. 
.     *--- col 4: + age shares -------------------------------------------------
.     quietly reghdfe $Y `x' $agectrl if $SMAIN, ///
>         absorb(county_id state_id#year) vce(cluster county_id)
 36.     addcounts
 37.     estadd local fe_county "X"
 38.     estadd local fe_year   ""
 39.     estadd local fe_styr   "X"
 40.     estadd local ctrl_w    ""
 41.     estadd local ctrl_age  "X"
 42.     estadd local samp      "All states"
 43.     eststo c4
 44. 
.     *--- col 5: + weather + age shares ---------------------------------------
.     quietly reghdfe $Y `x' $wctrl $agectrl if $SMAIN, ///
>         absorb(county_id state_id#year) vce(cluster county_id)
 45.     addcounts
 46.     estadd local fe_county "X"
 47.     estadd local fe_year   ""
 48.     estadd local fe_styr   "X"
 49.     estadd local ctrl_w    "X"
 50.     estadd local ctrl_age  "X"
 51.     estadd local samp      "All states"
 52.     eststo c5
 53. 
.     *--- col 6: same as col 5, agency-direct states only ---------------------
.     quietly reghdfe $Y `x' $wctrl $agectrl if $SAGENCY, ///
>         absorb(county_id state_id#year) vce(cluster county_id)
 54.     addcounts
 55.     estadd local fe_county "X"
 56.     estadd local fe_year   ""
 57.     estadd local fe_styr   "X"
 58.     estadd local ctrl_w    "X"
 59.     estadd local ctrl_age  "X"
 60.     estadd local samp      "Agency-direct"
 61.     eststo c6
 62. 
.     *--- the header block, from Panel A only ---------------------------------
.     if "`P'" == "A" {
 63. 
.         esttab c1 c2 c3 c4 c5 c6 using "$tables/table1_log_harvest.tex", ///
>             replace fragment booktabs cells(none) nomtitles nonumbers ///
>             stats(samp n_county N fe_county fe_year fe_styr ctrl_w ctrl_age, /
> //
>                   fmt(%s %9.0gc %9.0gc %s %s %s %s %s) ///
>                   labels("Sample included" "\# of counties" "\# of obs" ///
>                          "County FE" "Year FE" "State x year FE" ///
>                          "Contemporaneous weather controls (Mar-Nov, year t)" 
> ///
>                          "Age shares")) ///
>             prehead("% Table 1. Outcome = $YLAB." ///
>                     "% Generated by table1_log_harvest.do. SEs clustered on co
> unty." ///
>                     "% Stars: * p<0.10, ** p<0.05, *** p<0.01.") ///
>             postfoot("\midrule")
 64. 
.         esttab c1 c2 c3 c4 c5 c6 using "$tables/table1_log_harvest.csv", ///
>             replace plain cells(none) nomtitles ///
>             stats(samp n_county N fe_county fe_year fe_styr ctrl_w ctrl_age, /
> //
>                   fmt(%s %9.0gc %9.0gc %s %s %s %s %s) ///
>                   labels("Sample included" "# of counties" "# of obs" ///
>                          "County FE" "Year FE" "State x year FE" ///
>                          "Contemporaneous weather controls" "Age shares")) ///
>             title("Table 1 -- outcome = $YLAB")
 65.     }
 66. 
.     *--- this panel's coefficient rows ---------------------------------------
.     esttab c1 c2 c3 c4 c5 c6 using "$tables/table1_log_harvest.tex", ///
>         append fragment booktabs nomtitles nonumbers noobs ///
>         keep(`x') coeflabel(`x' "`xl'") ///
>         cells(b(star fmt(%9.4f)) se(par fmt(%9.4f))) ///
>         stats(r2 n_clust, fmt(%9.3f %9.0gc) ///
>               labels("R-squared" "\# of clusters")) ///
>         starlevels(* 0.10 ** 0.05 *** 0.01) ///
>         prehead("\multicolumn{7}{l}{\textit{Panel `P'}} \\") ///
>         postfoot("\addlinespace")
 67. 
.     esttab c1 c2 c3 c4 c5 c6 using "$tables/table1_log_harvest.csv", ///
>         append plain nomtitles noobs ///
>         keep(`x') coeflabel(`x' "`x'") ///
>         cells(b(star fmt(%9.4f)) se(par fmt(%9.4f))) ///
>         stats(r2 n_clust, fmt(%9.3f %9.0gc) labels("R-squared" "# of clusters"
> )) ///
>         starlevels(* 0.10 ** 0.05 *** 0.01) ///
>         title("Panel `P': `x'")
 68. 
.     *--- and into the log, where it can be read without leaving Stata --------
.     esttab c1 c2 c3 c4 c5 c6, ///
>         keep(`x') coeflabel(`x' "`xl'") ///
>         cells(b(star fmt(%9.4f)) se(par fmt(%9.4f))) ///
>         stats(r2 n_clust n_county N, fmt(%9.3f %9.0gc %9.0gc %9.0gc) ///
>               labels("R-squared" "# of clusters" "# of counties" "# of obs")) 
> ///
>         starlevels(* 0.10 ** 0.05 *** 0.01) ///
>         mtitles("(1)" "(2)" "(3)" "(4)" "(5)" "(6)") nonumbers
 69. end

. 
. * Panel A must run first -- it writes the specification header block.
. run_panel A

------------------------------------------------------------------------------
PANEL A: mean_winter_temp
------------------------------------------------------------------------------

added scalar:
           e(n_county) =  1116

added scalar:
            e(n_clust) =  1116

added macro:
          e(fe_county) : "X"

added macro:
            e(fe_year) : "X"

added macro:
            e(fe_styr) : ""

added macro:
             e(ctrl_w) : ""

added macro:
           e(ctrl_age) : ""

added macro:
               e(samp) : "All states"

added scalar:
           e(n_county) =  1116

added scalar:
            e(n_clust) =  1116

added macro:
          e(fe_county) : "X"

added macro:
            e(fe_year) : ""

added macro:
            e(fe_styr) : "X"

added macro:
             e(ctrl_w) : ""

added macro:
           e(ctrl_age) : ""

added macro:
               e(samp) : "All states"

added scalar:
           e(n_county) =  1116

added scalar:
            e(n_clust) =  1116

added macro:
          e(fe_county) : "X"

added macro:
            e(fe_year) : ""

added macro:
            e(fe_styr) : "X"

added macro:
             e(ctrl_w) : "X"

added macro:
           e(ctrl_age) : ""

added macro:
               e(samp) : "All states"

added scalar:
           e(n_county) =  1116

added scalar:
            e(n_clust) =  1116

added macro:
          e(fe_county) : "X"

added macro:
            e(fe_year) : ""

added macro:
            e(fe_styr) : "X"

added macro:
             e(ctrl_w) : ""

added macro:
           e(ctrl_age) : "X"

added macro:
               e(samp) : "All states"

added scalar:
           e(n_county) =  1116

added scalar:
            e(n_clust) =  1116

added macro:
          e(fe_county) : "X"

added macro:
            e(fe_year) : ""

added macro:
            e(fe_styr) : "X"

added macro:
             e(ctrl_w) : "X"

added macro:
           e(ctrl_age) : "X"

added macro:
               e(samp) : "All states"

added scalar:
           e(n_county) =  1017

added scalar:
            e(n_clust) =  1017

added macro:
          e(fe_county) : "X"

added macro:
            e(fe_year) : ""

added macro:
            e(fe_styr) : "X"

added macro:
             e(ctrl_w) : "X"

added macro:
           e(ctrl_age) : "X"

added macro:
               e(samp) : "Agency-direct"
(note: file /mnt/data_d/Dropbox/Research/AnimalCollisionsWeather/tables/table1_l
> og_harvest.tex not found)
(output written to /mnt/data_d/Dropbox/Research/AnimalCollisionsWeather/tables/t
> able1_log_harvest.tex)
(note: file /mnt/data_d/Dropbox/Research/AnimalCollisionsWeather/tables/table1_l
> og_harvest.csv not found)
(output written to /mnt/data_d/Dropbox/Research/AnimalCollisionsWeather/tables/t
> able1_log_harvest.csv)
(output written to /mnt/data_d/Dropbox/Research/AnimalCollisionsWeather/tables/t
> able1_log_harvest.tex)
(output written to /mnt/data_d/Dropbox/Research/AnimalCollisionsWeather/tables/t
> able1_log_harvest.csv)

--------------------------------------------------------------------------------
> ----------------------------
                      (1)             (2)             (3)             (4)       
>       (5)             (6)   
                     b/se            b/se            b/se            b/se       
>      b/se            b/se   
--------------------------------------------------------------------------------
> ----------------------------
Mean winte~        0.0299***      -0.0020         -0.0090         -0.0025       
>   -0.0093         -0.0146** 
                 (0.0028)        (0.0056)        (0.0058)        (0.0055)       
>  (0.0058)        (0.0069)   
--------------------------------------------------------------------------------
> ----------------------------
R-squared           0.974           0.983           0.983           0.983       
>     0.984           0.984   
# of clust~s        1,116           1,116           1,116           1,116       
>     1,116           1,017   
# of count~s        1,116           1,116           1,116           1,116       
>     1,116           1,017   
# of obs           11,160          11,160          11,160          11,160       
>    11,160          10,170   
--------------------------------------------------------------------------------
> ----------------------------

. run_panel B

------------------------------------------------------------------------------
PANEL B: warm_winter_1sd
------------------------------------------------------------------------------

added scalar:
           e(n_county) =  1116

added scalar:
            e(n_clust) =  1116

added macro:
          e(fe_county) : "X"

added macro:
            e(fe_year) : "X"

added macro:
            e(fe_styr) : ""

added macro:
             e(ctrl_w) : ""

added macro:
           e(ctrl_age) : ""

added macro:
               e(samp) : "All states"

added scalar:
           e(n_county) =  1116

added scalar:
            e(n_clust) =  1116

added macro:
          e(fe_county) : "X"

added macro:
            e(fe_year) : ""

added macro:
            e(fe_styr) : "X"

added macro:
             e(ctrl_w) : ""

added macro:
           e(ctrl_age) : ""

added macro:
               e(samp) : "All states"

added scalar:
           e(n_county) =  1116

added scalar:
            e(n_clust) =  1116

added macro:
          e(fe_county) : "X"

added macro:
            e(fe_year) : ""

added macro:
            e(fe_styr) : "X"

added macro:
             e(ctrl_w) : "X"

added macro:
           e(ctrl_age) : ""

added macro:
               e(samp) : "All states"

added scalar:
           e(n_county) =  1116

added scalar:
            e(n_clust) =  1116

added macro:
          e(fe_county) : "X"

added macro:
            e(fe_year) : ""

added macro:
            e(fe_styr) : "X"

added macro:
             e(ctrl_w) : ""

added macro:
           e(ctrl_age) : "X"

added macro:
               e(samp) : "All states"

added scalar:
           e(n_county) =  1116

added scalar:
            e(n_clust) =  1116

added macro:
          e(fe_county) : "X"

added macro:
            e(fe_year) : ""

added macro:
            e(fe_styr) : "X"

added macro:
             e(ctrl_w) : "X"

added macro:
           e(ctrl_age) : "X"

added macro:
               e(samp) : "All states"

added scalar:
           e(n_county) =  1017

added scalar:
            e(n_clust) =  1017

added macro:
          e(fe_county) : "X"

added macro:
            e(fe_year) : ""

added macro:
            e(fe_styr) : "X"

added macro:
             e(ctrl_w) : "X"

added macro:
           e(ctrl_age) : "X"

added macro:
               e(samp) : "Agency-direct"
(output written to /mnt/data_d/Dropbox/Research/AnimalCollisionsWeather/tables/t
> able1_log_harvest.tex)
(output written to /mnt/data_d/Dropbox/Research/AnimalCollisionsWeather/tables/t
> able1_log_harvest.csv)

--------------------------------------------------------------------------------
> ----------------------------
                      (1)             (2)             (3)             (4)       
>       (5)             (6)   
                     b/se            b/se            b/se            b/se       
>      b/se            b/se   
--------------------------------------------------------------------------------
> ----------------------------
Winter tem~r      -0.0373         -0.0019         -0.0064         -0.0026       
>   -0.0063         -0.0046   
                 (0.0273)        (0.0190)        (0.0190)        (0.0187)       
>  (0.0187)        (0.0216)   
--------------------------------------------------------------------------------
> ----------------------------
R-squared           0.974           0.983           0.983           0.983       
>     0.984           0.984   
# of clust~s        1,116           1,116           1,116           1,116       
>     1,116           1,017   
# of count~s        1,116           1,116           1,116           1,116       
>     1,116           1,017   
# of obs           11,160          11,160          11,160          11,160       
>    11,160          10,170   
--------------------------------------------------------------------------------
> ----------------------------

. run_panel C

------------------------------------------------------------------------------
PANEL C: wsi_cold_days
------------------------------------------------------------------------------

added scalar:
           e(n_county) =  1116

added scalar:
            e(n_clust) =  1116

added macro:
          e(fe_county) : "X"

added macro:
            e(fe_year) : "X"

added macro:
            e(fe_styr) : ""

added macro:
             e(ctrl_w) : ""

added macro:
           e(ctrl_age) : ""

added macro:
               e(samp) : "All states"

added scalar:
           e(n_county) =  1116

added scalar:
            e(n_clust) =  1116

added macro:
          e(fe_county) : "X"

added macro:
            e(fe_year) : ""

added macro:
            e(fe_styr) : "X"

added macro:
             e(ctrl_w) : ""

added macro:
           e(ctrl_age) : ""

added macro:
               e(samp) : "All states"

added scalar:
           e(n_county) =  1116

added scalar:
            e(n_clust) =  1116

added macro:
          e(fe_county) : "X"

added macro:
            e(fe_year) : ""

added macro:
            e(fe_styr) : "X"

added macro:
             e(ctrl_w) : "X"

added macro:
           e(ctrl_age) : ""

added macro:
               e(samp) : "All states"

added scalar:
           e(n_county) =  1116

added scalar:
            e(n_clust) =  1116

added macro:
          e(fe_county) : "X"

added macro:
            e(fe_year) : ""

added macro:
            e(fe_styr) : "X"

added macro:
             e(ctrl_w) : ""

added macro:
           e(ctrl_age) : "X"

added macro:
               e(samp) : "All states"

added scalar:
           e(n_county) =  1116

added scalar:
            e(n_clust) =  1116

added macro:
          e(fe_county) : "X"

added macro:
            e(fe_year) : ""

added macro:
            e(fe_styr) : "X"

added macro:
             e(ctrl_w) : "X"

added macro:
           e(ctrl_age) : "X"

added macro:
               e(samp) : "All states"

added scalar:
           e(n_county) =  1017

added scalar:
            e(n_clust) =  1017

added macro:
          e(fe_county) : "X"

added macro:
            e(fe_year) : ""

added macro:
            e(fe_styr) : "X"

added macro:
             e(ctrl_w) : "X"

added macro:
           e(ctrl_age) : "X"

added macro:
               e(samp) : "Agency-direct"
(output written to /mnt/data_d/Dropbox/Research/AnimalCollisionsWeather/tables/t
> able1_log_harvest.tex)
(output written to /mnt/data_d/Dropbox/Research/AnimalCollisionsWeather/tables/t
> able1_log_harvest.csv)

--------------------------------------------------------------------------------
> ----------------------------
                      (1)             (2)             (3)             (4)       
>       (5)             (6)   
                     b/se            b/se            b/se            b/se       
>      b/se            b/se   
--------------------------------------------------------------------------------
> ----------------------------
Extreme co~m      -0.0053***      -0.0032***      -0.0023***      -0.0032***    
>   -0.0023***      -0.0012   
                 (0.0005)        (0.0008)        (0.0008)        (0.0008)       
>  (0.0008)        (0.0009)   
--------------------------------------------------------------------------------
> ----------------------------
R-squared           0.974           0.983           0.983           0.983       
>     0.984           0.984   
# of clust~s        1,116           1,116           1,116           1,116       
>     1,116           1,017   
# of count~s        1,116           1,116           1,116           1,116       
>     1,116           1,017   
# of obs           11,160          11,160          11,160          11,160       
>    11,160          10,170   
--------------------------------------------------------------------------------
> ----------------------------

. run_panel D

------------------------------------------------------------------------------
PANEL D: winter_severity_index
------------------------------------------------------------------------------

added scalar:
           e(n_county) =  1116

added scalar:
            e(n_clust) =  1116

added macro:
          e(fe_county) : "X"

added macro:
            e(fe_year) : "X"

added macro:
            e(fe_styr) : ""

added macro:
             e(ctrl_w) : ""

added macro:
           e(ctrl_age) : ""

added macro:
               e(samp) : "All states"

added scalar:
           e(n_county) =  1116

added scalar:
            e(n_clust) =  1116

added macro:
          e(fe_county) : "X"

added macro:
            e(fe_year) : ""

added macro:
            e(fe_styr) : "X"

added macro:
             e(ctrl_w) : ""

added macro:
           e(ctrl_age) : ""

added macro:
               e(samp) : "All states"

added scalar:
           e(n_county) =  1116

added scalar:
            e(n_clust) =  1116

added macro:
          e(fe_county) : "X"

added macro:
            e(fe_year) : ""

added macro:
            e(fe_styr) : "X"

added macro:
             e(ctrl_w) : "X"

added macro:
           e(ctrl_age) : ""

added macro:
               e(samp) : "All states"

added scalar:
           e(n_county) =  1116

added scalar:
            e(n_clust) =  1116

added macro:
          e(fe_county) : "X"

added macro:
            e(fe_year) : ""

added macro:
            e(fe_styr) : "X"

added macro:
             e(ctrl_w) : ""

added macro:
           e(ctrl_age) : "X"

added macro:
               e(samp) : "All states"

added scalar:
           e(n_county) =  1116

added scalar:
            e(n_clust) =  1116

added macro:
          e(fe_county) : "X"

added macro:
            e(fe_year) : ""

added macro:
            e(fe_styr) : "X"

added macro:
             e(ctrl_w) : "X"

added macro:
           e(ctrl_age) : "X"

added macro:
               e(samp) : "All states"

added scalar:
           e(n_county) =  1017

added scalar:
            e(n_clust) =  1017

added macro:
          e(fe_county) : "X"

added macro:
            e(fe_year) : ""

added macro:
            e(fe_styr) : "X"

added macro:
             e(ctrl_w) : "X"

added macro:
           e(ctrl_age) : "X"

added macro:
               e(samp) : "Agency-direct"
(output written to /mnt/data_d/Dropbox/Research/AnimalCollisionsWeather/tables/t
> able1_log_harvest.tex)
(output written to /mnt/data_d/Dropbox/Research/AnimalCollisionsWeather/tables/t
> able1_log_harvest.csv)

--------------------------------------------------------------------------------
> ----------------------------
                      (1)             (2)             (3)             (4)       
>       (5)             (6)   
                     b/se            b/se            b/se            b/se       
>      b/se            b/se   
--------------------------------------------------------------------------------
> ----------------------------
WSI (extre~i      -0.0040***      -0.0032***      -0.0026***      -0.0030***    
>   -0.0025***      -0.0022***
                 (0.0005)        (0.0008)        (0.0006)        (0.0007)       
>  (0.0006)        (0.0007)   
--------------------------------------------------------------------------------
> ----------------------------
R-squared           0.974           0.983           0.984           0.983       
>     0.984           0.984   
# of clust~s        1,116           1,116           1,116           1,116       
>     1,116           1,017   
# of count~s        1,116           1,116           1,116           1,116       
>     1,116           1,017   
# of obs           11,160          11,160          11,160          11,160       
>    11,160          10,170   
--------------------------------------------------------------------------------
> ----------------------------

. 
end of do-file

. do "/tmp/SD2513929.000000"

. display as text _newline "  estimation-sample size by winter measure (col 5 sp
> ec):"

  estimation-sample size by winter measure (col 5 spec):

. local _prev = -1

. foreach v in mean_winter_temp warm_winter_1sd wsi_cold_days winter_severity_in
> dex {
  2.     quietly count if $SMAIN & !missing($Y, `v', population, pop_share_5_9)
  3.     local _thisn = r(N)
  4.     display as text "    " %-24s "`v'" %8.0fc `_thisn'
  5.     if `_prev' != -1 {
  6.         assert `_thisn' == `_prev'
  7.     }
  8.     local _prev = `_thisn'
  9. }
    mean_winter_temp          11,160
    warm_winter_1sd           11,160
    wsi_cold_days             11,160
    winter_severity_index     11,160

. display as text "  all four panels rest on the same estimation sample ([DECIDE
> ] 10)"
  all four panels rest on the same estimation sample ([DECIDE] 10)

. 
end of do-file

. do "/tmp/SD2513929.000000"

. quietly {

. local _ns5 : word count `_s5'

. local _ns6 : word count `_s6'

. 
. display as text _newline "  cols 1-5: `_n5' obs | `_c5' counties | `_ns5' stat
> es"

  cols 1-5: 11160 obs | 1116 counties | 13 states

. display as text "    states: `_s5'"
    states: AR IA IN KY MD MO NC NY OH TN VA WI WV

. display as text "  col 6:    `_n6' obs | `_c6' counties | `_ns6' states"
  col 6:    10170 obs | 1017 counties | 12 states

. display as text "    states: `_s6'"
    states: AR IN KY MD MO NC NY OH TN VA WI WV

. 
. * Expected on the current vintage: 11,160 / 1,116 / 13 and 10,170 / 1,017 / 12
> .
. if `_n5' != 11160 | `_c5' != 1116 {
.     display as error "  NOTE: expected 11,160 obs / 1,116 counties in cols 1-5
> ;" ///
>         " got `_n5' / `_c5'. Check the merged-panel vintage before using this 
> table."
. }

. if `_n6' != 10170 | `_c6' != 1017 {
.     display as error "  NOTE: expected 10,170 obs / 1,017 counties in col 6;" 
> ///
>         " got `_n6' / `_c6'. Check the merged-panel vintage before using this 
> table."
. }

. 
end of do-file

. do "/tmp/SD2513929.000000"

. preserve

.     keep if $SMAIN & missing(mean_winter_temp)
(151,098 observations deleted)

.     if _N > 0 {
.         display as text _newline "  main_sample county-years with no weather/p
> opulation:"

  main_sample county-years with no weather/population:
.         contract state geoid county_name
.         list state geoid county_name _freq, sep(0) noobs

  +-------------------------------------------------+
  | state   geoid               county_name   _freq |
  |-------------------------------------------------|
  |    VA   51515         Bedford (City of)      10 |
  |    VA   51560   Clifton Forge (City of)      10 |
  |    VA   51780    South Boston (City of)      10 |
  +-------------------------------------------------+
.     }

. restore

. 
end of do-file

. do "/tmp/SD2513929.000000"

. codebook $Y if $SMAIN, compact

Variable      Obs Unique     Mean  Min       Max  Label
--------------------------------------------------------------------------------
ln_harvest  11190   4698  7.25833    0  9.893791  log(total deer harvest + 1)
--------------------------------------------------------------------------------

. summarize $Y mean_winter_temp warm_winter_1sd wsi_cold_days ///
>     winter_severity_index if $SMAIN

    Variable |        Obs        Mean    Std. Dev.       Min        Max
-------------+---------------------------------------------------------
  ln_harvest |     11,190     7.25833    1.213296          0   9.893791
mean_winte~p |     11,160    .2324257      4.5303  -16.02864   10.71492
warm_win~1sd |     11,160    .1064516    .3084286          0          1
wsi_cold_d~s |     11,160     5.12491    10.17665          0         77
winter_sev~x |     11,160    5.797581    12.84081          0        157

. 
. display as text _newline "  Table 1 written to:"

  Table 1 written to:

. display as text "    $tables/table1_log_harvest.tex"
    /mnt/data_d/Dropbox/Research/AnimalCollisionsWeather/tables/table1_log_harve
> st.tex

. display as text "    $tables/table1_log_harvest.csv"
    /mnt/data_d/Dropbox/Research/AnimalCollisionsWeather/tables/table1_log_harve
> st.csv

. 
. log close
      name:  <unnamed>
       log:  /mnt/data_d/Dropbox/Research/AnimalCollisionsWeather/codeSTATA/logs
> /table1_log_harvest.log
  log type:  text
 closed on:   9 Sep 2026, 15:57:49
--------------------------------------------------------------------------------
