This is pdfTeX, Version 3.141592653-2.6-1.40.28 (TeX Live 2025/Debian) (preloaded format=pdflatex 2026.8.31)  11 SEP 2026 09:51
entering extended mode
 restricted \write18 enabled.
 %&-line parsing enabled.
**report__2026_09_11.tex
(./report__2026_09_11.tex
LaTeX2e <2025-11-01>
L3 programming layer <2026-01-19>
(/usr/share/texlive/texmf-dist/tex/latex/base/article.cls
Document Class: article 2025/01/22 v1.4n Standard LaTeX document class
(/usr/share/texlive/texmf-dist/tex/latex/base/size11.clo
File: size11.clo 2025/01/22 v1.4n Standard LaTeX file (size option)
)
\c@part=\count275
\c@section=\count276
\c@subsection=\count277
\c@subsubsection=\count278
\c@paragraph=\count279
\c@subparagraph=\count280
\c@figure=\count281
\c@table=\count282
\abovecaptionskip=\skip49
\belowcaptionskip=\skip50
\bibindent=\dimen148
)
(/usr/share/texlive/texmf-dist/tex/latex/base/fontenc.sty
Package: fontenc 2025/07/18 v2.1d Standard LaTeX package
)
(/usr/share/texlive/texmf-dist/tex/latex/base/inputenc.sty
Package: inputenc 2024/02/08 v1.3d Input encoding file
\inpenc@prehook=\toks17
\inpenc@posthook=\toks18
)
(/usr/share/texlive/texmf-dist/tex/latex/base/textcomp.sty
Package: textcomp 2024/04/24 v2.1b Standard LaTeX package
)
(/usr/share/texmf/tex/latex/lm/lmodern.sty
Package: lmodern 2015/05/01 v1.6.1 Latin Modern Fonts
LaTeX Font Info:    Overwriting symbol font `operators' in version `normal'
(Font)                  OT1/cmr/m/n --> OT1/lmr/m/n on input line 22.
LaTeX Font Info:    Overwriting symbol font `letters' in version `normal'
(Font)                  OML/cmm/m/it --> OML/lmm/m/it on input line 23.
LaTeX Font Info:    Overwriting symbol font `symbols' in version `normal'
(Font)                  OMS/cmsy/m/n --> OMS/lmsy/m/n on input line 24.
LaTeX Font Info:    Overwriting symbol font `largesymbols' in version `normal'
(Font)                  OMX/cmex/m/n --> OMX/lmex/m/n on input line 25.
LaTeX Font Info:    Overwriting symbol font `operators' in version `bold'
(Font)                  OT1/cmr/bx/n --> OT1/lmr/bx/n on input line 26.
LaTeX Font Info:    Overwriting symbol font `letters' in version `bold'
(Font)                  OML/cmm/b/it --> OML/lmm/b/it on input line 27.
LaTeX Font Info:    Overwriting symbol font `symbols' in version `bold'
(Font)                  OMS/cmsy/b/n --> OMS/lmsy/b/n on input line 28.
LaTeX Font Info:    Overwriting symbol font `largesymbols' in version `bold'
(Font)                  OMX/cmex/m/n --> OMX/lmex/m/n on input line 29.
LaTeX Font Info:    Overwriting math alphabet `\mathbf' in version `normal'
(Font)                  OT1/cmr/bx/n --> OT1/lmr/bx/n on input line 31.
LaTeX Font Info:    Overwriting math alphabet `\mathsf' in version `normal'
(Font)                  OT1/cmss/m/n --> OT1/lmss/m/n on input line 32.
LaTeX Font Info:    Overwriting math alphabet `\mathit' in version `normal'
(Font)                  OT1/cmr/m/it --> OT1/lmr/m/it on input line 33.
LaTeX Font Info:    Overwriting math alphabet `\mathtt' in version `normal'
(Font)                  OT1/cmtt/m/n --> OT1/lmtt/m/n on input line 34.
LaTeX Font Info:    Overwriting math alphabet `\mathbf' in version `bold'
(Font)                  OT1/cmr/bx/n --> OT1/lmr/bx/n on input line 35.
LaTeX Font Info:    Overwriting math alphabet `\mathsf' in version `bold'
(Font)                  OT1/cmss/bx/n --> OT1/lmss/bx/n on input line 36.
LaTeX Font Info:    Overwriting math alphabet `\mathit' in version `bold'
(Font)                  OT1/cmr/bx/it --> OT1/lmr/bx/it on input line 37.
LaTeX Font Info:    Overwriting math alphabet `\mathtt' in version `bold'
(Font)                  OT1/cmtt/m/n --> OT1/lmtt/m/n on input line 38.
)
(/usr/share/texlive/texmf-dist/tex/latex/graphics/graphicx.sty
Package: graphicx 2024/12/31 v1.2e Enhanced LaTeX Graphics (DPC,SPQR)

(/usr/share/texlive/texmf-dist/tex/latex/graphics/keyval.sty
Package: keyval 2022/05/29 v1.15 key=value parser (DPC)
\KV@toks@=\toks19
)
(/usr/share/texlive/texmf-dist/tex/latex/graphics/graphics.sty
Package: graphics 2024/08/06 v1.4g Standard LaTeX Graphics (DPC,SPQR)

(/usr/share/texlive/texmf-dist/tex/latex/graphics/trig.sty
Package: trig 2023/12/02 v1.11 sin cos tan (DPC)
)
(/usr/share/texlive/texmf-dist/tex/latex/graphics-cfg/graphics.cfg
File: graphics.cfg 2016/06/04 v1.11 sample graphics configuration
)
Package graphics Info: Driver file: pdftex.def on input line 106.

(/usr/share/texlive/texmf-dist/tex/latex/graphics-def/pdftex.def
File: pdftex.def 2025/09/29 v1.2d Graphics/color driver for pdftex
))
\Gin@req@height=\dimen149
\Gin@req@width=\dimen150
)
(/usr/share/texlive/texmf-dist/tex/latex/xcolor/xcolor.sty
Package: xcolor 2024/09/29 v3.02 LaTeX color extensions (UK)

(/usr/share/texlive/texmf-dist/tex/latex/graphics-cfg/color.cfg
File: color.cfg 2016/01/02 v1.6 sample color configuration
)

Package xcolor Warning: Package option `usenames' is obsolete and ignored on in
put line 265.

Package xcolor Info: Driver file: pdftex.def on input line 274.
(/usr/share/texlive/texmf-dist/tex/latex/graphics/mathcolor.ltx)
Package xcolor Info: Model `cmy' substituted by `cmy0' on input line 1349.
Package xcolor Info: Model `hsb' substituted by `rgb' on input line 1353.
Package xcolor Info: Model `RGB' extended on input line 1365.
Package xcolor Info: Model `HTML' substituted by `rgb' on input line 1367.
Package xcolor Info: Model `Hsb' substituted by `hsb' on input line 1368.
Package xcolor Info: Model `tHsb' substituted by `hsb' on input line 1369.
Package xcolor Info: Model `HSB' substituted by `hsb' on input line 1370.
Package xcolor Info: Model `Gray' substituted by `gray' on input line 1371.
Package xcolor Info: Model `wave' substituted by `hsb' on input line 1372.
)
(/usr/share/texlive/texmf-dist/tex/latex/graphics/dvipsnam.def
File: dvipsnam.def 2016/06/17 v3.0m Driver-dependent file (DPC,SPQR)
)
(/usr/share/texlive/texmf-dist/tex/latex/colortbl/colortbl.sty
Package: colortbl 2024/10/29 v1.0k Color table columns (DPC)

(/usr/share/texlive/texmf-dist/tex/latex/tools/array.sty
Package: array 2025/09/25 v2.6n Tabular extension package (FMi)
\col@sep=\dimen151
\ar@mcellbox=\box53
\extrarowheight=\dimen152
\NC@list=\toks20
\extratabsurround=\skip51
\backup@length=\skip52
\ar@cellbox=\box54
)
\everycr=\toks21
\minrowclearance=\skip53
\rownum=\count283
)
(/usr/share/texlive/texmf-dist/tex/latex/pdfpages/pdfpages.sty
Package: pdfpages 2025/07/23 v0.6g Insert pages of external PDF documents (AM)

(/usr/share/texlive/texmf-dist/tex/latex/base/ifthen.sty
Package: ifthen 2024/03/16 v1.1e Standard LaTeX ifthen package (DPC)
)
(/usr/share/texlive/texmf-dist/tex/latex/tools/calc.sty
Package: calc 2025/03/01 v4.3b Infix arithmetic (KKT,FJ)
\calc@Acount=\count284
\calc@Bcount=\count285
\calc@Adimen=\dimen153
\calc@Bdimen=\dimen154
\calc@Askip=\skip54
\calc@Bskip=\skip55
LaTeX Info: Redefining \setlength on input line 86.
LaTeX Info: Redefining \addtolength on input line 87.
\calc@Ccount=\count286
\calc@Cskip=\skip56
)
(/usr/share/texlive/texmf-dist/tex/latex/eso-pic/eso-pic.sty
Package: eso-pic 2025/12/10 v3.0d eso-pic (RN)
\ESO@tempdima=\dimen155
\ESO@tempdimb=\dimen156
)
(/usr/share/texlive/texmf-dist/tex/latex/etoolbox/etoolbox.sty
Package: etoolbox 2025/10/02 v2.5m e-TeX tools for LaTeX (JAW)
\etb@tempcnta=\count287
)
\AM@pagewidth=\dimen157
\AM@pageheight=\dimen158
\AM@fboxrule=\dimen159

(/usr/share/texlive/texmf-dist/tex/latex/pdfpages/pppdftex.def
File: pppdftex.def 2025/07/23 v0.6g Pdfpages driver for pdfTeX (AM)
)
\pdfpages@includegraphics@status=\count288
\AM@pagebox=\box55
\AM@global@opts=\toks22
\AM@pagecnt=\count289
\AM@toc@title=\toks23
\AM@lof@heading=\toks24
\c@AM@survey=\count290
\AM@templatesizebox=\box56
)
(/usr/share/texlive/texmf-dist/tex/latex/geometry/geometry.sty
Package: geometry 2020/01/02 v5.9 Page Geometry

(/usr/share/texlive/texmf-dist/tex/generic/iftex/ifvtex.sty
Package: ifvtex 2019/10/25 v1.7 ifvtex legacy package. Use iftex instead.

(/usr/share/texlive/texmf-dist/tex/generic/iftex/iftex.sty
Package: iftex 2024/12/12 v1.0g TeX engine tests
))
\Gm@cnth=\count291
\Gm@cntv=\count292
\c@Gm@tempcnt=\count293
\Gm@bindingoffset=\dimen160
\Gm@wd@mp=\dimen161
\Gm@odd@mp=\dimen162
\Gm@even@mp=\dimen163
\Gm@layoutwidth=\dimen164
\Gm@layoutheight=\dimen165
\Gm@layouthoffset=\dimen166
\Gm@layoutvoffset=\dimen167
\Gm@dimlist=\toks25
)
(/usr/share/texlive/texmf-dist/tex/generic/babel/babel.sty
Package: babel 2026/01/18 v26.1 The multilingual framework for LuaLaTeX, pdfLaT
eX and XeLaTeX
\babel@savecnt=\count294
LaTeX Encoding Info:    Redeclaring text command \ij (encoding OT1) on input li
ne 2078.
LaTeX Encoding Info:    Redeclaring text command \IJ (encoding OT1) on input li
ne 2080.
LaTeX Encoding Info:    Redeclaring text command \ij (encoding T1) on input lin
e 2082.
LaTeX Encoding Info:    Redeclaring text command \IJ (encoding T1) on input lin
e 2083.
LaTeX Encoding Info:    Ignoring declaration for text command \ij (encoding ?) 
on input line 2084.
LaTeX Encoding Info:    Ignoring declaration for text command \IJ (encoding ?) 
on input line 2086.
LaTeX Encoding Info:    Ignoring declaration for text command \SS (encoding ?) 
on input line 2111.
\U@D=\dimen168
\l@unhyphenated=\language90

(/usr/share/texlive/texmf-dist/tex/generic/babel/txtbabel.def)
\bbl@readstream=\read2
\bbl@dirlevel=\count295

(/usr/share/texlive/texmf-dist/tex/generic/babel/locale/en/babel-english.tex)
Package babel Info: Importing font and identification data for english
(babel)             from babel-en.ini. Reported on input line 4330.

(/usr/share/texlive/texmf-dist/tex/generic/babel-english/english.ldf
Language: english 2017/06/06 v3.3r English support from the babel system
Package babel Info: Hyphen rules for 'canadian' set to \l@english
(babel)             (\language0). Reported on input line 102.
Package babel Info: Hyphen rules for 'australian' set to \l@ukenglish
(babel)             (\language87). Reported on input line 105.
Package babel Info: Hyphen rules for 'newzealand' set to \l@ukenglish
(babel)             (\language87). Reported on input line 108.
))
(/usr/share/texlive/texmf-dist/tex/latex/caption/caption.sty
Package: caption 2023/08/05 v3.6o Customizing captions (AR)

(/usr/share/texlive/texmf-dist/tex/latex/caption/caption3.sty
Package: caption3 2023/07/31 v2.4d caption3 kernel (AR)
\caption@tempdima=\dimen169
\captionmargin=\dimen170
\caption@leftmargin=\dimen171
\caption@rightmargin=\dimen172
\caption@width=\dimen173
\caption@indent=\dimen174
\caption@parindent=\dimen175
\caption@hangindent=\dimen176
Package caption Info: Standard document class detected.
)
\c@caption@flags=\count296
\c@continuedfloat=\count297
)
(/usr/share/texlive/texmf-dist/tex/latex/float/float.sty
Package: float 2001/11/08 v1.3d Float enhancements (AL)
\c@float@type=\count298
\float@exts=\toks26
\float@box=\box57
\@float@everytoks=\toks27
\@floatcapt=\box58
)
(/usr/share/texlive/texmf-dist/tex/latex/tools/longtable.sty
Package: longtable 2025-10-13 v4.24 Multi-page Table package (DPC)
\LTleft=\skip57
\LTright=\skip58
\LTpre=\skip59
\LTpost=\skip60
\LTchunksize=\count299
\LTcapwidth=\dimen177
\LT@head=\box59
\LT@firsthead=\box60
\LT@foot=\box61
\LT@lastfoot=\box62
\LT@gbox=\box63
\LT@cols=\count300
\LT@rows=\count301
\c@LT@tables=\count302
\c@LT@chunks=\count303
\LT@p@ftn=\toks28
)
(/usr/share/texlive/texmf-dist/tex/latex/booktabs/booktabs.sty
Package: booktabs 2020/01/12 v1.61803398 Publication quality tables
\heavyrulewidth=\dimen178
\lightrulewidth=\dimen179
\cmidrulewidth=\dimen180
\belowrulesep=\dimen181
\belowbottomsep=\dimen182
\aboverulesep=\dimen183
\abovetopsep=\dimen184
\cmidrulesep=\dimen185
\cmidrulekern=\dimen186
\defaultaddspace=\dimen187
\@cmidla=\count304
\@cmidlb=\count305
\@aboverulesep=\dimen188
\@belowrulesep=\dimen189
\@thisruleclass=\count306
\@lastruleclass=\count307
\@thisrulewidth=\dimen190
)
(/usr/share/texlive/texmf-dist/tex/latex/tools/tabularx.sty
Package: tabularx 2023/12/11 v2.12a `tabularx' package (DPC)
\TX@col@width=\dimen191
\TX@old@table=\dimen192
\TX@old@col=\dimen193
\TX@target=\dimen194
\TX@delta=\dimen195
\TX@cols=\count308
\TX@ftn=\toks29
)
(/usr/share/texlive/texmf-dist/tex/latex/enumitem/enumitem.sty
Package: enumitem 2025/02/06 v3.11 Customized lists
\labelindent=\skip61
\enit@outerparindent=\dimen196
\enit@toks=\toks30
\enit@inbox=\box64
\enit@count@id=\count309
\enitdp@description=\count310
)
(/usr/share/texlive/texmf-dist/tex/latex/url/url.sty
\Urlmuskip=\muskip17
Package: url 2013/09/16  ver 3.4  Verb mode for urls, etc.
)
(/usr/share/texlive/texmf-dist/tex/latex/hyperref/hyperref.sty
Package: hyperref 2025-07-12 v7.01o Hypertext links for LaTeX

(/usr/share/texlive/texmf-dist/tex/latex/kvsetkeys/kvsetkeys.sty
Package: kvsetkeys 2022-10-05 v1.19 Key value parser (HO)
)
(/usr/share/texlive/texmf-dist/tex/generic/kvdefinekeys/kvdefinekeys.sty
Package: kvdefinekeys 2019-12-19 v1.6 Define keys (HO)
)
(/usr/share/texlive/texmf-dist/tex/generic/pdfescape/pdfescape.sty
Package: pdfescape 2019/12/09 v1.15 Implements pdfTeX's escape features (HO)

(/usr/share/texlive/texmf-dist/tex/generic/ltxcmds/ltxcmds.sty
Package: ltxcmds 2023-12-04 v1.26 LaTeX kernel commands for general use (HO)
)
(/usr/share/texlive/texmf-dist/tex/generic/pdftexcmds/pdftexcmds.sty
Package: pdftexcmds 2020-06-27 v0.33 Utility functions of pdfTeX for LuaTeX (HO
)

(/usr/share/texlive/texmf-dist/tex/generic/infwarerr/infwarerr.sty
Package: infwarerr 2019/12/03 v1.5 Providing info/warning/error messages (HO)
)
Package pdftexcmds Info: \pdf@primitive is available.
Package pdftexcmds Info: \pdf@ifprimitive is available.
Package pdftexcmds Info: \pdfdraftmode found.
))
(/usr/share/texlive/texmf-dist/tex/latex/hycolor/hycolor.sty
Package: hycolor 2020-01-27 v1.10 Color options for hyperref/bookmark (HO)
)
(/usr/share/texlive/texmf-dist/tex/latex/hyperref/nameref.sty
Package: nameref 2025-06-21 v2.57 Cross-referencing by name of section

(/usr/share/texlive/texmf-dist/tex/latex/refcount/refcount.sty
Package: refcount 2019/12/15 v3.6 Data extraction from label references (HO)
)
(/usr/share/texlive/texmf-dist/tex/generic/gettitlestring/gettitlestring.sty
Package: gettitlestring 2019/12/15 v1.6 Cleanup title references (HO)

(/usr/share/texlive/texmf-dist/tex/latex/kvoptions/kvoptions.sty
Package: kvoptions 2022-06-15 v3.15 Key value format for package options (HO)
))
\c@section@level=\count311
)
(/usr/share/texlive/texmf-dist/tex/generic/stringenc/stringenc.sty
Package: stringenc 2019/11/29 v1.12 Convert strings between diff. encodings (HO
)
)
\@linkdim=\dimen197
\Hy@linkcounter=\count312
\Hy@pagecounter=\count313

(/usr/share/texlive/texmf-dist/tex/latex/hyperref/pd1enc.def
File: pd1enc.def 2025-07-12 v7.01o Hyperref: PDFDocEncoding definition (HO)
Now handling font encoding PD1 ...
... no UTF-8 mapping file for font encoding PD1
)
(/usr/share/texlive/texmf-dist/tex/generic/intcalc/intcalc.sty
Package: intcalc 2019/12/15 v1.3 Expandable calculations with integers (HO)
)
\Hy@SavedSpaceFactor=\count314

(/usr/share/texlive/texmf-dist/tex/latex/hyperref/puenc.def
File: puenc.def 2025-07-12 v7.01o Hyperref: PDF Unicode definition (HO)
Now handling font encoding PU ...
... no UTF-8 mapping file for font encoding PU
)
Package hyperref Info: Option `colorlinks' set `true' on input line 4066.
Package hyperref Info: Hyper figures OFF on input line 4195.
Package hyperref Info: Link nesting OFF on input line 4200.
Package hyperref Info: Hyper index ON on input line 4203.
Package hyperref Info: Plain pages OFF on input line 4210.
Package hyperref Info: Backreferencing OFF on input line 4215.
Package hyperref Info: Implicit mode ON; LaTeX internals redefined.
Package hyperref Info: Bookmarks ON on input line 4462.
\c@Hy@tempcnt=\count315
LaTeX Info: Redefining \url on input line 4801.
\XeTeXLinkMargin=\dimen198

(/usr/share/texlive/texmf-dist/tex/generic/bitset/bitset.sty
Package: bitset 2019/12/09 v1.3 Handle bit-vector datatype (HO)

(/usr/share/texlive/texmf-dist/tex/generic/bigintcalc/bigintcalc.sty
Package: bigintcalc 2019/12/15 v1.5 Expandable calculations on big integers (HO
)
))
\Fld@menulength=\count316
\Field@Width=\dimen199
\Fld@charsize=\dimen256
Package hyperref Info: Hyper figures OFF on input line 6078.
Package hyperref Info: Link nesting OFF on input line 6083.
Package hyperref Info: Hyper index ON on input line 6086.
Package hyperref Info: backreferencing OFF on input line 6093.
Package hyperref Info: Link coloring ON on input line 6096.
Package hyperref Info: Link coloring with OCG OFF on input line 6103.
Package hyperref Info: PDF/A mode OFF on input line 6108.
\Hy@abspage=\count317
\c@Item=\count318
\c@Hfootnote=\count319
)
Package hyperref Info: Driver (autodetected): hpdftex.

(/usr/share/texlive/texmf-dist/tex/latex/hyperref/hpdftex.def
File: hpdftex.def 2025-07-12 v7.01o Hyperref driver for pdfTeX
\Fld@listcount=\count320
\c@bookmark@seq@number=\count321

(/usr/share/texlive/texmf-dist/tex/latex/rerunfilecheck/rerunfilecheck.sty
Package: rerunfilecheck 2025-06-21 v1.11 Rerun checks for auxiliary files (HO)

(/usr/share/texlive/texmf-dist/tex/generic/uniquecounter/uniquecounter.sty
Package: uniquecounter 2019/12/15 v1.4 Provide unlimited unique counter (HO)
)
Package uniquecounter Info: New unique counter `rerunfilecheck' on input line 2
84.
)
\Hy@SectionHShift=\skip62
)
   defining Unicode char U+2265 (decimal 8805)
   defining Unicode char U+2264 (decimal 8804)
   defining Unicode char U+00D7 (decimal 215)
   defining Unicode char U+2212 (decimal 8722)
   defining Unicode char U+2013 (decimal 8211)
   defining Unicode char U+2014 (decimal 8212)
   defining Unicode char U+00B0 (decimal 176)
   defining Unicode char U+00B2 (decimal 178)
   defining Unicode char U+2018 (decimal 8216)
   defining Unicode char U+2019 (decimal 8217)
   defining Unicode char U+201C (decimal 8220)
   defining Unicode char U+201D (decimal 8221)
   defining Unicode char U+03C3 (decimal 963)
LaTeX Font Info:    Trying to load font information for T1+lmr on input line 49
.

(/usr/share/texmf/tex/latex/lm/t1lmr.fd
File: t1lmr.fd 2015/05/01 v1.6.1 Font defs for Latin Modern
)
(/usr/share/texlive/texmf-dist/tex/latex/l3backend/l3backend-pdftex.def
File: l3backend-pdftex.def 2025-10-09 L3 backend support: PDF output (pdfTeX)
\l__color_backend_stack_int=\count322
)
(./report__2026_09_11.aux)
\openout1 = `report__2026_09_11.aux'.

LaTeX Font Info:    Checking defaults for OML/cmm/m/it on input line 49.
LaTeX Font Info:    ... okay on input line 49.
LaTeX Font Info:    Checking defaults for OMS/cmsy/m/n on input line 49.
LaTeX Font Info:    ... okay on input line 49.
LaTeX Font Info:    Checking defaults for OT1/cmr/m/n on input line 49.
LaTeX Font Info:    ... okay on input line 49.
LaTeX Font Info:    Checking defaults for T1/cmr/m/n on input line 49.
LaTeX Font Info:    ... okay on input line 49.
LaTeX Font Info:    Checking defaults for TS1/cmr/m/n on input line 49.
LaTeX Font Info:    ... okay on input line 49.
LaTeX Font Info:    Checking defaults for OMX/cmex/m/n on input line 49.
LaTeX Font Info:    ... okay on input line 49.
LaTeX Font Info:    Checking defaults for U/cmr/m/n on input line 49.
LaTeX Font Info:    ... okay on input line 49.
LaTeX Font Info:    Checking defaults for PD1/pdf/m/n on input line 49.
LaTeX Font Info:    ... okay on input line 49.
LaTeX Font Info:    Checking defaults for PU/pdf/m/n on input line 49.
LaTeX Font Info:    ... okay on input line 49.

(/usr/share/texlive/texmf-dist/tex/context/base/mkii/supp-pdf.mkii
[Loading MPS to PDF converter (version 2006.09.02).]
\scratchcounter=\count323
\scratchdimen=\dimen257
\scratchbox=\box65
\nofMPsegments=\count324
\nofMParguments=\count325
\everyMPshowfont=\toks31
\MPscratchCnt=\count326
\MPscratchDim=\dimen258
\MPnumerator=\count327
\makeMPintoPDFobject=\count328
\everyMPtoPDFconversion=\toks32
) (/usr/share/texlive/texmf-dist/tex/latex/epstopdf-pkg/epstopdf-base.sty
Package: epstopdf-base 2020-01-24 v2.11 Base part for package epstopdf
Package epstopdf-base Info: Redefining graphics rule for `.eps' on input line 4
85.

(/usr/share/texlive/texmf-dist/tex/latex/latexconfig/epstopdf-sys.cfg
File: epstopdf-sys.cfg 2010/07/13 v1.3 Configuration of (r)epstopdf for TeX Liv
e
))
(/usr/share/texlive/texmf-dist/tex/latex/pdflscape/pdflscape.sty
Package: pdflscape 2025-06-23 v0.14 Display of landscape pages in PDF

(/usr/share/texlive/texmf-dist/tex/latex/pdflscape/pdflscape-nometadata.sty
Package: pdflscape-nometadata 2025-06-23 v0.14 Display of landscape pages in PD
F (HO)

(/usr/share/texlive/texmf-dist/tex/latex/graphics/lscape.sty
Package: lscape 2020/05/28 v3.02 Landscape Pages (DPC)
)
Package pdflscape Info: Auto-detected driver: pdftex on input line 81.
))
*geometry* driver: auto-detecting
*geometry* detected driver: pdftex
*geometry* verbose mode - [ preamble ] result:
* driver: pdftex
* paper: letterpaper
* layout: <same size as paper>
* layoutoffset:(h,v)=(0.0pt,0.0pt)
* modes: 
* h-part:(L,W,R)=(65.04256pt, 484.20988pt, 65.04256pt)
* v-part:(T,H,B)=(65.04256pt, 664.88487pt, 65.04256pt)
* \paperwidth=614.295pt
* \paperheight=794.96999pt
* \textwidth=484.20988pt
* \textheight=664.88487pt
* \oddsidemargin=-7.22743pt
* \evensidemargin=-7.22743pt
* \topmargin=-44.22743pt
* \headheight=12.0pt
* \headsep=25.0pt
* \topskip=11.0pt
* \footskip=30.0pt
* \marginparwidth=59.0pt
* \marginparsep=10.0pt
* \columnsep=10.0pt
* \skip\footins=10.0pt plus 4.0pt minus 2.0pt
* \hoffset=0.0pt
* \voffset=0.0pt
* \mag=1000
* \@twocolumnfalse
* \@twosidefalse
* \@mparswitchfalse
* \@reversemarginfalse
* (1in=72.27pt=25.4mm, 1cm=28.453pt)

Package caption Info: Begin \AtBeginDocument code.
Package caption Info: float package is loaded.
Package caption Info: hyperref package is loaded.
Package caption Info: longtable package is loaded.
(/usr/share/texlive/texmf-dist/tex/latex/caption/ltcaption.sty
Package: ltcaption 2021/01/08 v1.4c longtable captions (AR)
)
Package caption Info: End \AtBeginDocument code.
Package hyperref Info: Link coloring ON on input line 49.

(./report__2026_09_11.out) (./report__2026_09_11.out)
\@outlinefile=\write3
\openout3 = `report__2026_09_11.out'.

LaTeX Font Info:    Trying to load font information for OT1+lmr on input line 5
5.

(/usr/share/texmf/tex/latex/lm/ot1lmr.fd
File: ot1lmr.fd 2015/05/01 v1.6.1 Font defs for Latin Modern
)
LaTeX Font Info:    Trying to load font information for OML+lmm on input line 5
5.

(/usr/share/texmf/tex/latex/lm/omllmm.fd
File: omllmm.fd 2015/05/01 v1.6.1 Font defs for Latin Modern
)
LaTeX Font Info:    Trying to load font information for OMS+lmsy on input line 
55.

(/usr/share/texmf/tex/latex/lm/omslmsy.fd
File: omslmsy.fd 2015/05/01 v1.6.1 Font defs for Latin Modern
)
LaTeX Font Info:    Trying to load font information for OMX+lmex on input line 
55.

(/usr/share/texmf/tex/latex/lm/omxlmex.fd
File: omxlmex.fd 2015/05/01 v1.6.1 Font defs for Latin Modern
)
LaTeX Font Info:    External font `lmex10' loaded for size
(Font)              <12> on input line 55.
LaTeX Font Info:    External font `lmex10' loaded for size
(Font)              <8> on input line 55.
LaTeX Font Info:    External font `lmex10' loaded for size
(Font)              <6> on input line 55.


LaTeX Warning: No \author given.

LaTeX Font Info:    Trying to load font information for T1+lmtt on input line 5
9.
(/usr/share/texmf/tex/latex/lm/t1lmtt.fd
File: t1lmtt.fd 2015/05/01 v1.6.1 Font defs for Latin Modern
)
LaTeX Font Info:    External font `lmex10' loaded for size
(Font)              <10> on input line 59.
LaTeX Font Info:    External font `lmex10' loaded for size
(Font)              <7> on input line 59.
LaTeX Font Info:    External font `lmex10' loaded for size
(Font)              <5> on input line 59.
LaTeX Font Info:    External font `lmex10' loaded for size
(Font)              <10.95> on input line 78.
 [1

{/var/lib/texmf/fonts/map/pdftex/updmap/pdftex.map}{/usr/share/texmf/fonts/enc/
dvips/lm/lm-ec.enc}]
(./report__2026_09_11.toc)
\tf@toc=\write4
\openout4 = `report__2026_09_11.toc'.

 [2] [3] [4{/usr/share/texmf/fonts/enc/dvips/lm/lm-mathsy.enc}]
<exhibits/prism_national_long_run_warming.pdf, id=93, 570.48839pt x 303.21046pt
>
File: exhibits/prism_national_long_run_warming.pdf Graphic file (type pdf)
<use exhibits/prism_national_long_run_warming.pdf>
Package pdftex.def Info: exhibits/prism_national_long_run_warming.pdf  used on 
input line 134.
(pdftex.def)             Requested size: 484.20988pt x 257.35997pt.
 [5

 <./exhibits/prism_national_long_run_warming.pdf>]
<exhibits/prism_national_long_run_warming_area_weighted.pdf, id=162, 570.39429p
t x 303.21046pt>
File: exhibits/prism_national_long_run_warming_area_weighted.pdf Graphic file (
type pdf)
<use exhibits/prism_national_long_run_warming_area_weighted.pdf>
Package pdftex.def Info: exhibits/prism_national_long_run_warming_area_weighted
.pdf  used on input line 142.
(pdftex.def)             Requested size: 484.20988pt x 257.40161pt.
 [6

 <./exhibits/prism_national_long_run_warming_area_weighted.pdf>]
<exhibits/prism_state_trends_pooled.pdf, id=231, 569.34863pt x 339.34546pt>
File: exhibits/prism_state_trends_pooled.pdf Graphic file (type pdf)
<use exhibits/prism_state_trends_pooled.pdf>
Package pdftex.def Info: exhibits/prism_state_trends_pooled.pdf  used on input 
line 150.
(pdftex.def)             Requested size: 484.20988pt x 288.60033pt.
LaTeX Font Info:    Trying to load font information for TS1+lmr on input line 1
54.

(/usr/share/texmf/tex/latex/lm/ts1lmr.fd
File: ts1lmr.fd 2015/05/01 v1.6.1 Font defs for Latin Modern
) [7

{/usr/share/texmf/fonts/enc/dvips/lm/lm-ts1.enc} <./exhibits/prism_state_trends
_pooled.pdf>]
<exhibits/prism_state_trends_pooled_by_region.pdf, id=290, 569.34863pt x 339.34
546pt>
File: exhibits/prism_state_trends_pooled_by_region.pdf Graphic file (type pdf)
<use exhibits/prism_state_trends_pooled_by_region.pdf>
Package pdftex.def Info: exhibits/prism_state_trends_pooled_by_region.pdf  used
 on input line 158.
(pdftex.def)             Requested size: 484.20988pt x 288.60033pt.
 [8

 <./exhibits/prism_state_trends_pooled_by_region.pdf>] [9

]
<exhibits/prism_winter_warming_data_section.pdf, id=360, 581.05081pt x 487.3217
pt>
File: exhibits/prism_winter_warming_data_section.pdf Graphic file (type pdf)
<use exhibits/prism_winter_warming_data_section.pdf>
Package pdftex.def Info: exhibits/prism_winter_warming_data_section.pdf  used o
n input line 169.
(pdftex.def)             Requested size: 484.20988pt x 406.11281pt.
 [10

 <./exhibits/prism_winter_warming_data_section.pdf>]
<exhibits/prism_mean_winter_temperature.pdf, id=418, 512.47144pt x 339.66899pt>

File: exhibits/prism_mean_winter_temperature.pdf Graphic file (type pdf)
<use exhibits/prism_mean_winter_temperature.pdf>
Package pdftex.def Info: exhibits/prism_mean_winter_temperature.pdf  used on in
put line 177.
(pdftex.def)             Requested size: 484.20988pt x 320.93706pt.
 [11

 <./exhibits/prism_mean_winter_temperature.pdf>]
<exhibits/prism_winter_temperature_early_vs_recent.pdf, id=458, 569.48758pt x 2
15.7494pt>
File: exhibits/prism_winter_temperature_early_vs_recent.pdf Graphic file (type 
pdf)
<use exhibits/prism_winter_temperature_early_vs_recent.pdf>
Package pdftex.def Info: exhibits/prism_winter_temperature_early_vs_recent.pdf 
 used on input line 185.
(pdftex.def)             Requested size: 484.20988pt x 183.44711pt.
 [12

 <./exhibits/prism_winter_temperature_early_vs_recent.pdf>]
<exhibits/prism_winter_temperature_change.pdf, id=510, 534.60556pt x 354.12299p
t>
File: exhibits/prism_winter_temperature_change.pdf Graphic file (type pdf)
<use exhibits/prism_winter_temperature_change.pdf>
Package pdftex.def Info: exhibits/prism_winter_temperature_change.pdf  used on 
input line 193.
(pdftex.def)             Requested size: 484.20988pt x 320.74483pt.
 [13

 <./exhibits/prism_winter_temperature_change.pdf>]
<exhibits/prism_extreme_cold_day_count.pdf, id=551, 534.60556pt x 354.12299pt>
File: exhibits/prism_extreme_cold_day_count.pdf Graphic file (type pdf)
<use exhibits/prism_extreme_cold_day_count.pdf>
Package pdftex.def Info: exhibits/prism_extreme_cold_day_count.pdf  used on inp
ut line 202.
(pdftex.def)             Requested size: 484.20988pt x 320.74483pt.
 [14

 <./exhibits/prism_extreme_cold_day_count.pdf>]
<exhibits/prism_extreme_cold_early_recent_change.pdf, id=590, 581.05081pt x 481
.03432pt>
File: exhibits/prism_extreme_cold_early_recent_change.pdf Graphic file (type pd
f)
<use exhibits/prism_extreme_cold_early_recent_change.pdf>
Package pdftex.def Info: exhibits/prism_extreme_cold_early_recent_change.pdf  u
sed on input line 210.
(pdftex.def)             Requested size: 484.20988pt x 400.87318pt.

[15

 <./exhibits/prism_extreme_cold_early_recent_change.pdf>]
<exhibits/prism_winter_severity_index.pdf, id=647, 512.47144pt x 339.66899pt>
File: exhibits/prism_winter_severity_index.pdf Graphic file (type pdf)
<use exhibits/prism_winter_severity_index.pdf>
Package pdftex.def Info: exhibits/prism_winter_severity_index.pdf  used on inpu
t line 219.
(pdftex.def)             Requested size: 484.20988pt x 320.93706pt.
 [16

 <./exhibits/prism_winter_severity_index.pdf>]
<exhibits/prism_winter_severity_index_sensitivity.pdf, id=680, 570.93298pt x 21
1.57512pt>
File: exhibits/prism_winter_severity_index_sensitivity.pdf Graphic file (type p
df)
<use exhibits/prism_winter_severity_index_sensitivity.pdf>
Package pdftex.def Info: exhibits/prism_winter_severity_index_sensitivity.pdf  
used on input line 227.
(pdftex.def)             Requested size: 484.20988pt x 179.44261pt.
 [17

 <./exhibits/prism_winter_severity_index_sensitivity.pdf>]
<exhibits/prism_anomalous_warm_winter_frequency_1sd.pdf, id=727, 512.81946pt x 
339.66899pt>
File: exhibits/prism_anomalous_warm_winter_frequency_1sd.pdf Graphic file (type
 pdf)
<use exhibits/prism_anomalous_warm_winter_frequency_1sd.pdf>
Package pdftex.def Info: exhibits/prism_anomalous_warm_winter_frequency_1sd.pdf
  used on input line 241.
(pdftex.def)             Requested size: 484.20988pt x 320.71938pt.
 [18

 <./exhibits/prism_anomalous_warm_winter_frequency_1sd.pdf>]
<exhibits/prism_anomalous_warm_winter_time_series_1sd.pdf, id=762, 570.36728pt 
x 303.21046pt>
File: exhibits/prism_anomalous_warm_winter_time_series_1sd.pdf Graphic file (ty
pe pdf)
<use exhibits/prism_anomalous_warm_winter_time_series_1sd.pdf>
Package pdftex.def Info: exhibits/prism_anomalous_warm_winter_time_series_1sd.p
df  used on input line 249.
(pdftex.def)             Requested size: 484.20988pt x 257.4155pt.

[19

 <./exhibits/prism_anomalous_warm_winter_time_series_1sd.pdf>]
<exhibits/prism_anomalous_warm_winter_frequency_2sd.pdf, id=820, 512.81946pt x 
339.66899pt>
File: exhibits/prism_anomalous_warm_winter_frequency_2sd.pdf Graphic file (type
 pdf)
<use exhibits/prism_anomalous_warm_winter_frequency_2sd.pdf>
Package pdftex.def Info: exhibits/prism_anomalous_warm_winter_frequency_2sd.pdf
  used on input line 257.
(pdftex.def)             Requested size: 484.20988pt x 320.71938pt.
 [20

 <./exhibits/prism_anomalous_warm_winter_frequency_2sd.pdf>]
<exhibits/prism_anomalous_warm_winter_time_series_2sd.pdf, id=858, 570.53918pt 
x 303.21046pt>
File: exhibits/prism_anomalous_warm_winter_time_series_2sd.pdf Graphic file (ty
pe pdf)
<use exhibits/prism_anomalous_warm_winter_time_series_2sd.pdf>
Package pdftex.def Info: exhibits/prism_anomalous_warm_winter_time_series_2sd.p
df  used on input line 265.
(pdftex.def)             Requested size: 484.20988pt x 257.33221pt.
 [21

 <./exhibits/prism_anomalous_warm_winter_time_series_2sd.pdf>]
<exhibits/prism_national_winter_temperature_deviations_by_decade.pdf, id=913, 5
70.22238pt x 324.81859pt>
File: exhibits/prism_national_winter_temperature_deviations_by_decade.pdf Graph
ic file (type pdf)
<use exhibits/prism_national_winter_temperature_deviations_by_decade.pdf>
Package pdftex.def Info: exhibits/prism_national_winter_temperature_deviations_
by_decade.pdf  used on input line 274.
(pdftex.def)             Requested size: 484.20988pt x 275.81953pt.
 [22

 <./exhibits/prism_national_winter_temperature_deviations_by_decade.pdf>]
<exhibits/prism_national_winter_temperature_deviations_by_decade_area_weighted.
pdf, id=966, 570.22238pt x 324.81859pt>
File: exhibits/prism_national_winter_temperature_deviations_by_decade_area_weig
hted.pdf Graphic file (type pdf)
<use exhibits/prism_national_winter_temperature_deviations_by_decade_area_weigh
ted.pdf>
Package pdftex.def Info: exhibits/prism_national_winter_temperature_deviations_
by_decade_area_weighted.pdf  used on input line 282.
(pdftex.def)             Requested size: 484.20988pt x 275.81953pt.
 [23

 <./exhibits/prism_national_winter_temperature_deviations_by_decade_area_weight
ed.pdf>]
<exhibits/prism_cross_season_anomaly_correlation.pdf, id=1019, 569.46565pt x 23
0.18372pt>
File: exhibits/prism_cross_season_anomaly_correlation.pdf Graphic file (type pd
f)
<use exhibits/prism_cross_season_anomaly_correlation.pdf>
Package pdftex.def Info: exhibits/prism_cross_season_anomaly_correlation.pdf  u
sed on input line 295.
(pdftex.def)             Requested size: 484.20988pt x 195.73082pt.
 [24

 <./exhibits/prism_cross_season_anomaly_correlation.pdf>]
<exhibits/prism_cross_season_trend_correlation.pdf, id=1072, 569.63756pt x 230.
1739pt>
File: exhibits/prism_cross_season_trend_correlation.pdf Graphic file (type pdf)

<use exhibits/prism_cross_season_trend_correlation.pdf>
Package pdftex.def Info: exhibits/prism_cross_season_trend_correlation.pdf  use
d on input line 303.
(pdftex.def)             Requested size: 484.20988pt x 195.65576pt.
 [25

 <./exhibits/prism_cross_season_trend_correlation.pdf>]
<exhibits/prism_era5_national_winter_temperature_comparison.pdf, id=1134, 570.2
2238pt x 324.89143pt>
File: exhibits/prism_era5_national_winter_temperature_comparison.pdf Graphic fi
le (type pdf)
<use exhibits/prism_era5_national_winter_temperature_comparison.pdf>
Package pdftex.def Info: exhibits/prism_era5_national_winter_temperature_compar
ison.pdf  used on input line 312.
(pdftex.def)             Requested size: 484.20988pt x 275.8814pt.
 [26

 <./exhibits/prism_era5_national_winter_temperature_comparison.pdf>]
<exhibits/prism_era5_national_winter_temperature_comparison_area_weighted.pdf, 
id=1189, 570.39429pt x 303.21046pt>
File: exhibits/prism_era5_national_winter_temperature_comparison_area_weighted.
pdf Graphic file (type pdf)
<use exhibits/prism_era5_national_winter_temperature_comparison_area_weighted.p
df>
Package pdftex.def Info: exhibits/prism_era5_national_winter_temperature_compar
ison_area_weighted.pdf  used on input line 320.
(pdftex.def)             Requested size: 484.20988pt x 257.40161pt.
 [27

 <./exhibits/prism_era5_national_winter_temperature_comparison_area_weighted.pd
f>]
Overfull \hbox (19.38724pt too wide) in paragraph at lines 329--329
\T1/lmr/m/n/10.95 means and keeps only win-ters com-plete on both month and day
 counts. build_main_data_county_year.do
 []

[28

] [29]
<exhibits/prism_state_long_run_warming.pdf, id=1258, 570.21031pt x 470.2491pt>
File: exhibits/prism_state_long_run_warming.pdf Graphic file (type pdf)
<use exhibits/prism_state_long_run_warming.pdf>
Package pdftex.def Info: exhibits/prism_state_long_run_warming.pdf  used on inp
ut line 364.
(pdftex.def)             Requested size: 570.20892pt x 470.24794pt.
<exhibits/prism_state_long_run_warming.pdf, id=1260, page=1, 570.21031pt x 470.
2491pt>
File: exhibits/prism_state_long_run_warming.pdf Graphic file (type pdf)
<use exhibits/prism_state_long_run_warming.pdf, page 1>
Package pdftex.def Info: exhibits/prism_state_long_run_warming.pdf , page1 used
 on input line 364.
(pdftex.def)             Requested size: 570.20892pt x 470.24794pt.
File: exhibits/prism_state_long_run_warming.pdf Graphic file (type pdf)
<use exhibits/prism_state_long_run_warming.pdf, page 1>
Package pdftex.def Info: exhibits/prism_state_long_run_warming.pdf , page1 used
 on input line 364.
(pdftex.def)             Requested size: 614.51286pt x 506.78514pt.
 [30

]
File: exhibits/prism_state_long_run_warming.pdf Graphic file (type pdf)
<use exhibits/prism_state_long_run_warming.pdf, page 1>
Package pdftex.def Info: exhibits/prism_state_long_run_warming.pdf , page1 used
 on input line 364.
(pdftex.def)             Requested size: 614.51286pt x 506.78514pt.
File: exhibits/prism_state_long_run_warming.pdf Graphic file (type pdf)
<use exhibits/prism_state_long_run_warming.pdf, page 1>
Package pdftex.def Info: exhibits/prism_state_long_run_warming.pdf , page1 used
 on input line 364.
(pdftex.def)             Requested size: 614.51286pt x 506.78514pt.
File: exhibits/prism_state_long_run_warming.pdf Graphic file (type pdf)
<use exhibits/prism_state_long_run_warming.pdf, page 1>
Package pdftex.def Info: exhibits/prism_state_long_run_warming.pdf , page1 used
 on input line 364.
(pdftex.def)             Requested size: 614.51286pt x 506.78514pt.
 [31

 <./exhibits/prism_state_long_run_warming.pdf>]
<exhibits/prism_state_long_run_warming.pdf, id=1345, page=2, 570.21031pt x 470.
2491pt>
File: exhibits/prism_state_long_run_warming.pdf Graphic file (type pdf)
<use exhibits/prism_state_long_run_warming.pdf, page 2>
Package pdftex.def Info: exhibits/prism_state_long_run_warming.pdf , page2 used
 on input line 364.
(pdftex.def)             Requested size: 614.51286pt x 506.78514pt.
File: exhibits/prism_state_long_run_warming.pdf Graphic file (type pdf)
<use exhibits/prism_state_long_run_warming.pdf, page 2>
Package pdftex.def Info: exhibits/prism_state_long_run_warming.pdf , page2 used
 on input line 364.
(pdftex.def)             Requested size: 614.51286pt x 506.78514pt.
File: exhibits/prism_state_long_run_warming.pdf Graphic file (type pdf)
<use exhibits/prism_state_long_run_warming.pdf, page 2>
Package pdftex.def Info: exhibits/prism_state_long_run_warming.pdf , page2 used
 on input line 364.
(pdftex.def)             Requested size: 614.51286pt x 506.78514pt.
 [32

 <./exhibits/prism_state_long_run_warming.pdf>]
<exhibits/prism_state_long_run_warming.pdf, id=1350, page=3, 570.21031pt x 470.
2491pt>
File: exhibits/prism_state_long_run_warming.pdf Graphic file (type pdf)
<use exhibits/prism_state_long_run_warming.pdf, page 3>
Package pdftex.def Info: exhibits/prism_state_long_run_warming.pdf , page3 used
 on input line 364.
(pdftex.def)             Requested size: 614.51286pt x 506.78514pt.
File: exhibits/prism_state_long_run_warming.pdf Graphic file (type pdf)
<use exhibits/prism_state_long_run_warming.pdf, page 3>
Package pdftex.def Info: exhibits/prism_state_long_run_warming.pdf , page3 used
 on input line 364.
(pdftex.def)             Requested size: 614.51286pt x 506.78514pt.
File: exhibits/prism_state_long_run_warming.pdf Graphic file (type pdf)
<use exhibits/prism_state_long_run_warming.pdf, page 3>
Package pdftex.def Info: exhibits/prism_state_long_run_warming.pdf , page3 used
 on input line 364.
(pdftex.def)             Requested size: 614.51286pt x 506.78514pt.
 [33

 <./exhibits/prism_state_long_run_warming.pdf>]
<exhibits/prism_state_long_run_warming.pdf, id=1355, page=4, 570.21031pt x 470.
2491pt>
File: exhibits/prism_state_long_run_warming.pdf Graphic file (type pdf)
<use exhibits/prism_state_long_run_warming.pdf, page 4>
Package pdftex.def Info: exhibits/prism_state_long_run_warming.pdf , page4 used
 on input line 364.
(pdftex.def)             Requested size: 614.51286pt x 506.78514pt.
File: exhibits/prism_state_long_run_warming.pdf Graphic file (type pdf)
<use exhibits/prism_state_long_run_warming.pdf, page 4>
Package pdftex.def Info: exhibits/prism_state_long_run_warming.pdf , page4 used
 on input line 364.
(pdftex.def)             Requested size: 614.51286pt x 506.78514pt.
File: exhibits/prism_state_long_run_warming.pdf Graphic file (type pdf)
<use exhibits/prism_state_long_run_warming.pdf, page 4>
Package pdftex.def Info: exhibits/prism_state_long_run_warming.pdf , page4 used
 on input line 364.
(pdftex.def)             Requested size: 614.51286pt x 506.78514pt.
 [34

 <./exhibits/prism_state_long_run_warming.pdf>]
<exhibits/prism_state_long_run_warming.pdf, id=1360, page=5, 570.21031pt x 470.
2491pt>
File: exhibits/prism_state_long_run_warming.pdf Graphic file (type pdf)
<use exhibits/prism_state_long_run_warming.pdf, page 5>
Package pdftex.def Info: exhibits/prism_state_long_run_warming.pdf , page5 used
 on input line 364.
(pdftex.def)             Requested size: 614.51286pt x 506.78514pt.
File: exhibits/prism_state_long_run_warming.pdf Graphic file (type pdf)
<use exhibits/prism_state_long_run_warming.pdf, page 5>
Package pdftex.def Info: exhibits/prism_state_long_run_warming.pdf , page5 used
 on input line 364.
(pdftex.def)             Requested size: 614.51286pt x 506.78514pt.
File: exhibits/prism_state_long_run_warming.pdf Graphic file (type pdf)
<use exhibits/prism_state_long_run_warming.pdf, page 5>
Package pdftex.def Info: exhibits/prism_state_long_run_warming.pdf , page5 used
 on input line 364.
(pdftex.def)             Requested size: 614.51286pt x 506.78514pt.
 [35

 <./exhibits/prism_state_long_run_warming.pdf>]
<exhibits/prism_state_long_run_warming.pdf, id=1365, page=6, 570.21031pt x 371.
09465pt>
File: exhibits/prism_state_long_run_warming.pdf Graphic file (type pdf)
<use exhibits/prism_state_long_run_warming.pdf, page 6>
Package pdftex.def Info: exhibits/prism_state_long_run_warming.pdf , page6 used
 on input line 364.
(pdftex.def)             Requested size: 614.51286pt x 399.92688pt.
File: exhibits/prism_state_long_run_warming.pdf Graphic file (type pdf)
<use exhibits/prism_state_long_run_warming.pdf, page 6>
Package pdftex.def Info: exhibits/prism_state_long_run_warming.pdf , page6 used
 on input line 364.
(pdftex.def)             Requested size: 614.51286pt x 399.92688pt.
File: exhibits/prism_state_long_run_warming.pdf Graphic file (type pdf)
<use exhibits/prism_state_long_run_warming.pdf, page 6>
Package pdftex.def Info: exhibits/prism_state_long_run_warming.pdf , page6 used
 on input line 364.
(pdftex.def)             Requested size: 614.51286pt x 399.92688pt.
 [36

 <./exhibits/prism_state_long_run_warming.pdf>] [37] (./report__2026_09_11.aux)
 ***********
LaTeX2e <2025-11-01>
L3 programming layer <2026-01-19>
 ***********
Package rerunfilecheck Info: File `report__2026_09_11.out' has not changed.
(rerunfilecheck)             Checksum: 38A87AB310A12C3F53508A625A0F6540;2249.
 ) 
Here is how much of TeX's memory you used:
 14324 strings out of 467533
 239905 string characters out of 5422138
 671056 words of memory out of 5000000
 42935 multiletter control sequences out of 15000+600000
 694446 words of font info for 81 fonts, out of 8000000 for 9000
 1141 hyphenation exceptions out of 8191
 75i,17n,84p,789b,607s stack positions out of 10000i,1000n,20000p,200000b,200000s
</usr/share/texmf/fonts/type1/public/lm/lmbx10.pfb></usr/share/texmf/fonts/ty
pe1/public/lm/lmbx12.pfb></usr/share/texmf/fonts/type1/public/lm/lmr10.pfb></us
r/share/texmf/fonts/type1/public/lm/lmr12.pfb></usr/share/texmf/fonts/type1/pub
lic/lm/lmr17.pfb></usr/share/texmf/fonts/type1/public/lm/lmr9.pfb></usr/share/t
exmf/fonts/type1/public/lm/lmri10.pfb></usr/share/texmf/fonts/type1/public/lm/l
mri9.pfb></usr/share/texmf/fonts/type1/public/lm/lmsy10.pfb></usr/share/texmf/f
onts/type1/public/lm/lmtt10.pfb>
Output written on report__2026_09_11.pdf (37 pages, 9831383 bytes).
PDF statistics:
 1448 PDF objects out of 1728 (max. 8388607)
 478 compressed objects within 5 object streams
 82 named destinations out of 1000 (max. 500000)
 247 words of extra memory for PDF output out of 10000 (max. 10000000)

