--------------------------------------------------------------------------------
      name:  <unnamed>
       log:  /mnt/data_d/Dropbox/Research/AnimalCollisionsWeather/codeSTATA/logs
> /regression_harvest_per1000.log
  log type:  text
 opened on:  10 Sep 2026, 16:04:17

. 
. cap mkdir "$tables"

. cap mkdir "$tables/wildlife_weather"

. 
end of do-file

. do "/tmp/SD3580875.000000"

. local _pkgmissing 0

. foreach ado in require.ado ftools.ado reghdfe.ado esttab.ado eststo.ado ///
>                estadd.ado {
  2.     capture findfile `ado'
  3.     if _rc {
  4.         display as error "  not on the ado-path: `ado'"
  5.         local _pkgmissing 1
  6.     }
  7. }

. if `_pkgmissing' {
.     display as error ""
.     display as error "  The files above are not visible to this Stata session.
> "
.     display as error "  If they are genuinely not installed, run the ssc insta
> ll"
.     display as error "  lines in the comment block above, in that order."
.     display as error ""
.     display as error "  If they ARE installed, the ado-path is the problem: th
> e"
.     display as error "  install went somewhere this session does not search (a
> "
.     display as error "  different user's PLUS, or a profile.do not running her
> e)."
.     display as error "  The paths Stata is searching:"
.     adopath
.     exit 199
. }

. display as text "  require / ftools / reghdfe / estout all present"
  require / ftools / reghdfe / estout all present

. 
end of do-file

. do "/tmp/SD3580875.000000"

. capture confirm file "$dataSTATA/main_data_county_year.dta"

. if _rc {
.     display as error "  not found: $dataSTATA/main_data_county_year.dta"
.     display as error "  (if the merged panel lives elsewhere, fix the path her
> e"
.     display as error "   and in the SOURCE FILES block above)"
.     exit 601
. }

. display as text "  input panel located"
  input panel located

. 
end of do-file

. do "/tmp/SD3580875.000000"

. use "$dataSTATA/main_data_county_year.dta", clear
(County-year main data file: PRISM weather + ERA5 snow (wide by month), winter s
> e)

. 
end of do-file

. do "/tmp/SD3580875.000000"

. capture drop _dupkey

. quietly duplicates tag geoid year, gen(_dupkey)

. assert _dupkey == 0

. drop _dupkey

. 
end of do-file

. do "/tmp/SD3580875.000000"

. quietly count if geoid == ""

. local _norphan = r(N)

. if `_norphan' > 0 {
.     display as text "  rows with a blank geoid: `_norphan'  (collision-only or
> phans)"
  rows with a blank geoid: 17  (collision-only orphans)
.     preserve
.         keep if geoid == ""
(151,128 observations deleted)
.         contract state_letter_code county_name
.         list state_letter_code county_name _freq, sep(0) noobs

  +-----------------------------+
  | state_~e   county~e   _freq |
  |-----------------------------|
  |       MN   st louis      17 |
  +-----------------------------+
.     restore
. 
.     * nothing any column of any table needs is on these rows
.     assert missing(harvest_total)     if geoid == ""
.     assert missing(mean_winter_temp)  if geoid == ""
.     assert missing(population)        if geoid == ""
.     assert main_sample == 0 | missing(main_sample) if geoid == ""
. 
.     drop if geoid == ""
(17 observations deleted)
. }

. if `_norphan' != 17 {
.     display as error "  NOTE: expected 17 blank-geoid orphan rows; got `_norph
> an'." ///
>         "  Something changed in the collision merge -- find out what before" /
> //
>         "  using this table."
. }

. 
. * -- now the key holds outright
. isid geoid year

. 
. assert strlen(geoid) == 5

. assert real(geoid) < .

. 
. egen county_id = group(geoid)

. egen state_id  = group(state)
(108,657 missing values generated)

. label variable county_id "Numeric county id from geoid -- working variable for
>  reghdfe absorb()"

. label variable state_id  "Numeric state id from state postal abbreviation -- w
> orking variable"

. 
. capture confirm variable main_sample

. if _rc {
.     display as error "main_sample not found -- is this the merged panel?"
.     exit 111
. }

. global SMAIN   "main_sample == 1"

. global SAGENCY "main_sample_agency == 1"

. 
. * main_sample_agency must be a strict subset of main_sample.
. assert main_sample == 1 if main_sample_agency == 1

. assert inrange(year, 2005, 2014) if main_sample == 1

. 
end of do-file

. do "/tmp/SD3580875.000000"

. capture drop harvest_per1000

. generate double harvest_per1000 = harvest_total / population * 1000
(120,263 missing values generated)

. label variable harvest_per1000 "Deer harvest per 1,000 residents"

. 
. * No zero-population counties in the panel, so the rate never divides by
. * zero. Asserted rather than trusted: a rebuilt population block with a
. * zero would silently produce missing rather than an error.
. quietly count if $SMAIN & population == 0

. assert r(N) == 0

. 
. * The reported zeros, named in the log for continuity with Table 1 -- here
. * they need no special handling, they are simply rate == 0.
. quietly count if $SMAIN & harvest_total == 0

. local _nzero = r(N)

. display as text "  main_sample county-years with harvest_total == 0: `_nzero'"
>  ///
>     "  (rate == 0, retained without adjustment)"
  main_sample county-years with harvest_total == 0: 3  (rate == 0, retained with
> out adjustment)

. if `_nzero' != 3 {
.     display as error "  NOTE: expected 3 reported zeros in main_sample; got `_
> nzero'."
. }

. 
. * The rate exists wherever both of its inputs do ...
. assert !missing(harvest_per1000) if $SMAIN & !missing(harvest_total, populatio
> n)

. assert harvest_per1000 >= 0 if !missing(harvest_per1000)

. 
. * ... and where it does not exist, the winter measures are missing too, so
. * the sample matches Table 1's. If this ever fires, the two tables are no
. * longer estimated on the same rows and cannot be read side by side.
. quietly count if $SMAIN & missing(population) & !missing(mean_winter_temp)

. if r(N) > 0 {
.     display as error "  NOTE: `r(N)' main_sample county-years have a winter" /
> //
>         " measure but no population. The rate table's sample no longer" ///
>         " matches regression_log_harvest.do -- reconcile before using both."
. }

. quietly count if $SMAIN & missing(population)

. display as text "  main_sample county-years with no population (rate missing):
>  `r(N)'"
  main_sample county-years with no population (rate missing): 30

. 
. global Y    "harvest_per1000"

. global YLAB "harvest per 1,000 residents"

. 
end of do-file

. do "/tmp/SD3580875.000000"

. global pptmode "days"          // "days" | "total" | "both"

. assert inlist("$pptmode", "days", "total", "both")

. 
. global wctrl ""

. forvalues m = 3/11 {
  2.     global wctrl "$wctrl mean_temp_c_m`m'"
  3.     if inlist("$pptmode", "days", "both") {
  4.         global wctrl "$wctrl days_precip_above_10mm_m`m'"
  5.     }
  6.     if inlist("$pptmode", "total", "both") {
  7.         global wctrl "$wctrl ppt_total_m`m'"
  8.     }
  9.     if !inlist(`m', 7, 8) {
 10.         global wctrl "$wctrl total_snowfall_mm_m`m'"
 11.     }
 12. }

. 
. * Re-verify the July/August exclusion: if a rebuilt weather panel ever puts
. * nonzero snowfall in those months, this fires and the exclusion needs
. * revisiting.
. foreach m in 7 8 {
  2.     quietly summarize total_snowfall_mm_m`m' if $SMAIN
  3.     assert r(max) == 0 | r(N) == 0
  4. }

. 
. local _nwexp = 25

. if "$pptmode" == "both" local _nwexp = 34

. 
. local _nw : word count $wctrl

. display as text "  weather controls (Mar-Nov of year t, pptmode = $pptmode): `
> _nw'"
  weather controls (Mar-Nov of year t, pptmode = days): 25

. assert `_nw' == `_nwexp'

. 
. *--------------------------------- 3b. ---------------------------------------
. 
. global agectrl ""

. foreach a in 5_9 10_14 15_19 20_24 25_29 30_34 35_39 40_44 45_49 50_54 ///
>              55_59 60_64 65_69 70_74 75_79 80_84 85plus {
  2.     global agectrl "$agectrl pop_share_`a'"
  3. }

. 
. local _na : word count $agectrl

. display as text "  age-share controls (pop_share_0_4 omitted): `_na'"
  age-share controls (pop_share_0_4 omitted): 17

. assert `_na' == 17

. 
. * The shares are supposed to sum to 1. If they do not, the omitted-category
. * logic is wrong and the age-share columns mean something else.
. capture drop _agesum

. egen double _agesum = rowtotal(pop_share_0_4 $agectrl), missing
(11,327 missing values generated)

. assert abs(_agesum - 1) < 1e-4 if !missing(_agesum)

. drop _agesum

. 
end of do-file

. do "/tmp/SD3580875.000000"

. global pvarA "mean_winter_temp"

. global pvarB "warm_winter_1sd"

. global pvarC "wsi_cold_days"

. global pvarD "winter_severity_index"

. 
. global plabA "Mean winter temp (Dec t-1 + Jan t + Feb t, deg C)"

. global plabB "Winter temp anomaly (1 SD warmer than county norm)"

. global plabC "Extreme cold days (days with temp <= 0F)"

. global plabD "WSI (extreme cold days + days with >=18in snow depth)"

. 
. foreach P in A B C D {
  2.     capture confirm variable ${pvar`P'}
  3.     if _rc {
  4.         display as error "panel `P' regressor not found: ${pvar`P'}"
  5.         exit 111
  6.     }
  7. }

. 
. * ---- helper: the two scalars esttab cannot get from e() on its own ---------
. * n_clust comes straight from e(N_clust); n_county has to be counted off
. * e(sample). Called immediately after each reghdfe, before eststo stores the
. * estimates, so the added scalars travel with them.
. capture program drop addcounts

. program define addcounts
  1.     tempvar tag
  2.     quietly egen `tag' = tag(county_id) if e(sample)
  3.     quietly count if `tag' == 1
  4.     estadd scalar n_county = r(N)
  5.     estadd scalar n_clust  = e(N_clust)
  6. end

. 
end of do-file

. do "/tmp/SD3580875.000000"

. capture program drop run_panel

. program define run_panel
  1.     args P
  2. 
.     local x  "${pvar`P'}"
  3.     local xl "${plab`P'}"
  4. 
.     * The b/se column labels are printed under Panel A only and suppressed in
.     * B-D, so the row appears once at the top of the table instead of four
.     * times. Panel A runs first, so "once" and "at the top" are the same thing
> .
.     local collab "collabels(none)"
  5.     if "`P'" == "A" local collab ""
  6. 
.     * Panel D is the last one written, so it must not end with a command that
.     * scans ahead for an optional argument -- \addlinespace does, and at the e
> nd
.     * of an \input'ed fragment that lookahead crosses into the wrapper and
.     * swallows whatever follows (a \bottomrule, giving "Misplaced \noalign").
.     local foot "\addlinespace"
  7.     if "`P'" == "D" local foot "% end of fragment"
  8. 
.     eststo clear
  9.     display as text _newline "{hline 78}"
 10.     display as text "PANEL `P': `x'"
 11.     display as text "{hline 78}"
 12. 
.     *--- col 1: county FE + year FE, all states ------------------------------
> -
.     quietly reghdfe $Y `x' if $SMAIN, ///
>         absorb(county_id year) vce(cluster county_id)
 13.     addcounts
 14.     estadd local fe_county "X"
 15.     estadd local fe_year   "X"
 16.     estadd local fe_styr   ""
 17.     estadd local ctrl_w    ""
 18.     estadd local ctrl_age  ""
 19.     estadd local samp      "All states"
 20.     eststo c1
 21. 
.     *--- col 2: county FE + state x year FE, all states ----------------------
> -
.     quietly reghdfe $Y `x' if $SMAIN, ///
>         absorb(county_id state_id#year) vce(cluster county_id)
 22.     addcounts
 23.     estadd local fe_county "X"
 24.     estadd local fe_year   ""
 25.     estadd local fe_styr   "X"
 26.     estadd local ctrl_w    ""
 27.     estadd local ctrl_age  ""
 28.     estadd local samp      "All states"
 29.     eststo c2
 30. 
.     *--- col 3: + contemporaneous weather ------------------------------------
.     quietly reghdfe $Y `x' $wctrl if $SMAIN, ///
>         absorb(county_id state_id#year) vce(cluster county_id)
 31.     addcounts
 32.     estadd local fe_county "X"
 33.     estadd local fe_year   ""
 34.     estadd local fe_styr   "X"
 35.     estadd local ctrl_w    "X"
 36.     estadd local ctrl_age  ""
 37.     estadd local samp      "All states"
 38.     eststo c3
 39. 
.     *--- col 4: + age shares -------------------------------------------------
.     quietly reghdfe $Y `x' $agectrl if $SMAIN, ///
>         absorb(county_id state_id#year) vce(cluster county_id)
 40.     addcounts
 41.     estadd local fe_county "X"
 42.     estadd local fe_year   ""
 43.     estadd local fe_styr   "X"
 44.     estadd local ctrl_w    ""
 45.     estadd local ctrl_age  "X"
 46.     estadd local samp      "All states"
 47.     eststo c4
 48. 
.     *--- col 5: + weather + age shares ---------------------------------------
.     quietly reghdfe $Y `x' $wctrl $agectrl if $SMAIN, ///
>         absorb(county_id state_id#year) vce(cluster county_id)
 49.     addcounts
 50.     estadd local fe_county "X"
 51.     estadd local fe_year   ""
 52.     estadd local fe_styr   "X"
 53.     estadd local ctrl_w    "X"
 54.     estadd local ctrl_age  "X"
 55.     estadd local samp      "All states"
 56.     eststo c5
 57. 
.     *--- col 6: same as col 5, agency-direct states only ---------------------
.     quietly reghdfe $Y `x' $wctrl $agectrl if $SAGENCY, ///
>         absorb(county_id state_id#year) vce(cluster county_id)
 58.     addcounts
 59.     estadd local fe_county "X"
 60.     estadd local fe_year   ""
 61.     estadd local fe_styr   "X"
 62.     estadd local ctrl_w    "X"
 63.     estadd local ctrl_age  "X"
 64.     estadd local samp      "Agency-direct"
 65.     eststo c6
 66. 
.     *--- the header block, from Panel A only ---------------------------------
.     if "`P'" == "A" {
 67. 
.         esttab c1 c2 c3 c4 c5 c6 using "$tables/wildlife_weather/regression_ha
> rvest_per1000.tex", ///
>             replace fragment booktabs cells(none) nomtitles ///
>             stats(samp n_county N fe_county fe_year fe_styr ctrl_w ctrl_age, /
> //
>                   fmt(%s %9.0gc %9.0gc %s %s %s %s %s) ///
>                   labels("Sample included" "\# of counties" "\# of obs" ///
>                          "County FE" "Year FE" "State x year FE" ///
>                          "Contemporaneous weather controls (Mar-Nov, year t)" 
> ///
>                          "Age shares")) ///
>             prehead("% Table 2. Outcome = $YLAB." ///
>                     "% Generated by regression_harvest_per1000.do. SEs cluster
> ed on county." ///
>                     "% Stars: * p<0.10, ** p<0.05, *** p<0.01.") ///
>             postfoot("\midrule")
 68. 
.         esttab c1 c2 c3 c4 c5 c6 using "$tables/wildlife_weather/regression_ha
> rvest_per1000.csv", ///
>             replace plain cells(none) nomtitles ///
>             stats(samp n_county N fe_county fe_year fe_styr ctrl_w ctrl_age, /
> //
>                   fmt(%s %9.0gc %9.0gc %s %s %s %s %s) ///
>                   labels("Sample included" "# of counties" "# of obs" ///
>                          "County FE" "Year FE" "State x year FE" ///
>                          "Contemporaneous weather controls" "Age shares")) ///
>             title("Table 2 -- outcome = $YLAB")
 69.     }
 70. 
.     *--- this panel's coefficient rows ---------------------------------------
.     esttab c1 c2 c3 c4 c5 c6 using "$tables/wildlife_weather/regression_harves
> t_per1000.tex", ///
>         append fragment booktabs nomtitles nonumbers noobs collabels(none) ///
>         keep(`x') coeflabel(`x' "`xl'") ///
>         cells(b(star fmt(%9.4f)) se(par fmt(%9.4f))) ///
>         stats(r2_within r2 n_clust, fmt(%9.3f %9.3f %9.0gc) ///
>               labels("Within R-squared" "R-squared (incl. FE)" ///
>                      "\# of clusters")) ///
>         starlevels(* 0.10 ** 0.05 *** 0.01) ///
>         prehead("\multicolumn{7}{l}{\textit{Panel `P'}} \\") ///
>         postfoot("`foot'")
 71. 
.     esttab c1 c2 c3 c4 c5 c6 using "$tables/wildlife_weather/regression_harves
> t_per1000.csv", ///
>         append plain nomtitles noobs collabels(none) ///
>         keep(`x') coeflabel(`x' "`x'") ///
>         cells(b(star fmt(%9.4f)) se(par fmt(%9.4f))) ///
>         stats(r2_within r2 n_clust, fmt(%9.3f %9.3f %9.0gc) ///
>               labels("Within R-squared" "R-squared (incl. FE)" ///
>                      "\# of clusters")) ///
>         starlevels(* 0.10 ** 0.05 *** 0.01) ///
>         title("Panel `P': `x'")
 72. 
.     *--- and into the log, where it can be read without leaving Stata --------
.     esttab c1 c2 c3 c4 c5 c6, ///
>         keep(`x') coeflabel(`x' "`xl'") ///
>         cells(b(star fmt(%9.4f)) se(par fmt(%9.4f))) ///
>         stats(r2 n_clust n_county N, fmt(%9.3f %9.0gc %9.0gc %9.0gc) ///
>               labels("R-squared" "# of clusters" "# of counties" "# of obs")) 
> ///
>         starlevels(* 0.10 ** 0.05 *** 0.01) ///
>         mtitles("(1)" "(2)" "(3)" "(4)" "(5)" "(6)") nonumbers collabels(none)
 73. end

. 
. * Panel A must run first -- it writes the specification header block.
. run_panel A

------------------------------------------------------------------------------
PANEL A: mean_winter_temp
------------------------------------------------------------------------------

added scalar:
           e(n_county) =  1116

added scalar:
            e(n_clust) =  1116

added macro:
          e(fe_county) : "X"

added macro:
            e(fe_year) : "X"

added macro:
            e(fe_styr) : ""

added macro:
             e(ctrl_w) : ""

added macro:
           e(ctrl_age) : ""

added macro:
               e(samp) : "All states"

added scalar:
           e(n_county) =  1116

added scalar:
            e(n_clust) =  1116

added macro:
          e(fe_county) : "X"

added macro:
            e(fe_year) : ""

added macro:
            e(fe_styr) : "X"

added macro:
             e(ctrl_w) : ""

added macro:
           e(ctrl_age) : ""

added macro:
               e(samp) : "All states"

added scalar:
           e(n_county) =  1116

added scalar:
            e(n_clust) =  1116

added macro:
          e(fe_county) : "X"

added macro:
            e(fe_year) : ""

added macro:
            e(fe_styr) : "X"

added macro:
             e(ctrl_w) : "X"

added macro:
           e(ctrl_age) : ""

added macro:
               e(samp) : "All states"

added scalar:
           e(n_county) =  1116

added scalar:
            e(n_clust) =  1116

added macro:
          e(fe_county) : "X"

added macro:
            e(fe_year) : ""

added macro:
            e(fe_styr) : "X"

added macro:
             e(ctrl_w) : ""

added macro:
           e(ctrl_age) : "X"

added macro:
               e(samp) : "All states"

added scalar:
           e(n_county) =  1116

added scalar:
            e(n_clust) =  1116

added macro:
          e(fe_county) : "X"

added macro:
            e(fe_year) : ""

added macro:
            e(fe_styr) : "X"

added macro:
             e(ctrl_w) : "X"

added macro:
           e(ctrl_age) : "X"

added macro:
               e(samp) : "All states"

added scalar:
           e(n_county) =  1017

added scalar:
            e(n_clust) =  1017

added macro:
          e(fe_county) : "X"

added macro:
            e(fe_year) : ""

added macro:
            e(fe_styr) : "X"

added macro:
             e(ctrl_w) : "X"

added macro:
           e(ctrl_age) : "X"

added macro:
               e(samp) : "Agency-direct"
(note: file /mnt/data_d/Dropbox/Research/AnimalCollisionsWeather/tables/wildlife
> _weather/regression_harvest_per1000.tex not found)
(output written to /mnt/data_d/Dropbox/Research/AnimalCollisionsWeather/tables/w
> ildlife_weather/regression_harvest_per1000.tex)
(note: file /mnt/data_d/Dropbox/Research/AnimalCollisionsWeather/tables/wildlife
> _weather/regression_harvest_per1000.csv not found)
(output written to /mnt/data_d/Dropbox/Research/AnimalCollisionsWeather/tables/w
> ildlife_weather/regression_harvest_per1000.csv)
(output written to /mnt/data_d/Dropbox/Research/AnimalCollisionsWeather/tables/w
> ildlife_weather/regression_harvest_per1000.tex)
(output written to /mnt/data_d/Dropbox/Research/AnimalCollisionsWeather/tables/w
> ildlife_weather/regression_harvest_per1000.csv)

--------------------------------------------------------------------------------
> ----------------------------
                      (1)             (2)             (3)             (4)       
>       (5)             (6)   
--------------------------------------------------------------------------------
> ----------------------------
Mean winte~        4.0988***       0.7577         -0.1185          0.6140       
>   -0.2807         -0.2147   
                 (0.5949)        (0.9462)        (0.8980)        (0.9234)       
>  (0.8875)        (1.0566)   
--------------------------------------------------------------------------------
> ----------------------------
R-squared           0.950           0.963           0.964           0.964       
>     0.965           0.965   
# of clust~s        1,116           1,116           1,116           1,116       
>     1,116           1,017   
# of count~s        1,116           1,116           1,116           1,116       
>     1,116           1,017   
# of obs           11,160          11,160          11,160          11,160       
>    11,160          10,170   
--------------------------------------------------------------------------------
> ----------------------------

. run_panel B

------------------------------------------------------------------------------
PANEL B: warm_winter_1sd
------------------------------------------------------------------------------

added scalar:
           e(n_county) =  1116

added scalar:
            e(n_clust) =  1116

added macro:
          e(fe_county) : "X"

added macro:
            e(fe_year) : "X"

added macro:
            e(fe_styr) : ""

added macro:
             e(ctrl_w) : ""

added macro:
           e(ctrl_age) : ""

added macro:
               e(samp) : "All states"

added scalar:
           e(n_county) =  1116

added scalar:
            e(n_clust) =  1116

added macro:
          e(fe_county) : "X"

added macro:
            e(fe_year) : ""

added macro:
            e(fe_styr) : "X"

added macro:
             e(ctrl_w) : ""

added macro:
           e(ctrl_age) : ""

added macro:
               e(samp) : "All states"

added scalar:
           e(n_county) =  1116

added scalar:
            e(n_clust) =  1116

added macro:
          e(fe_county) : "X"

added macro:
            e(fe_year) : ""

added macro:
            e(fe_styr) : "X"

added macro:
             e(ctrl_w) : "X"

added macro:
           e(ctrl_age) : ""

added macro:
               e(samp) : "All states"

added scalar:
           e(n_county) =  1116

added scalar:
            e(n_clust) =  1116

added macro:
          e(fe_county) : "X"

added macro:
            e(fe_year) : ""

added macro:
            e(fe_styr) : "X"

added macro:
             e(ctrl_w) : ""

added macro:
           e(ctrl_age) : "X"

added macro:
               e(samp) : "All states"

added scalar:
           e(n_county) =  1116

added scalar:
            e(n_clust) =  1116

added macro:
          e(fe_county) : "X"

added macro:
            e(fe_year) : ""

added macro:
            e(fe_styr) : "X"

added macro:
             e(ctrl_w) : "X"

added macro:
           e(ctrl_age) : "X"

added macro:
               e(samp) : "All states"

added scalar:
           e(n_county) =  1017

added scalar:
            e(n_clust) =  1017

added macro:
          e(fe_county) : "X"

added macro:
            e(fe_year) : ""

added macro:
            e(fe_styr) : "X"

added macro:
             e(ctrl_w) : "X"

added macro:
           e(ctrl_age) : "X"

added macro:
               e(samp) : "Agency-direct"
(output written to /mnt/data_d/Dropbox/Research/AnimalCollisionsWeather/tables/w
> ildlife_weather/regression_harvest_per1000.tex)
(output written to /mnt/data_d/Dropbox/Research/AnimalCollisionsWeather/tables/w
> ildlife_weather/regression_harvest_per1000.csv)

--------------------------------------------------------------------------------
> ----------------------------
                      (1)             (2)             (3)             (4)       
>       (5)             (6)   
--------------------------------------------------------------------------------
> ----------------------------
Winter tem~r      -5.9741**       -0.3773         -1.2143         -0.2334       
>   -1.1244          0.1345   
                 (2.9813)        (2.4189)        (2.5049)        (2.4621)       
>  (2.5396)        (2.8945)   
--------------------------------------------------------------------------------
> ----------------------------
R-squared           0.949           0.963           0.964           0.964       
>     0.965           0.965   
# of clust~s        1,116           1,116           1,116           1,116       
>     1,116           1,017   
# of count~s        1,116           1,116           1,116           1,116       
>     1,116           1,017   
# of obs           11,160          11,160          11,160          11,160       
>    11,160          10,170   
--------------------------------------------------------------------------------
> ----------------------------

. run_panel C

------------------------------------------------------------------------------
PANEL C: wsi_cold_days
------------------------------------------------------------------------------

added scalar:
           e(n_county) =  1116

added scalar:
            e(n_clust) =  1116

added macro:
          e(fe_county) : "X"

added macro:
            e(fe_year) : "X"

added macro:
            e(fe_styr) : ""

added macro:
             e(ctrl_w) : ""

added macro:
           e(ctrl_age) : ""

added macro:
               e(samp) : "All states"

added scalar:
           e(n_county) =  1116

added scalar:
            e(n_clust) =  1116

added macro:
          e(fe_county) : "X"

added macro:
            e(fe_year) : ""

added macro:
            e(fe_styr) : "X"

added macro:
             e(ctrl_w) : ""

added macro:
           e(ctrl_age) : ""

added macro:
               e(samp) : "All states"

added scalar:
           e(n_county) =  1116

added scalar:
            e(n_clust) =  1116

added macro:
          e(fe_county) : "X"

added macro:
            e(fe_year) : ""

added macro:
            e(fe_styr) : "X"

added macro:
             e(ctrl_w) : "X"

added macro:
           e(ctrl_age) : ""

added macro:
               e(samp) : "All states"

added scalar:
           e(n_county) =  1116

added scalar:
            e(n_clust) =  1116

added macro:
          e(fe_county) : "X"

added macro:
            e(fe_year) : ""

added macro:
            e(fe_styr) : "X"

added macro:
             e(ctrl_w) : ""

added macro:
           e(ctrl_age) : "X"

added macro:
               e(samp) : "All states"

added scalar:
           e(n_county) =  1116

added scalar:
            e(n_clust) =  1116

added macro:
          e(fe_county) : "X"

added macro:
            e(fe_year) : ""

added macro:
            e(fe_styr) : "X"

added macro:
             e(ctrl_w) : "X"

added macro:
           e(ctrl_age) : "X"

added macro:
               e(samp) : "All states"

added scalar:
           e(n_county) =  1017

added scalar:
            e(n_clust) =  1017

added macro:
          e(fe_county) : "X"

added macro:
            e(fe_year) : ""

added macro:
            e(fe_styr) : "X"

added macro:
             e(ctrl_w) : "X"

added macro:
           e(ctrl_age) : "X"

added macro:
               e(samp) : "Agency-direct"
(output written to /mnt/data_d/Dropbox/Research/AnimalCollisionsWeather/tables/w
> ildlife_weather/regression_harvest_per1000.tex)
(output written to /mnt/data_d/Dropbox/Research/AnimalCollisionsWeather/tables/w
> ildlife_weather/regression_harvest_per1000.csv)

--------------------------------------------------------------------------------
> ----------------------------
                      (1)             (2)             (3)             (4)       
>       (5)             (6)   
--------------------------------------------------------------------------------
> ----------------------------
Extreme co~m      -0.9256***      -0.9499***      -0.7594***      -0.9455***    
>   -0.7633***      -0.8967***
                 (0.1266)        (0.1983)        (0.1802)        (0.1934)       
>  (0.1787)        (0.2169)   
--------------------------------------------------------------------------------
> ----------------------------
R-squared           0.950           0.963           0.964           0.964       
>     0.965           0.966   
# of clust~s        1,116           1,116           1,116           1,116       
>     1,116           1,017   
# of count~s        1,116           1,116           1,116           1,116       
>     1,116           1,017   
# of obs           11,160          11,160          11,160          11,160       
>    11,160          10,170   
--------------------------------------------------------------------------------
> ----------------------------

. run_panel D

------------------------------------------------------------------------------
PANEL D: winter_severity_index
------------------------------------------------------------------------------

added scalar:
           e(n_county) =  1116

added scalar:
            e(n_clust) =  1116

added macro:
          e(fe_county) : "X"

added macro:
            e(fe_year) : "X"

added macro:
            e(fe_styr) : ""

added macro:
             e(ctrl_w) : ""

added macro:
           e(ctrl_age) : ""

added macro:
               e(samp) : "All states"

added scalar:
           e(n_county) =  1116

added scalar:
            e(n_clust) =  1116

added macro:
          e(fe_county) : "X"

added macro:
            e(fe_year) : ""

added macro:
            e(fe_styr) : "X"

added macro:
             e(ctrl_w) : ""

added macro:
           e(ctrl_age) : ""

added macro:
               e(samp) : "All states"

added scalar:
           e(n_county) =  1116

added scalar:
            e(n_clust) =  1116

added macro:
          e(fe_county) : "X"

added macro:
            e(fe_year) : ""

added macro:
            e(fe_styr) : "X"

added macro:
             e(ctrl_w) : "X"

added macro:
           e(ctrl_age) : ""

added macro:
               e(samp) : "All states"

added scalar:
           e(n_county) =  1116

added scalar:
            e(n_clust) =  1116

added macro:
          e(fe_county) : "X"

added macro:
            e(fe_year) : ""

added macro:
            e(fe_styr) : "X"

added macro:
             e(ctrl_w) : ""

added macro:
           e(ctrl_age) : "X"

added macro:
               e(samp) : "All states"

added scalar:
           e(n_county) =  1116

added scalar:
            e(n_clust) =  1116

added macro:
          e(fe_county) : "X"

added macro:
            e(fe_year) : ""

added macro:
            e(fe_styr) : "X"

added macro:
             e(ctrl_w) : "X"

added macro:
           e(ctrl_age) : "X"

added macro:
               e(samp) : "All states"

added scalar:
           e(n_county) =  1017

added scalar:
            e(n_clust) =  1017

added macro:
          e(fe_county) : "X"

added macro:
            e(fe_year) : ""

added macro:
            e(fe_styr) : "X"

added macro:
             e(ctrl_w) : "X"

added macro:
           e(ctrl_age) : "X"

added macro:
               e(samp) : "Agency-direct"
(output written to /mnt/data_d/Dropbox/Research/AnimalCollisionsWeather/tables/w
> ildlife_weather/regression_harvest_per1000.tex)
(output written to /mnt/data_d/Dropbox/Research/AnimalCollisionsWeather/tables/w
> ildlife_weather/regression_harvest_per1000.csv)

--------------------------------------------------------------------------------
> ----------------------------
                      (1)             (2)             (3)             (4)       
>       (5)             (6)   
--------------------------------------------------------------------------------
> ----------------------------
WSI (extre~i      -0.7763***      -0.7397***      -0.6084***      -0.7259***    
>   -0.6005***      -0.6305***
                 (0.1267)        (0.1695)        (0.1395)        (0.1614)       
>  (0.1362)        (0.1545)   
--------------------------------------------------------------------------------
> ----------------------------
R-squared           0.951           0.964           0.965           0.964       
>     0.965           0.966   
# of clust~s        1,116           1,116           1,116           1,116       
>     1,116           1,017   
# of count~s        1,116           1,116           1,116           1,116       
>     1,116           1,017   
# of obs           11,160          11,160          11,160          11,160       
>    11,160          10,170   
--------------------------------------------------------------------------------
> ----------------------------

. 
end of do-file

. do "/tmp/SD3580875.000000"

. display as text _newline "  estimation-sample size by winter measure (col 5 sp
> ec):"

  estimation-sample size by winter measure (col 5 spec):

. local _prev = -1

. foreach v in mean_winter_temp warm_winter_1sd wsi_cold_days winter_severity_in
> dex {
  2.     quietly count if $SMAIN & !missing($Y, `v', population, pop_share_5_9)
  3.     local _thisn = r(N)
  4.     display as text "    " %-24s "`v'" %8.0fc `_thisn'
  5.     if `_prev' != -1 {
  6.         assert `_thisn' == `_prev'
  7.     }
  8.     local _prev = `_thisn'
  9. }
    mean_winter_temp          11,160
    warm_winter_1sd           11,160
    wsi_cold_days             11,160
    winter_severity_index     11,160

. display as text "  all four panels rest on the same estimation sample ([DECIDE
> ] 10)"
  all four panels rest on the same estimation sample ([DECIDE] 10)

. 
. *--------------------------------- 6b. ---------------------------------------
. 
. quietly {

. local _ns5 : word count `_s5'

. local _ns6 : word count `_s6'

. 
. display as text _newline "  cols 1-5: `_n5' obs | `_c5' counties | `_ns5' stat
> es"

  cols 1-5: 11160 obs | 1116 counties | 13 states

. display as text "    states: `_s5'"
    states: AR IA IN KY MD MO NC NY OH TN VA WI WV

. display as text "  col 6:    `_n6' obs | `_c6' counties | `_ns6' states"
  col 6:    10170 obs | 1017 counties | 12 states

. display as text "    states: `_s6'"
    states: AR IN KY MD MO NC NY OH TN VA WI WV

. 
. * Expected on the current vintage: 11,160 / 1,116 / 13 and 10,170 / 1,017 / 12
> ,
. * identical to regression_log_harvest.do.
. if `_n5' != 11160 | `_c5' != 1116 {
.     display as error "  NOTE: expected 11,160 obs / 1,116 counties in cols 1-5
> ;" ///
>         " got `_n5' / `_c5'. Check the merged-panel vintage before using this 
> table."
. }

. if `_n6' != 10170 | `_c6' != 1017 {
.     display as error "  NOTE: expected 10,170 obs / 1,017 counties in col 6;" 
> ///
>         " got `_n6' / `_c6'. Check the merged-panel vintage before using this 
> table."
. }

. 
. *--------------------------------- 6c. ---------------------------------------
. 
. * The counties inside main_sample that no column can estimate on: population,
. * age shares and all four winter measures missing across the window. Listed by
. * name rather than counted, so a change in WHICH counties drop is visible.
. preserve

.     keep if $SMAIN & missing(mean_winter_temp)
(151,098 observations deleted)

.     if _N > 0 {
.         display as text _newline "  main_sample county-years with no weather/p
> opulation:"

  main_sample county-years with no weather/population:
.         contract state geoid county_name
.         list state geoid county_name _freq, sep(0) noobs

  +-------------------------------------------------+
  | state   geoid               county_name   _freq |
  |-------------------------------------------------|
  |    VA   51515         Bedford (City of)      10 |
  |    VA   51560   Clifton Forge (City of)      10 |
  |    VA   51780    South Boston (City of)      10 |
  +-------------------------------------------------+
.     }

. restore

. 
. *--------------------------------- 6d. ---------------------------------------
. 
. codebook $Y if $SMAIN, compact

Variable        Obs Unique      Mean  Min      Max  Label
--------------------------------------------------------------------------------
harvest~1000  11160  11154  92.99742    0  1109.03  Deer harvest per 1,000 re...
--------------------------------------------------------------------------------

. summarize $Y mean_winter_temp warm_winter_1sd wsi_cold_days ///
>     winter_severity_index if $SMAIN

    Variable |        Obs        Mean    Std. Dev.       Min        Max
-------------+---------------------------------------------------------
harvest~1000 |     11,160    92.99742    115.2111          0    1109.03
mean_winte~p |     11,160    .2324257      4.5303  -16.02864   10.71492
warm_win~1sd |     11,160    .1064516    .3084286          0          1
wsi_cold_d~s |     11,160     5.12491    10.17665          0         77
winter_sev~x |     11,160    5.797581    12.84081          0        157

. 
. *--------------------------------- 6e. ---------------------------------------
. 
. /* The rate's tails, listed rather than summarized: a per-capita outcome in
>    levels is the one place in this table where a single county-year can move
>    a coefficient, and the log outcome in Table 1 hid that by construction.
>    The counties at the top should be rural, high-harvest and small; the
>    counties at the bottom should be independent cities and urban counties.
>    Anything else in either list is a data problem, not a tail.            */
. 
. display as text _newline "  rate distribution in the estimation sample:"

  rate distribution in the estimation sample:

. summarize $Y if $SMAIN & !missing(mean_winter_temp, population, pop_share_5_9)
> , detail

              Deer harvest per 1,000 residents
-------------------------------------------------------------
      Percentiles      Smallest
 1%     .2531354              0
 5%     2.584008              0
10%     6.699393              0       Obs              11,160
25%     18.96932       .0040884       Sum of Wgt.      11,160

50%     52.32786                      Mean           92.99742
                        Largest       Std. Dev.      115.2111
75%     121.1112       966.2438
90%     234.7824       1011.139       Variance        13273.6
95%     317.9384       1065.171       Skewness       2.704578
99%     567.3403        1109.03       Kurtosis       13.46501

. 
. preserve

.     keep if $SMAIN & !missing($Y, mean_winter_temp, population, pop_share_5_9)
(139,968 observations deleted)

.     gsort -$Y

.     display as text _newline "  highest 10 county-year rates:"

  highest 10 county-year rates:

.     list state county_name year harvest_total population $Y in 1/10, sep(0) no
> obs

  +-----------------------------------------------------------+
  | state   county~e   year   harves~l   popula~n   harv~1000 |
  |-----------------------------------------------------------|
  |    VA   Highland   2008       2665       2403   1109.0304 |
  |    VA   Highland   2009       2517       2363   1065.1714 |
  |    VA   Highland   2007       2451       2424   1011.1386 |
  |    WI   Florence   2011       4265       4414   966.24377 |
  |    VA   Highland   2006       2358       2479      951.19 |
  |    VA   Highland   2011       2148       2264   948.76325 |
  |    MO       Knox   2006       3813       4158   917.02742 |
  |    AR    Calhoun   2011       4725       5193   909.87868 |
  |    AR    Calhoun   2013       4569       5066   901.89499 |
  |    AR    Calhoun   2008       4961       5528   897.43126 |
  +-----------------------------------------------------------+

.     gsort $Y

.     display as text _newline "  lowest 10 county-year rates:"

  lowest 10 county-year rates:

.     list state county_name year harvest_total population $Y in 1/10, sep(0) no
> obs

  +-------------------------------------------------------------+
  | state   county_n~e   year   harves~l   popula~n   harv~1000 |
  |-------------------------------------------------------------|
  |    VA      Norfolk   2009          0     241725           0 |
  |    VA      Norfolk   2007          0     241248           0 |
  |    VA      Norfolk   2008          0     241201           0 |
  |    VA      Norfolk   2014          1     244596   .00408837 |
  |    VA      Norfolk   2006          1     243406   .00410836 |
  |    VA      Norfolk   2010          1     242892   .00411706 |
  |    VA   Alexandria   2012          1     147512   .00677911 |
  |    VA      Norfolk   2011          2     243067   .00822818 |
  |    VA      Norfolk   2005          2     239650    .0083455 |
  |    VA      Roanoke   2008          1      95813     .010437 |
  +-------------------------------------------------------------+

. 
.     * The denominator itself: a rate is only as stable as the population
.     * underneath it, so the smallest denominators are named too.
.     gsort population

.     display as text _newline "  smallest 10 denominators (population):"

  smallest 10 denominators (population):

.     list state county_name year harvest_total population $Y in 1/10, sep(0) no
> obs

  +------------------------------------------------------------+
  | state   county_~e   year   harves~l   popula~n   harv~1000 |
  |------------------------------------------------------------|
  |    KY   Robertson   2014        755       2210   341.62896 |
  |    VA    Highland   2013       1769       2215    798.6456 |
  |    KY   Robertson   2012        735       2229   329.74428 |
  |    KY   Robertson   2013        828       2234   370.63563 |
  |    VA    Highland   2012       1823       2241   813.47613 |
  |    KY   Robertson   2007        643       2244   286.54189 |
  |    KY   Robertson   2005        571       2251   253.66504 |
  |    VA    Highland   2014       1683       2252    747.3357 |
  |    VA    Highland   2011       2148       2264   948.76325 |
  |    KY   Robertson   2008        690       2272   303.69718 |
  +------------------------------------------------------------+

. restore

. 
. display as text _newline "  Table 2 written to:"

  Table 2 written to:

. display as text "    $tables/wildlife_weather/regression_harvest_per1000.tex"
    /mnt/data_d/Dropbox/Research/AnimalCollisionsWeather/tables/wildlife_weather
> /regression_harvest_per1000.tex

. display as text "    $tables/wildlife_weather/regression_harvest_per1000.csv"
    /mnt/data_d/Dropbox/Research/AnimalCollisionsWeather/tables/wildlife_weather
> /regression_harvest_per1000.csv

. 
. log close
      name:  <unnamed>
       log:  /mnt/data_d/Dropbox/Research/AnimalCollisionsWeather/codeSTATA/logs
> /regression_harvest_per1000.log
  log type:  text
 closed on:  10 Sep 2026, 16:07:10
--------------------------------------------------------------------------------
