--------------------------------------------------------------------------------
      name:  <unnamed>
       log:  /mnt/data_d/Dropbox/Research/AnimalCollisionsWeather/codeSTATA/logs
> /regression_log_harvest.log
  log type:  text
 opened on:  11 Sep 2026, 17:10:55

. 
. cap mkdir "$tables"

. cap mkdir "$tables/wildlife_weather"

. 
. * ---- fail early if a dependency is missing ---------------------------------
. * reghdfe needs BOTH ftools and require -- require is a small dependency-
. * checking utility reghdfe calls on startup, and nothing names it until
. * reghdfe refuses to run, so it is easy to miss. estout supplies esttab,
. * eststo and estadd. findfile on the individual ado-files: it names the exact 
. * file it could not locate, and on failure adopath below shows where Stata 
. * actually looked, to separate "not installed" from "installed into a director
> y 
. * this session does not search." 
. *
. * All from SSC:
. *
. *     ssc install require, replace
. *     ssc install ftools, replace
. *     ssc install reghdfe, replace
. *     ssc install estout, replace
. *     mata: mata mlib index 
. local _pkgmissing 0

. foreach ado in require.ado ftools.ado reghdfe.ado esttab.ado eststo.ado ///
>                estadd.ado {
  2.     capture findfile `ado'
  3.     if _rc {
  4.         display as error "  not on the ado-path: `ado'"
  5.         local _pkgmissing 1
  6.     }
  7. }

. if `_pkgmissing' {
.     display as error ""
.     display as error "  The files above are not visible to this Stata session.
> "
.     display as error "  If they are genuinely not installed, run the ssc insta
> ll"
.     display as error "  lines in the comment block above, in that order."
.     display as error ""
.     display as error "  If they ARE installed, the ado-path is the problem: th
> e"
.     display as error "  install went somewhere this session does not search (a
> "
.     display as error "  different user's PLUS, or a profile.do not running her
> e)."
.     display as error "  The paths Stata is searching:"
.     adopath
.     exit 199
. }

. display as text "  require / ftools / reghdfe / estout all present"
  require / ftools / reghdfe / estout all present

. 
. * ---- fail early if the input panel is not where we expect ------------------
> -
. capture confirm file "$dataSTATA/main_data_county_year.dta"

. if _rc {
.     display as error "  not found: $dataSTATA/main_data_county_year.dta"
.     display as error "  (if the merged panel lives elsewhere, fix the path her
> e"
.     display as error "   and in the SOURCE FILES block above)"
.     exit 601
. }

. display as text "  input panel located"
  input panel located

. 
. *=============================================================================
> =
. * SECTION 1: LOAD, VERIFY KEY, BUILD IDS AND SAMPLE MACROS
. *=============================================================================
> =
. 
. /*------------------------------------------------------------------------
> 
> THE KEY IS UNIQUE BUT NOT COMPLETE, SO PLAIN isid REFUSES.
> 
>    17 rows carry a BLANK geoid -- also blank state_fips, county_fips and
>    state_name -- with county_name "st louis", state_letter_code "MN", one row
>    per year 2004 through 2020. They are collision-file records that never
>    matched a FIPS: merge_collisions == 2 (using-only) against
>    merge_wildlife == 1. Every non-missing value on them comes from the
>    collision block; harvest, weather and population are all missing.
> 
>    They are St. Louis County, Minnesota (27137), whose crash record failed to
>    match on "st louis" vs "St. Louis". That is a hole in the collision panel
>    worth fixing upstream, but it touches nothing here.
> 
> ------------------------------------------------------------------------*/
. 
. use "$dataSTATA/main_data_county_year.dta", clear
(County-year main data file: PRISM weather + ERA5 snow (wide by month), winter s
> e)

. 
. * -- the key is unique over all rows. isid objects only to the blanks,
. *    so uniqueness is checked separately before they come out.
. capture drop _dupkey

. quietly duplicates tag geoid year, gen(_dupkey)

. assert _dupkey == 0

. drop _dupkey

. 
. * -- the orphans: named in the log, asserted empty, then dropped
. quietly count if geoid == ""

. local _norphan = r(N)

. if `_norphan' > 0 {
.     display as text "  rows with a blank geoid: `_norphan'  (collision-only or
> phans)"
  rows with a blank geoid: 17  (collision-only orphans)
.     preserve
.         keep if geoid == ""
(151,128 observations deleted)
.         contract state_letter_code county_name
.         list state_letter_code county_name _freq, sep(0) noobs

  +-----------------------------+
  | state_~e   county~e   _freq |
  |-----------------------------|
  |       MN   st louis      17 |
  +-----------------------------+
.     restore
. 
.     assert missing(harvest_total)     if geoid == ""
.     assert missing(mean_winter_temp)  if geoid == ""
.     assert missing(population)        if geoid == ""
. 
.     drop if geoid == ""
(17 observations deleted)
. }

. if `_norphan' != 17 {
.     display as error "  NOTE: expected 17 blank-geoid orphan rows; got `_norph
> an'." ///
>         "  Something changed in the collision merge -- find out what before" /
> //
>         "  using this table."
. }

. 
. * -- now the key holds outright
. isid geoid year

. 
. assert strlen(geoid) == 5

. assert real(geoid) < .

. 
. egen county_id = group(geoid)

. egen state_id  = group(state)
(108,657 missing values generated)

. label variable county_id "Numeric county id from geoid -- working variable for
>  reghdfe absorb()"

. label variable state_id  "Numeric state id from state postal abbreviation -- w
> orking variable"

. 
. *--------------------------------- 1a. SAMPLE --------------------------------
> -
. 
. /*------------------------------------------------------------------------
> 
> See [DECIDE] 2 and 3. Two samples, both unbalanced:
> 
>   $SFULL     every county-year from 1981 on -- 19 states
>   $SAGENCY   the same, restricted to agency-direct harvest -- 14 states
> 
> Nothing is dropped from memory: the restriction rides on the regressions
> as an -if- so the QC in Section 6 can still see what was excluded.
> main_sample and main_sample_agency are deliberately NOT used.
> 
> ------------------------------------------------------------------------*/
. 
. capture drop agency_direct

. generate byte agency_direct = (trim(source_harvest) == "agency")

. label variable agency_direct "=1 if harvest came from an agency-direct harmoni
> zation, not the CWD panel"

. 
. global SFULL   "year >= 1981"

. global SAGENCY "year >= 1981 & agency_direct == 1"

. 
. * agency-direct must be a strict subset of the full panel
. quietly count if $SAGENCY & !($SFULL)

. assert r(N) == 0

. 
. *=============================================================================
> =
. * SECTION 2: OUTCOME
. *=============================================================================
> =
. 
. /*------------------------------------------------------------------------
> 
> [DECIDE] 1: log(harvest_total), no +1. Zeros drop out.
> 
> The log is taken on harvest_total -- the source-reported total from the
> national append -- NOT on harvest_total_cwd_imputed, which is parked
> upstream and must stay out of any estimate.
> 
> ------------------------------------------------------------------------*/
. 
. capture drop ln_harvest

. generate double ln_harvest = ln(harvest_total) if harvest_total > 0 & !missing
> (harvest_total)
(109,988 missing values generated)

. label variable ln_harvest "log(total deer harvest)"

. 
. * Handles the zeros. Counted and named rather than dropped silently:
. * they are reported zeros, not missing data.
. quietly count if $SFULL & harvest_total == 0

. local _nzero = r(N)

. display as text _newline "  county-years with harvest_total == 0, dropped by l
> og(): `_nzero'"

  county-years with harvest_total == 0, dropped by log(): 103

. if `_nzero' > 0 {
.     preserve
.         keep if $SFULL & harvest_total == 0
(151,025 observations deleted)
.         contract state
.         list state _freq, sep(0) noobs

  +---------------+
  | state   _freq |
  |---------------|
  |    CA      31 |
  |    FL       4 |
  |    KY      14 |
  |    NC       5 |
  |    VA      29 |
  |    WI      20 |
  +---------------+
.     restore
. }

. if `_nzero' != 103 {
.     display as error "  NOTE: expected 103 reported zeros in 1981+; got `_nzer
> o'."
. }

. 
. assert missing(ln_harvest) if harvest_total == 0

. assert !missing(ln_harvest) if !missing(harvest_total) & harvest_total > 0

. 
. global Y    "ln_harvest"

. global YLAB "log(harvest)"

. 
. *=============================================================================
> =
. * SECTION 3: CONTROL SETS
. *=============================================================================
> =
. 
. /*------------------------------------------------------------------------
> 
> Two control globals, built by loop so the log records exactly what went
> into the regression and a change to the month range is a one-line edit.
> See [DECIDE] 5 (weather) and [DECIDE] 6 (age shares).
> 
> ------------------------------------------------------------------------*/
. 
. *--------------------------------- 3a. ---------------------------------------
. 
. global pptmode "days"          // "days" | "total" | "both"

. assert inlist("$pptmode", "days", "total", "both")

. 
. global wctrl ""

. local _snowkeep ""

. local _snowdrop ""

. forvalues m = 3/11 {
  2.     global wctrl "$wctrl mean_temp_c_m`m'"
  3.     if inlist("$pptmode", "days", "both") {
  4.         global wctrl "$wctrl days_precip_above_10mm_m`m'"
  5.     }
  6.     if inlist("$pptmode", "total", "both") {
  7.         global wctrl "$wctrl ppt_total_m`m'"
  8.     }
  9.     * A snowfall month is included only if it actually varies on THIS sampl
> e.
.     * On the old 2005-2014 window July and August were identically zero and
.     * were excluded by name; on the full 1981+ panel they are not (July reache
> s
.     * 7.4mm, August 0.18mm, in high-elevation county-years the narrow window
.     * never contained). Testing rather than hard-coding means the control set
.     * follows the sample instead of a fact that is no longer true.
.     quietly summarize total_snowfall_mm_m`m' if $SFULL
 10.     if r(N) > 0 & r(max) > 0 {
 11.         global wctrl "$wctrl total_snowfall_mm_m`m'"
 12.         local _snowkeep "`_snowkeep' m`m'"
 13.     }
 14.     else {
 15.         local _snowdrop "`_snowdrop' m`m'"
 16.     }
 17. }

. 
. local _nsnow : word count `_snowkeep'

. local _nppt = cond("$pptmode" == "both", 18, 9)

. local _nwexp = 9 + `_nppt' + `_nsnow'

. 
. local _nw : word count $wctrl

. display as text "  weather controls (Mar-Nov of year t, pptmode = $pptmode): `
> _nw'"
  weather controls (Mar-Nov of year t, pptmode = days): 27

. display as text "    snowfall months kept:   `_snowkeep'"
    snowfall months kept:    m3 m4 m5 m6 m7 m8 m9 m10 m11

. if "`_snowdrop'" != "" {
.     display as text "    snowfall months dropped (no variation): `_snowdrop'"
. }

. assert `_nw' == `_nwexp'

. 
. *--------------------------------- 3b. ---------------------------------------
. 
. global agectrl ""

. foreach a in 5_9 10_14 15_19 20_24 25_29 30_34 35_39 40_44 45_49 50_54 ///
>              55_59 60_64 65_69 70_74 75_79 80_84 85plus {
  2.     global agectrl "$agectrl pop_share_`a'"
  3. }

. 
. local _na : word count $agectrl

. display as text "  age-share controls (pop_share_0_4 omitted): `_na'"
  age-share controls (pop_share_0_4 omitted): 17

. assert `_na' == 17

. 
. capture drop _agesum

. egen double _agesum = rowtotal(pop_share_0_4 $agectrl), missing
(11,327 missing values generated)

. assert abs(_agesum - 1) < 1e-4 if !missing(_agesum)

. drop _agesum

. 
. *=============================================================================
> =
. * SECTION 4: PANEL DEFINITIONS, TABLE SCAFFOLDING, HELPER PROGRAM
. *=============================================================================
> =
. 
. /*------------------------------------------------------------------------
> 
> GLOBALS, not locals: these are set here but consumed in Section 5, and locals 
> do not survive a separate execution. Running the file end to end and running 
> it section by section in the do-editor have to give the same answer.
> 
> Labels are the SHORT name only ([DECIDE] 5). The definitions that used
> to sit in parentheses after each name now belong in the Overleaf notes.
> 
> ------------------------------------------------------------------------*/
. 
. global pvarA "mean_winter_temp"

. global pvarB "warm_winter_1sd"

. global pvarC "wsi_cold_days"

. global pvarD "winter_severity_index"

. 
. global plabA "Mean winter temp"

. global plabB "Winter temp anomaly"

. global plabC "Extreme cold days"

. global plabD "Winter severity index"

. 
. foreach P in A B C D {
  2.     capture confirm variable ${pvar`P'}
  3.     if _rc {
  4.         display as error "panel `P' regressor not found: ${pvar`P'}"
  5.         exit 111
  6.     }
  7. }

. 
. * ---- the column-number row, built rather than hand-typed -------------------
. * Panel A's prehead writes it once, above all four panels. Built by loop so
. * the count follows NCOL and cannot drift out of step with the table.
. global NCOL = 5

. global numrow "            "

. forvalues j = 1/$NCOL {
  2.     global numrow "$numrow &\multicolumn{1}{c}{(`j')}"
  3. }

. global numrow "$numrow \\"

. 
. * Panel titles and the specification block span the stub column plus NCOL.
. global NSPAN = $NCOL + 1

. 
. * ---- helper: the two scalars esttab cannot get from e() on its own ---------
. * n_clust comes straight from e(N_clust); n_county has to be counted off
. * e(sample). Called immediately after each reghdfe, before eststo stores the
. * estimates, so the added scalars travel with them.
. capture program drop addcounts

. program define addcounts
  1.     tempvar tag
  2.     quietly egen `tag' = tag(county_id) if e(sample)
  3.     quietly count if `tag' == 1
  4.     estadd scalar n_county = r(N)
  5.     estadd scalar n_clust  = e(N_clust)
  6. end

. 
. *=============================================================================
> =
. * SECTION 5: ESTIMATION AND EXPORT
. *=============================================================================
> =
. 
. /*------------------------------------------------------------------------
> 
> 20 regressions: 4 panels x 5 columns. The five columns are written out
> explicitly rather than looped, because each carries a different set of
> estadd locals (the control checkmarks the table prints).
> 
> LAYOUT ([DECIDE] 7, and Eyal 09/11):
> 
>    Panel A's prehead writes the provenance comments, the column-number
>    row and Panel A's own title. Panels B-D append their titles and rows.
>    AFTER Panel D, a separate block writes the specification rows --
>    sample, counties, observations, clusters, fixed effects, controls --
>    at the BOTTOM of the table, once.
> 
>    That block reads its scalars off the estimates left in memory by
>    run_panel D. Every one of those scalars is identical across panels
>    (all four rest on the same estimation sample -- asserted in Section
>    6), so which panel it comes from does not matter.
> 
> ------------------------------------------------------------------------*/
. 
. capture program drop run_panel

. program define run_panel
  1.     args P
  2. 
.     local x  "${pvar`P'}"
  3.     local xl "${plab`P'}"
  4. 
.     * Panel A also writes the table header, so it is the only panel whose
.     * esttab call uses -replace- and prints the column numbers. The column-
.     * number row is written by hand into Panel A's prehead ($numrow, built in 
.     * Section 4) and -nonumbers- is set on every panel, so the row appears 
.     * exactly once and cannot be duplicated by esttab's own numbering.
.     if "`P'" == "A" {
  5.         local mode "replace"
  6.         local head `""% Table 1. Outcome = $YLAB." "% Generated by regressi
> on_log_harvest.do. SEs clustered on county." "% Stars: * p<0.10, ** p<0.05, **
> * p<0.01." "$numrow" "\midrule" "\multicolumn{$NSPAN}{l}{\textit{Panel `P': `x
> l'}} \\""'
  7.     }
  8.     else {
  9.         local mode "append"
 10.         local head `""\multicolumn{$NSPAN}{l}{\textit{Panel `P': `xl'}} \\"
> "'
 11.     }
 12. 
.     eststo clear
 13.     display as text _newline "{hline 78}"
 14.     display as text "PANEL `P': `x'"
 15.     display as text "{hline 78}"
 16. 
.     *--- col 1: county FE + state x year FE, full panel ----------------------
> -
.     quietly reghdfe $Y `x' if $SFULL, ///
>         absorb(county_id state_id#year) vce(cluster county_id)
 17.     addcounts
 18.     estadd local fe_county "X"
 19.     estadd local fe_styr   "X"
 20.     estadd local ctrl_w    ""
 21.     estadd local ctrl_age  ""
 22.     estadd local samp      "Full panel"
 23.     eststo c1
 24. 
.     *--- col 2: + weather controls -------------------------------------------
.     quietly reghdfe $Y `x' $wctrl if $SFULL, ///
>         absorb(county_id state_id#year) vce(cluster county_id)
 25.     addcounts
 26.     estadd local fe_county "X"
 27.     estadd local fe_styr   "X"
 28.     estadd local ctrl_w    "X"
 29.     estadd local ctrl_age  ""
 30.     estadd local samp      "Full panel"
 31.     eststo c2
 32. 
.     *--- col 3: + age shares -------------------------------------------------
.     quietly reghdfe $Y `x' $agectrl if $SFULL, ///
>         absorb(county_id state_id#year) vce(cluster county_id)
 33.     addcounts
 34.     estadd local fe_county "X"
 35.     estadd local fe_styr   "X"
 36.     estadd local ctrl_w    ""
 37.     estadd local ctrl_age  "X"
 38.     estadd local samp      "Full panel"
 39.     eststo c3
 40. 
.     *--- col 4: + weather + age shares ---------------------------------------
.     quietly reghdfe $Y `x' $wctrl $agectrl if $SFULL, ///
>         absorb(county_id state_id#year) vce(cluster county_id)
 41.     addcounts
 42.     estadd local fe_county "X"
 43.     estadd local fe_styr   "X"
 44.     estadd local ctrl_w    "X"
 45.     estadd local ctrl_age  "X"
 46.     estadd local samp      "Full panel"
 47.     eststo c4
 48. 
.     *--- col 5: same as col 4, agency-direct harvest only --------------------
.     quietly reghdfe $Y `x' $wctrl $agectrl if $SAGENCY, ///
>         absorb(county_id state_id#year) vce(cluster county_id)
 49.     addcounts
 50.     estadd local fe_county "X"
 51.     estadd local fe_styr   "X"
 52.     estadd local ctrl_w    "X"
 53.     estadd local ctrl_age  "X"
 54.     estadd local samp      "Agency-direct"
 55.     eststo c5
 56. 
.     *--- this panel's coefficient rows ---------------------------------------
.     * No counts here -- observations, counties and clusters print once in the
.     * specification block at the bottom ([DECIDE] 7).
.     esttab c1 c2 c3 c4 c5 using "$tables/wildlife_weather/regression_log_harve
> st.tex", ///
>         `mode' fragment booktabs nomtitles nonumbers noobs collabels(none) ///
>         keep(`x') coeflabel(`x' "`xl'") ///
>         cells(b(star fmt(%9.4f)) se(par fmt(%9.4f))) ///
>         stats(r2_within r2, fmt(%9.3f %9.3f) ///
>               labels("Within R-squared" "R-squared (incl. FE)")) ///
>         starlevels(* 0.10 ** 0.05 *** 0.01) ///
>         prehead(`head') ///
>         postfoot("\addlinespace")
 57. 
.     esttab c1 c2 c3 c4 c5 using "$tables/wildlife_weather/regression_log_harve
> st.csv", ///
>         `mode' plain nomtitles noobs collabels(none) ///
>         keep(`x') coeflabel(`x' "`x'") ///
>         cells(b(star fmt(%9.4f)) se(par fmt(%9.4f))) ///
>         stats(r2_within r2, fmt(%9.3f %9.3f) ///
>               labels("Within R-squared" "R-squared (incl. FE)")) ///
>         starlevels(* 0.10 ** 0.05 *** 0.01) ///
>         title("Panel `P': `x'")
 58. 
.     *--- and into the log, where it can be read without leaving Stata --------
.     esttab c1 c2 c3 c4 c5, ///
>         keep(`x') coeflabel(`x' "`xl'") ///
>         cells(b(star fmt(%9.4f)) se(par fmt(%9.4f))) ///
>         stats(r2_within r2 n_clust n_county N, ///
>               fmt(%9.3f %9.3f %9.0gc %9.0gc %9.0gc) ///
>               labels("Within R-squared" "R-squared (incl. FE)" ///
>                      "# of clusters" "# of counties" "# of obs")) ///
>         starlevels(* 0.10 ** 0.05 *** 0.01) ///
>         mtitles("(1)" "(2)" "(3)" "(4)" "(5)") nonumbers collabels(none)
 59. end

. 
. run_panel A

------------------------------------------------------------------------------
PANEL A: mean_winter_temp
------------------------------------------------------------------------------

added scalar:
           e(n_county) =  1577

added scalar:
            e(n_clust) =  1577

added macro:
          e(fe_county) : "X"

added macro:
            e(fe_styr) : "X"

added macro:
             e(ctrl_w) : ""

added macro:
           e(ctrl_age) : ""

added macro:
               e(samp) : "Full panel"

added scalar:
           e(n_county) =  1577

added scalar:
            e(n_clust) =  1577

added macro:
          e(fe_county) : "X"

added macro:
            e(fe_styr) : "X"

added macro:
             e(ctrl_w) : "X"

added macro:
           e(ctrl_age) : ""

added macro:
               e(samp) : "Full panel"

added scalar:
           e(n_county) =  1577

added scalar:
            e(n_clust) =  1577

added macro:
          e(fe_county) : "X"

added macro:
            e(fe_styr) : "X"

added macro:
             e(ctrl_w) : ""

added macro:
           e(ctrl_age) : "X"

added macro:
               e(samp) : "Full panel"

added scalar:
           e(n_county) =  1577

added scalar:
            e(n_clust) =  1577

added macro:
          e(fe_county) : "X"

added macro:
            e(fe_styr) : "X"

added macro:
             e(ctrl_w) : "X"

added macro:
           e(ctrl_age) : "X"

added macro:
               e(samp) : "Full panel"

added scalar:
           e(n_county) =  1082

added scalar:
            e(n_clust) =  1082

added macro:
          e(fe_county) : "X"

added macro:
            e(fe_styr) : "X"

added macro:
             e(ctrl_w) : "X"

added macro:
           e(ctrl_age) : "X"

added macro:
               e(samp) : "Agency-direct"
(output written to /mnt/data_d/Dropbox/Research/AnimalCollisionsWeather/tables/w
> ildlife_weather/regression_log_harvest.tex)
(output written to /mnt/data_d/Dropbox/Research/AnimalCollisionsWeather/tables/w
> ildlife_weather/regression_log_harvest.csv)

--------------------------------------------------------------------------------
> ------------
                      (1)             (2)             (3)             (4)       
>       (5)   
--------------------------------------------------------------------------------
> ------------
Mean winte~p       0.0006          0.0031          0.0013          0.0042       
>   -0.0072   
                 (0.0108)        (0.0092)        (0.0105)        (0.0090)       
>  (0.0104)   
--------------------------------------------------------------------------------
> ------------
Within R-s~d        0.000           0.004           0.016           0.020       
>     0.022   
R-squ.. FE)         0.942           0.943           0.943           0.944       
>     0.943   
# of clust~s        1,577           1,577           1,577           1,577       
>     1,082   
# of count~s        1,577           1,577           1,577           1,577       
>     1,082   
# of obs           30,272          30,272          30,272          30,272       
>    26,801   
--------------------------------------------------------------------------------
> ------------

. run_panel B

------------------------------------------------------------------------------
PANEL B: warm_winter_1sd
------------------------------------------------------------------------------

added scalar:
           e(n_county) =  1577

added scalar:
            e(n_clust) =  1577

added macro:
          e(fe_county) : "X"

added macro:
            e(fe_styr) : "X"

added macro:
             e(ctrl_w) : ""

added macro:
           e(ctrl_age) : ""

added macro:
               e(samp) : "Full panel"

added scalar:
           e(n_county) =  1577

added scalar:
            e(n_clust) =  1577

added macro:
          e(fe_county) : "X"

added macro:
            e(fe_styr) : "X"

added macro:
             e(ctrl_w) : "X"

added macro:
           e(ctrl_age) : ""

added macro:
               e(samp) : "Full panel"

added scalar:
           e(n_county) =  1577

added scalar:
            e(n_clust) =  1577

added macro:
          e(fe_county) : "X"

added macro:
            e(fe_styr) : "X"

added macro:
             e(ctrl_w) : ""

added macro:
           e(ctrl_age) : "X"

added macro:
               e(samp) : "Full panel"

added scalar:
           e(n_county) =  1577

added scalar:
            e(n_clust) =  1577

added macro:
          e(fe_county) : "X"

added macro:
            e(fe_styr) : "X"

added macro:
             e(ctrl_w) : "X"

added macro:
           e(ctrl_age) : "X"

added macro:
               e(samp) : "Full panel"

added scalar:
           e(n_county) =  1082

added scalar:
            e(n_clust) =  1082

added macro:
          e(fe_county) : "X"

added macro:
            e(fe_styr) : "X"

added macro:
             e(ctrl_w) : "X"

added macro:
           e(ctrl_age) : "X"

added macro:
               e(samp) : "Agency-direct"
(output written to /mnt/data_d/Dropbox/Research/AnimalCollisionsWeather/tables/w
> ildlife_weather/regression_log_harvest.tex)
(output written to /mnt/data_d/Dropbox/Research/AnimalCollisionsWeather/tables/w
> ildlife_weather/regression_log_harvest.csv)

--------------------------------------------------------------------------------
> ------------
                      (1)             (2)             (3)             (4)       
>       (5)   
--------------------------------------------------------------------------------
> ------------
Winter tem~y      -0.0278**       -0.0287**       -0.0264**       -0.0269**     
>   -0.0379** 
                 (0.0132)        (0.0122)        (0.0132)        (0.0123)       
>  (0.0148)   
--------------------------------------------------------------------------------
> ------------
Within R-s~d        0.000           0.004           0.017           0.020       
>     0.022   
R-squ.. FE)         0.942           0.943           0.943           0.944       
>     0.943   
# of clust~s        1,577           1,577           1,577           1,577       
>     1,082   
# of count~s        1,577           1,577           1,577           1,577       
>     1,082   
# of obs           30,272          30,272          30,272          30,272       
>    26,801   
--------------------------------------------------------------------------------
> ------------

. run_panel C

------------------------------------------------------------------------------
PANEL C: wsi_cold_days
------------------------------------------------------------------------------

added scalar:
           e(n_county) =  1577

added scalar:
            e(n_clust) =  1577

added macro:
          e(fe_county) : "X"

added macro:
            e(fe_styr) : "X"

added macro:
             e(ctrl_w) : ""

added macro:
           e(ctrl_age) : ""

added macro:
               e(samp) : "Full panel"

added scalar:
           e(n_county) =  1577

added scalar:
            e(n_clust) =  1577

added macro:
          e(fe_county) : "X"

added macro:
            e(fe_styr) : "X"

added macro:
             e(ctrl_w) : "X"

added macro:
           e(ctrl_age) : ""

added macro:
               e(samp) : "Full panel"

added scalar:
           e(n_county) =  1577

added scalar:
            e(n_clust) =  1577

added macro:
          e(fe_county) : "X"

added macro:
            e(fe_styr) : "X"

added macro:
             e(ctrl_w) : ""

added macro:
           e(ctrl_age) : "X"

added macro:
               e(samp) : "Full panel"

added scalar:
           e(n_county) =  1577

added scalar:
            e(n_clust) =  1577

added macro:
          e(fe_county) : "X"

added macro:
            e(fe_styr) : "X"

added macro:
             e(ctrl_w) : "X"

added macro:
           e(ctrl_age) : "X"

added macro:
               e(samp) : "Full panel"

added scalar:
           e(n_county) =  1082

added scalar:
            e(n_clust) =  1082

added macro:
          e(fe_county) : "X"

added macro:
            e(fe_styr) : "X"

added macro:
             e(ctrl_w) : "X"

added macro:
           e(ctrl_age) : "X"

added macro:
               e(samp) : "Agency-direct"
(output written to /mnt/data_d/Dropbox/Research/AnimalCollisionsWeather/tables/w
> ildlife_weather/regression_log_harvest.tex)
(output written to /mnt/data_d/Dropbox/Research/AnimalCollisionsWeather/tables/w
> ildlife_weather/regression_log_harvest.csv)

--------------------------------------------------------------------------------
> ------------
                      (1)             (2)             (3)             (4)       
>       (5)   
--------------------------------------------------------------------------------
> ------------
Extreme co~s      -0.0016*        -0.0014         -0.0018**       -0.0017*      
>   -0.0020** 
                 (0.0009)        (0.0009)        (0.0009)        (0.0009)       
>  (0.0010)   
--------------------------------------------------------------------------------
> ------------
Within R-s~d        0.000           0.004           0.017           0.020       
>     0.022   
R-squ.. FE)         0.942           0.943           0.943           0.944       
>     0.943   
# of clust~s        1,577           1,577           1,577           1,577       
>     1,082   
# of count~s        1,577           1,577           1,577           1,577       
>     1,082   
# of obs           30,272          30,272          30,272          30,272       
>    26,801   
--------------------------------------------------------------------------------
> ------------

. run_panel D

------------------------------------------------------------------------------
PANEL D: winter_severity_index
------------------------------------------------------------------------------

added scalar:
           e(n_county) =  1577

added scalar:
            e(n_clust) =  1577

added macro:
          e(fe_county) : "X"

added macro:
            e(fe_styr) : "X"

added macro:
             e(ctrl_w) : ""

added macro:
           e(ctrl_age) : ""

added macro:
               e(samp) : "Full panel"

added scalar:
           e(n_county) =  1577

added scalar:
            e(n_clust) =  1577

added macro:
          e(fe_county) : "X"

added macro:
            e(fe_styr) : "X"

added macro:
             e(ctrl_w) : "X"

added macro:
           e(ctrl_age) : ""

added macro:
               e(samp) : "Full panel"

added scalar:
           e(n_county) =  1577

added scalar:
            e(n_clust) =  1577

added macro:
          e(fe_county) : "X"

added macro:
            e(fe_styr) : "X"

added macro:
             e(ctrl_w) : ""

added macro:
           e(ctrl_age) : "X"

added macro:
               e(samp) : "Full panel"

added scalar:
           e(n_county) =  1577

added scalar:
            e(n_clust) =  1577

added macro:
          e(fe_county) : "X"

added macro:
            e(fe_styr) : "X"

added macro:
             e(ctrl_w) : "X"

added macro:
           e(ctrl_age) : "X"

added macro:
               e(samp) : "Full panel"

added scalar:
           e(n_county) =  1082

added scalar:
            e(n_clust) =  1082

added macro:
          e(fe_county) : "X"

added macro:
            e(fe_styr) : "X"

added macro:
             e(ctrl_w) : "X"

added macro:
           e(ctrl_age) : "X"

added macro:
               e(samp) : "Agency-direct"
(output written to /mnt/data_d/Dropbox/Research/AnimalCollisionsWeather/tables/w
> ildlife_weather/regression_log_harvest.tex)
(output written to /mnt/data_d/Dropbox/Research/AnimalCollisionsWeather/tables/w
> ildlife_weather/regression_log_harvest.csv)

--------------------------------------------------------------------------------
> ------------
                      (1)             (2)             (3)             (4)       
>       (5)   
--------------------------------------------------------------------------------
> ------------
Winter sev~x      -0.0015***      -0.0014***      -0.0016***      -0.0015***    
>   -0.0016***
                 (0.0002)        (0.0003)        (0.0003)        (0.0003)       
>  (0.0003)   
--------------------------------------------------------------------------------
> ------------
Within R-s~d        0.001           0.005           0.018           0.021       
>     0.023   
R-squ.. FE)         0.943           0.943           0.943           0.944       
>     0.943   
# of clust~s        1,577           1,577           1,577           1,577       
>     1,082   
# of count~s        1,577           1,577           1,577           1,577       
>     1,082   
# of obs           30,272          30,272          30,272          30,272       
>    26,801   
--------------------------------------------------------------------------------
> ------------

. 
. *--------------------------------- 5a. ---------------------------------------
. * THE SPECIFICATION BLOCK, AT THE BOTTOM, ONCE.
. *
. * Reads the estimates left in memory by run_panel D. Every scalar below is
. * identical across the four panels (Section 6 asserts it), so the panel it
. * comes from is immaterial.
. *
. * This is also the last thing written to the fragment, so it has the
. * "% end of fragment" line -- see [DECIDE] 12.
. 
. esttab c1 c2 c3 c4 c5 using "$tables/wildlife_weather/regression_log_harvest.t
> ex", ///
>     append fragment booktabs cells(none) nomtitles nonumbers ///
>     stats(samp n_county N n_clust fe_county fe_styr ctrl_w ctrl_age, ///
>           fmt(%s %9.0gc %9.0gc %9.0gc %s %s %s %s) ///
>           labels("Sample" "\# of counties" "\# of observations" ///
>                  "\# of clusters" "County FE" "State x year FE" ///
>                  "Weather controls" "Age shares")) ///
>     prehead("\midrule") ///
>     postfoot("% end of fragment")
(output written to /mnt/data_d/Dropbox/Research/AnimalCollisionsWeather/tables/w
> ildlife_weather/regression_log_harvest.tex)

. 
. esttab c1 c2 c3 c4 c5 using "$tables/wildlife_weather/regression_log_harvest.c
> sv", ///
>     append plain cells(none) nomtitles nonumbers ///
>     stats(samp n_county N n_clust fe_county fe_styr ctrl_w ctrl_age, ///
>           fmt(%s %9.0gc %9.0gc %9.0gc %s %s %s %s) ///
>           labels("Sample" "# of counties" "# of observations" ///
>                  "# of clusters" "County FE" "State x year FE" ///
>                  "Weather controls" "Age shares")) ///
>     title("Specification")
(output written to /mnt/data_d/Dropbox/Research/AnimalCollisionsWeather/tables/w
> ildlife_weather/regression_log_harvest.csv)

. 
. *=============================================================================
> =
. * SECTION 6: QC
. *=============================================================================
> =
. 
. /*------------------------------------------------------------------------
> 
> Four things to check:
> 
>   (a) the four panels rest on identical samples -- asserted, because if
>       they ever diverge the panels stop being comparable down a column;
>   (b) the estimation samples are the sizes this vintage should give --
>       a NOTE, not an assert, since these depend on the panel vintage;
>   (c) 1981 really does contribute nothing, and for the reason we think
>       ([DECIDE] 2);
>   (d) how unbalanced the panel actually is, since that is now a feature
>       of the design rather than something ruled out.
> 
> ------------------------------------------------------------------------*/
. 
. *--------------------------------- 6a. ---------------------------------------
. 
. display as text _newline "  estimation-sample size by winter measure (col 4 sp
> ec):"

  estimation-sample size by winter measure (col 4 spec):

. local _prev = -1

. foreach v in mean_winter_temp warm_winter_1sd wsi_cold_days winter_severity_in
> dex {
  2.     quietly count if $SFULL & !missing($Y, `v', population, pop_share_5_9, 
> mean_temp_c_m3)
  3.     local _thisn = r(N)
  4.     display as text "    " %-24s "`v'" %9.0fc `_thisn'
  5.     if `_prev' != -1 {
  6.         assert `_thisn' == `_prev'
  7.     }
  8.     local _prev = `_thisn'
  9. }
    mean_winter_temp           30,272
    warm_winter_1sd            30,272
    wsi_cold_days              30,272
    winter_severity_index      30,272

. display as text "  all four panels rest on the same estimation sample"
  all four panels rest on the same estimation sample

. 
. *--------------------------------- 6b. ---------------------------------------
. 
. quietly {

. local _nsf : word count `_sf'

. local _nsa : word count `_sa'

. 
. display as text _newline "  cols 1-4: `_nf' obs | `_cf' counties | `_nsf' stat
> es | `_y0'-`_y1'"

  cols 1-4: 30272 obs | 1577 counties | 19 states | 1982-2025

. display as text "    states: `_sf'"
    states: AR CA DE FL GA IA IN KY MD MI MN MO NC NY OH TN VA WI WV

. display as text "  col 5:    `_na2' obs | `_ca' counties | `_nsa' states"
  col 5:    26801 obs | 1082 counties | 14 states

. display as text "    states: `_sa'"
    states: AR CA DE IN KY MD MO NC NY OH TN VA WI WV

. 
. * Expected on the current vintage: 30,272 / 1,577 / 19 and 26,801 / 1,082 / 14
> .
. if `_nf' != 30272 | `_cf' != 1577 {
.     display as error "  NOTE: expected 30,272 obs / 1,577 counties in cols 1-4
> ;" ///
>         " got `_nf' / `_cf'. Check the merged-panel vintage before using this 
> table."
. }

. if `_na2' != 26801 | `_ca' != 1082 {
.     display as error "  NOTE: expected 26,801 obs / 1,082 counties in col 5;" 
> ///
>         " got `_na2' / `_ca'. Check the merged-panel vintage before using this
>  table."
. }

. 
. *--------------------------------- 6c. ---------------------------------------
. 
. * 1981 contributes nothing because mean_winter_temp needs December of 1980 and
. * the PRISM extraction starts in 1981.
. quietly count if year == 1981 & !missing(harvest_total)

. local _h81 = r(N)

. quietly count if year == 1981 & !missing(mean_winter_temp)

. local _w81 = r(N)

. display as text _newline "  1981: `_h81' county-years with harvest, `_w81' wit
> h a winter measure"

  1981: 496 county-years with harvest, 0 with a winter measure

. if `_w81' == 0 {
.     display as text "    -> 1981 drops from every column (winter needs Dec 198
> 0; PRISM starts 1981)"
    -> 1981 drops from every column (winter needs Dec 1980; PRISM starts 1981)
. }

. 
. *--------------------------------- 6d. ---------------------------------------
. 
. * How unbalanced is the panel? Reported -- imbalance is accepted
. * at this stage, but the shape of it should be on the record.
. preserve

.     keep if $SFULL & !missing($Y, mean_winter_temp)
(120,856 observations deleted)

.     quietly bysort geoid: generate int _nyr = _N

.     quietly egen byte _tg = tag(geoid)

.     display as text _newline "  years observed per county (estimation sample):
> "

  years observed per county (estimation sample):

.     summarize _nyr if _tg == 1, detail

                            _nyr
-------------------------------------------------------------
      Percentiles      Smallest
 1%            2              2
 5%            2              2
10%            2              2       Obs               1,577
25%            6              2       Sum of Wgt.       1,577

50%           20                      Mean           19.19594
                        Largest       Std. Dev.      12.12803
75%           33             42
90%           33             42       Variance       147.0891
95%           34             42       Skewness       .0543199
99%           42             42       Kurtosis       1.644062

. restore

. 
. preserve

.     keep if $SFULL & !missing($Y, mean_winter_temp)
(120,856 observations deleted)

.     contract year

.     display as text _newline "  counties per year (estimation sample):"

  counties per year (estimation sample):

.     list year _freq, sep(0) noobs

  +--------------+
  | year   _freq |
  |--------------|
  | 1982     490 |
  | 1983     491 |
  | 1984     491 |
  | 1985     492 |
  | 1986     491 |
  | 1987     568 |
  | 1988     566 |
  | 1989     568 |
  | 1990     611 |
  | 1991     687 |
  | 1992     686 |
  | 1993     687 |
  | 1994     687 |
  | 1995     688 |
  | 1996     687 |
  | 1997     687 |
  | 1998     687 |
  | 1999     688 |
  | 2000     689 |
  | 2001     842 |
  | 2002     956 |
  | 2003     956 |
  | 2004     988 |
  | 2005    1175 |
  | 2006    1176 |
  | 2007    1175 |
  | 2008    1174 |
  | 2009    1174 |
  | 2010    1122 |
  | 2011    1123 |
  | 2012    1122 |
  | 2013    1123 |
  | 2014    1121 |
  | 2015     591 |
  | 2016     461 |
  | 2017     369 |
  | 2018     436 |
  | 2019     605 |
  | 2020     603 |
  | 2021     215 |
  | 2022      59 |
  | 2023      59 |
  | 2024       3 |
  | 2025       3 |
  +--------------+

. restore

. 
. *--------------------------------- 6e. ---------------------------------------
. 
. codebook $Y if $SFULL, compact

Variable      Obs Unique      Mean  Min       Max  Label
--------------------------------------------------------------------------------
ln_harvest  30804   6740  7.036922    0  10.04334  log(total deer harvest)
--------------------------------------------------------------------------------

. summarize $Y mean_winter_temp warm_winter_1sd wsi_cold_days ///
>     winter_severity_index if $SFULL

    Variable |        Obs        Mean    Std. Dev.       Min        Max
-------------+---------------------------------------------------------
  ln_harvest |     30,804    7.036922    1.305626          0   10.04334
mean_winte~p |    136,752    1.487616    6.411019  -19.29825   22.46676
warm_win~1sd |    136,752    .1800778    .3842537          0          1
wsi_cold_d~s |    136,752    6.486348    11.79717          0         95
winter_sev~x |    136,752    11.36244    26.27663          0        208

. 
. display as text _newline "  Table written to:"

  Table written to:

. display as text "    $tables/wildlife_weather/regression_log_harvest.tex"
    /mnt/data_d/Dropbox/Research/AnimalCollisionsWeather/tables/wildlife_weather
> /regression_log_harvest.tex

. display as text "    $tables/wildlife_weather/regression_log_harvest.csv"
    /mnt/data_d/Dropbox/Research/AnimalCollisionsWeather/tables/wildlife_weather
> /regression_log_harvest.csv

. 
. log close
      name:  <unnamed>
       log:  /mnt/data_d/Dropbox/Research/AnimalCollisionsWeather/codeSTATA/logs
> /regression_log_harvest.log
  log type:  text
 closed on:  11 Sep 2026, 17:11:20
--------------------------------------------------------------------------------
