This is pdfTeX, Version 3.141592653-2.6-1.40.29 (TeX Live 2026) (preloaded format=pdflatex 2026.5.22)  28 AUG 2026 09:44
entering extended mode
 restricted \write18 enabled.
 %&-line parsing enabled.
**report_2026_08_28.tex
(./report_2026_08_28.tex
LaTeX2e <2025-11-01>
L3 programming layer <2026-04-28>
(/Users/wendyhtw/Library/TinyTeX/texmf-dist/tex/latex/base/article.cls
Document Class: article 2025/01/22 v1.4n Standard LaTeX document class
(/Users/wendyhtw/Library/TinyTeX/texmf-dist/tex/latex/base/size11.clo
File: size11.clo 2025/01/22 v1.4n Standard LaTeX file (size option)
)
\c@part=\count276
\c@section=\count277
\c@subsection=\count278
\c@subsubsection=\count279
\c@paragraph=\count280
\c@subparagraph=\count281
\c@figure=\count282
\c@table=\count283
\abovecaptionskip=\skip49
\belowcaptionskip=\skip50
\bibindent=\dimen150
) (/Users/wendyhtw/Library/TinyTeX/texmf-dist/tex/latex/base/fontenc.sty
Package: fontenc 2025/07/18 v2.1d Standard LaTeX package
) (/Users/wendyhtw/Library/TinyTeX/texmf-dist/tex/latex/base/inputenc.sty
Package: inputenc 2024/02/08 v1.3d Input encoding file
\inpenc@prehook=\toks17
\inpenc@posthook=\toks18
) (/Users/wendyhtw/Library/TinyTeX/texmf-dist/tex/latex/base/textcomp.sty
Package: textcomp 2024/04/24 v2.1b Standard LaTeX package
) (/Users/wendyhtw/Library/TinyTeX/texmf-dist/tex/latex/lm/lmodern.sty
Package: lmodern 2015/05/01 v1.6.1 Latin Modern Fonts
LaTeX Font Info:    Overwriting symbol font `operators' in version `normal'
(Font)                  OT1/cmr/m/n --> OT1/lmr/m/n on input line 22.
LaTeX Font Info:    Overwriting symbol font `letters' in version `normal'
(Font)                  OML/cmm/m/it --> OML/lmm/m/it on input line 23.
LaTeX Font Info:    Overwriting symbol font `symbols' in version `normal'
(Font)                  OMS/cmsy/m/n --> OMS/lmsy/m/n on input line 24.
LaTeX Font Info:    Overwriting symbol font `largesymbols' in version `normal'
(Font)                  OMX/cmex/m/n --> OMX/lmex/m/n on input line 25.
LaTeX Font Info:    Overwriting symbol font `operators' in version `bold'
(Font)                  OT1/cmr/bx/n --> OT1/lmr/bx/n on input line 26.
LaTeX Font Info:    Overwriting symbol font `letters' in version `bold'
(Font)                  OML/cmm/b/it --> OML/lmm/b/it on input line 27.
LaTeX Font Info:    Overwriting symbol font `symbols' in version `bold'
(Font)                  OMS/cmsy/b/n --> OMS/lmsy/b/n on input line 28.
LaTeX Font Info:    Overwriting symbol font `largesymbols' in version `bold'
(Font)                  OMX/cmex/m/n --> OMX/lmex/m/n on input line 29.
LaTeX Font Info:    Overwriting math alphabet `\mathbf' in version `normal'
(Font)                  OT1/cmr/bx/n --> OT1/lmr/bx/n on input line 31.
LaTeX Font Info:    Overwriting math alphabet `\mathsf' in version `normal'
(Font)                  OT1/cmss/m/n --> OT1/lmss/m/n on input line 32.
LaTeX Font Info:    Overwriting math alphabet `\mathit' in version `normal'
(Font)                  OT1/cmr/m/it --> OT1/lmr/m/it on input line 33.
LaTeX Font Info:    Overwriting math alphabet `\mathtt' in version `normal'
(Font)                  OT1/cmtt/m/n --> OT1/lmtt/m/n on input line 34.
LaTeX Font Info:    Overwriting math alphabet `\mathbf' in version `bold'
(Font)                  OT1/cmr/bx/n --> OT1/lmr/bx/n on input line 35.
LaTeX Font Info:    Overwriting math alphabet `\mathsf' in version `bold'
(Font)                  OT1/cmss/bx/n --> OT1/lmss/bx/n on input line 36.
LaTeX Font Info:    Overwriting math alphabet `\mathit' in version `bold'
(Font)                  OT1/cmr/bx/it --> OT1/lmr/bx/it on input line 37.
LaTeX Font Info:    Overwriting math alphabet `\mathtt' in version `bold'
(Font)                  OT1/cmtt/m/n --> OT1/lmtt/m/n on input line 38.
) (/Users/wendyhtw/Library/TinyTeX/texmf-dist/tex/latex/graphics/graphicx.sty
Package: graphicx 2024/12/31 v1.2e Enhanced LaTeX Graphics (DPC,SPQR)
 (/Users/wendyhtw/Library/TinyTeX/texmf-dist/tex/latex/graphics/keyval.sty
Package: keyval 2022/05/29 v1.15 key=value parser (DPC)
\KV@toks@=\toks19
) (/Users/wendyhtw/Library/TinyTeX/texmf-dist/tex/latex/graphics/graphics.sty
Package: graphics 2024/08/06 v1.4g Standard LaTeX Graphics (DPC,SPQR)
 (/Users/wendyhtw/Library/TinyTeX/texmf-dist/tex/latex/graphics/trig.sty
Package: trig 2023/12/02 v1.11 sin cos tan (DPC)
) (/Users/wendyhtw/Library/TinyTeX/texmf-dist/tex/latex/graphics-cfg/graphics.cfg
File: graphics.cfg 2016/06/04 v1.11 sample graphics configuration
)
Package graphics Info: Driver file: pdftex.def on input line 106.
 (/Users/wendyhtw/Library/TinyTeX/texmf-dist/tex/latex/graphics-def/pdftex.def
File: pdftex.def 2025/09/29 v1.2d Graphics/color driver for pdftex
))
\Gin@req@height=\dimen151
\Gin@req@width=\dimen152
) (/Users/wendyhtw/Library/TinyTeX/texmf-dist/tex/latex/xcolor/xcolor.sty
Package: xcolor 2024/09/29 v3.02 LaTeX color extensions (UK)
 (/Users/wendyhtw/Library/TinyTeX/texmf-dist/tex/latex/graphics-cfg/color.cfg
File: color.cfg 2016/01/02 v1.6 sample color configuration
)

Package xcolor Warning: Package option `usenames' is obsolete and ignored on input line 265.

Package xcolor Info: Driver file: pdftex.def on input line 274.
(/Users/wendyhtw/Library/TinyTeX/texmf-dist/tex/latex/graphics/mathcolor.ltx)
Package xcolor Info: Model `cmy' substituted by `cmy0' on input line 1349.
Package xcolor Info: Model `hsb' substituted by `rgb' on input line 1353.
Package xcolor Info: Model `RGB' extended on input line 1365.
Package xcolor Info: Model `HTML' substituted by `rgb' on input line 1367.
Package xcolor Info: Model `Hsb' substituted by `hsb' on input line 1368.
Package xcolor Info: Model `tHsb' substituted by `hsb' on input line 1369.
Package xcolor Info: Model `HSB' substituted by `hsb' on input line 1370.
Package xcolor Info: Model `Gray' substituted by `gray' on input line 1371.
Package xcolor Info: Model `wave' substituted by `hsb' on input line 1372.
) (/Users/wendyhtw/Library/TinyTeX/texmf-dist/tex/latex/graphics/dvipsnam.def
File: dvipsnam.def 2016/06/17 v3.0m Driver-dependent file (DPC,SPQR)
) (/Users/wendyhtw/Library/TinyTeX/texmf-dist/tex/latex/colortbl/colortbl.sty
Package: colortbl 2026/05/01 v1.0l Color table columns (DPC)
 (/Users/wendyhtw/Library/TinyTeX/texmf-dist/tex/latex/tools/array.sty
Package: array 2025/09/25 v2.6n Tabular extension package (FMi)
\col@sep=\dimen153
\ar@mcellbox=\box53
\extrarowheight=\dimen154
\NC@list=\toks20
\extratabsurround=\skip51
\backup@length=\skip52
\ar@cellbox=\box54
)
\everycr=\toks21
\minrowclearance=\skip53
\rownum=\count284
) (/Users/wendyhtw/Library/TinyTeX/texmf-dist/tex/latex/pdfpages/pdfpages.sty
Package: pdfpages 2026/03/30 v0.6h Insert pages of external PDF documents (AM)
 (/Users/wendyhtw/Library/TinyTeX/texmf-dist/tex/latex/base/ifthen.sty
Package: ifthen 2024/03/16 v1.1e Standard LaTeX ifthen package (DPC)
) (/Users/wendyhtw/Library/TinyTeX/texmf-dist/tex/latex/tools/calc.sty
Package: calc 2025/03/01 v4.3b Infix arithmetic (KKT,FJ)
\calc@Acount=\count285
\calc@Bcount=\count286
\calc@Adimen=\dimen155
\calc@Bdimen=\dimen156
\calc@Askip=\skip54
\calc@Bskip=\skip55
LaTeX Info: Redefining \setlength on input line 86.
LaTeX Info: Redefining \addtolength on input line 87.
\calc@Ccount=\count287
\calc@Cskip=\skip56
) (/Users/wendyhtw/Library/TinyTeX/texmf-dist/tex/latex/eso-pic/eso-pic.sty
Package: eso-pic 2025/12/10 v3.0d eso-pic (RN)
\ESO@tempdima=\dimen157
\ESO@tempdimb=\dimen158
) (/Users/wendyhtw/Library/TinyTeX/texmf-dist/tex/latex/etoolbox/etoolbox.sty
Package: etoolbox 2025/10/02 v2.5m e-TeX tools for LaTeX (JAW)
\etb@tempcnta=\count288
)
\AM@pagewidth=\dimen159
\AM@pageheight=\dimen160
\AM@fboxrule=\dimen161
 (/Users/wendyhtw/Library/TinyTeX/texmf-dist/tex/latex/pdfpages/pppdftex.def
File: pppdftex.def 2026/03/30 v0.6h Pdfpages driver for pdfTeX (AM)
)
\pdfpages@includegraphics@status=\count289
\AM@pagebox=\box55
\AM@global@opts=\toks22
\AM@pagecnt=\count290
\AM@toc@title=\toks23
\AM@lof@heading=\toks24
\c@AM@survey=\count291
\AM@templatesizebox=\box56
) (/Users/wendyhtw/Library/TinyTeX/texmf-dist/tex/latex/geometry/geometry.sty
Package: geometry 2026/03/07 v6.0 Page Geometry
 (/Users/wendyhtw/Library/TinyTeX/texmf-dist/tex/generic/iftex/ifvtex.sty
Package: ifvtex 2019/10/25 v1.7 ifvtex legacy package. Use iftex instead.
 (/Users/wendyhtw/Library/TinyTeX/texmf-dist/tex/generic/iftex/iftex.sty
Package: iftex 2024/12/12 v1.0g TeX engine tests
))
\Gm@cnth=\count292
\Gm@cntv=\count293
\c@Gm@tempcnt=\count294
\Gm@bindingoffset=\dimen162
\Gm@wd@mp=\dimen163
\Gm@odd@mp=\dimen164
\Gm@even@mp=\dimen165
\Gm@layoutwidth=\dimen166
\Gm@layoutheight=\dimen167
\Gm@layouthoffset=\dimen168
\Gm@layoutvoffset=\dimen169
\Gm@dimlist=\toks25
) (/Users/wendyhtw/Library/TinyTeX/texmf-dist/tex/generic/babel/babel.sty
Package: babel 2026/05/20 v26.8 The multilingual framework for LuaLaTeX, pdfLaTeX and XeLaTeX
\babel@savecnt=\count295
LaTeX Encoding Info:    Redeclaring text command \ij (encoding OT1) on input line 2084.
LaTeX Encoding Info:    Redeclaring text command \IJ (encoding OT1) on input line 2086.
LaTeX Encoding Info:    Redeclaring text command \ij (encoding T1) on input line 2088.
LaTeX Encoding Info:    Redeclaring text command \IJ (encoding T1) on input line 2089.
LaTeX Encoding Info:    Ignoring declaration for text command \ij (encoding ?) on input line 2090.
LaTeX Encoding Info:    Ignoring declaration for text command \IJ (encoding ?) on input line 2092.
LaTeX Encoding Info:    Ignoring declaration for text command \SS (encoding ?) on input line 2117.
\U@D=\dimen170
\l@unhyphenated=\language91
 (/Users/wendyhtw/Library/TinyTeX/texmf-dist/tex/generic/babel/txtbabel.def)
\bbl@readstream=\read2
\bbl@dirlevel=\count296
 (/Users/wendyhtw/Library/TinyTeX/texmf-dist/tex/generic/babel/locale/en/babel-english.tex)
Package babel Info: Importing font and identification data for english
(babel)             from babel-en.ini. Reported on input line 4356.
 (/Users/wendyhtw/Library/TinyTeX/texmf-dist/tex/generic/babel-english/english.ldf
Language: english 2017/06/06 v3.3r English support from the babel system
Package babel Info: Hyphen rules for 'canadian' set to \l@english
(babel)             (\language0). Reported on input line 102.
Package babel Info: Hyphen rules for 'australian' set to \l@ukenglish
(babel)             (\language22). Reported on input line 105.
Package babel Info: Hyphen rules for 'newzealand' set to \l@ukenglish
(babel)             (\language22). Reported on input line 108.
)) (/Users/wendyhtw/Library/TinyTeX/texmf-dist/tex/latex/caption/caption.sty
Package: caption 2023/08/05 v3.6o Customizing captions (AR)
 (/Users/wendyhtw/Library/TinyTeX/texmf-dist/tex/latex/caption/caption3.sty
Package: caption3 2023/07/31 v2.4d caption3 kernel (AR)
\caption@tempdima=\dimen171
\captionmargin=\dimen172
\caption@leftmargin=\dimen173
\caption@rightmargin=\dimen174
\caption@width=\dimen175
\caption@indent=\dimen176
\caption@parindent=\dimen177
\caption@hangindent=\dimen178
Package caption Info: Standard document class detected.
)
\c@caption@flags=\count297
\c@continuedfloat=\count298
) (/Users/wendyhtw/Library/TinyTeX/texmf-dist/tex/latex/float/float.sty
Package: float 2001/11/08 v1.3d Float enhancements (AL)
\c@float@type=\count299
\float@exts=\toks26
\float@box=\box57
\@float@everytoks=\toks27
\@floatcapt=\box58
) (/Users/wendyhtw/Library/TinyTeX/texmf-dist/tex/latex/tools/longtable.sty
Package: longtable 2025-10-13 v4.24 Multi-page Table package (DPC)
\LTleft=\skip57
\LTright=\skip58
\LTpre=\skip59
\LTpost=\skip60
\LTchunksize=\count300
\LTcapwidth=\dimen179
\LT@head=\box59
\LT@firsthead=\box60
\LT@foot=\box61
\LT@lastfoot=\box62
\LT@gbox=\box63
\LT@cols=\count301
\LT@rows=\count302
\c@LT@tables=\count303
\c@LT@chunks=\count304
\LT@p@ftn=\toks28
) (/Users/wendyhtw/Library/TinyTeX/texmf-dist/tex/latex/booktabs/booktabs.sty
Package: booktabs 2020/01/12 v1.61803398 Publication quality tables
\heavyrulewidth=\dimen180
\lightrulewidth=\dimen181
\cmidrulewidth=\dimen182
\belowrulesep=\dimen183
\belowbottomsep=\dimen184
\aboverulesep=\dimen185
\abovetopsep=\dimen186
\cmidrulesep=\dimen187
\cmidrulekern=\dimen188
\defaultaddspace=\dimen189
\@cmidla=\count305
\@cmidlb=\count306
\@aboverulesep=\dimen190
\@belowrulesep=\dimen191
\@thisruleclass=\count307
\@lastruleclass=\count308
\@thisrulewidth=\dimen192
) (/Users/wendyhtw/Library/TinyTeX/texmf-dist/tex/latex/tools/tabularx.sty
Package: tabularx 2023/12/11 v2.12a `tabularx' package (DPC)
\TX@col@width=\dimen193
\TX@old@table=\dimen194
\TX@old@col=\dimen195
\TX@target=\dimen196
\TX@delta=\dimen197
\TX@cols=\count309
\TX@ftn=\toks29
) (/Users/wendyhtw/Library/TinyTeX/texmf-dist/tex/latex/enumitem/enumitem.sty
Package: enumitem 2025/02/06 v3.11 Customized lists
\labelindent=\skip61
\enit@outerparindent=\dimen198
\enit@toks=\toks30
\enit@inbox=\box64
\enit@count@id=\count310
\enitdp@description=\count311
) (/Users/wendyhtw/Library/TinyTeX/texmf-dist/tex/latex/url/url.sty
\Urlmuskip=\muskip17
Package: url 2013/09/16  ver 3.4  Verb mode for urls, etc.
) (/Users/wendyhtw/Library/TinyTeX/texmf-dist/tex/latex/hyperref/hyperref.sty
Package: hyperref 2026-04-24 v7.01q Hypertext links for LaTeX
 (/Users/wendyhtw/Library/TinyTeX/texmf-dist/tex/latex/kvsetkeys/kvsetkeys.sty
Package: kvsetkeys 2022-10-05 v1.19 Key value parser (HO)
) (/Users/wendyhtw/Library/TinyTeX/texmf-dist/tex/generic/kvdefinekeys/kvdefinekeys.sty
Package: kvdefinekeys 2019-12-19 v1.6 Define keys (HO)
) (/Users/wendyhtw/Library/TinyTeX/texmf-dist/tex/generic/pdfescape/pdfescape.sty
Package: pdfescape 2019/12/09 v1.15 Implements pdfTeX's escape features (HO)
 (/Users/wendyhtw/Library/TinyTeX/texmf-dist/tex/generic/ltxcmds/ltxcmds.sty
Package: ltxcmds 2023-12-04 v1.26 LaTeX kernel commands for general use (HO)
) (/Users/wendyhtw/Library/TinyTeX/texmf-dist/tex/generic/pdftexcmds/pdftexcmds.sty
Package: pdftexcmds 2020-06-27 v0.33 Utility functions of pdfTeX for LuaTeX (HO)
 (/Users/wendyhtw/Library/TinyTeX/texmf-dist/tex/generic/infwarerr/infwarerr.sty
Package: infwarerr 2019/12/03 v1.5 Providing info/warning/error messages (HO)
)
Package pdftexcmds Info: \pdf@primitive is available.
Package pdftexcmds Info: \pdf@ifprimitive is available.
Package pdftexcmds Info: \pdfdraftmode found.
)) (/Users/wendyhtw/Library/TinyTeX/texmf-dist/tex/latex/hycolor/hycolor.sty
Package: hycolor 2020-01-27 v1.10 Color options for hyperref/bookmark (HO)
) (/Users/wendyhtw/Library/TinyTeX/texmf-dist/tex/latex/hyperref/nameref.sty
Package: nameref 2026-01-29 v2.58 Cross-referencing by name of section
 (/Users/wendyhtw/Library/TinyTeX/texmf-dist/tex/latex/refcount/refcount.sty
Package: refcount 2019/12/15 v3.6 Data extraction from label references (HO)
) (/Users/wendyhtw/Library/TinyTeX/texmf-dist/tex/generic/gettitlestring/gettitlestring.sty
Package: gettitlestring 2019/12/15 v1.6 Cleanup title references (HO)
 (/Users/wendyhtw/Library/TinyTeX/texmf-dist/tex/latex/kvoptions/kvoptions.sty
Package: kvoptions 2022-06-15 v3.15 Key value format for package options (HO)
))
\c@section@level=\count312
) (/Users/wendyhtw/Library/TinyTeX/texmf-dist/tex/generic/stringenc/stringenc.sty
Package: stringenc 2019/11/29 v1.12 Convert strings between diff. encodings (HO)
)
\@linkdim=\dimen199
\Hy@linkcounter=\count313
\Hy@pagecounter=\count314
 (/Users/wendyhtw/Library/TinyTeX/texmf-dist/tex/latex/hyperref/pd1enc.def
File: pd1enc.def 2026-04-24 v7.01q Hyperref: PDFDocEncoding definition (HO)
Now handling font encoding PD1 ...
... no UTF-8 mapping file for font encoding PD1
) (/Users/wendyhtw/Library/TinyTeX/texmf-dist/tex/generic/intcalc/intcalc.sty
Package: intcalc 2019/12/15 v1.3 Expandable calculations with integers (HO)
)
\Hy@SavedSpaceFactor=\count315
 (/Users/wendyhtw/Library/TinyTeX/texmf-dist/tex/latex/hyperref/puenc.def
File: puenc.def 2026-04-24 v7.01q Hyperref: PDF Unicode definition (HO)
Now handling font encoding PU ...
... no UTF-8 mapping file for font encoding PU
)
Package hyperref Info: Option `colorlinks' set `true' on input line 4070.
Package hyperref Info: Hyper figures OFF on input line 4199.
Package hyperref Info: Link nesting OFF on input line 4204.
Package hyperref Info: Hyper index ON on input line 4207.
Package hyperref Info: Plain pages OFF on input line 4214.
Package hyperref Info: Backreferencing OFF on input line 4219.
Package hyperref Info: Implicit mode ON; LaTeX internals redefined.
Package hyperref Info: Bookmarks ON on input line 4466.
\c@Hy@tempcnt=\count316
LaTeX Info: Redefining \url on input line 4805.
\XeTeXLinkMargin=\dimen256
 (/Users/wendyhtw/Library/TinyTeX/texmf-dist/tex/generic/bitset/bitset.sty
Package: bitset 2019/12/09 v1.3 Handle bit-vector datatype (HO)
 (/Users/wendyhtw/Library/TinyTeX/texmf-dist/tex/generic/bigintcalc/bigintcalc.sty
Package: bigintcalc 2019/12/15 v1.5 Expandable calculations on big integers (HO)
))
\Fld@menulength=\count317
\Field@Width=\dimen257
\Fld@charsize=\dimen258
Package hyperref Info: Hyper figures OFF on input line 6091.
Package hyperref Info: Link nesting OFF on input line 6096.
Package hyperref Info: Hyper index ON on input line 6099.
Package hyperref Info: backreferencing OFF on input line 6106.
Package hyperref Info: Link coloring ON on input line 6109.
Package hyperref Info: Link coloring with OCG OFF on input line 6116.
Package hyperref Info: PDF/A mode OFF on input line 6121.
\Hy@abspage=\count318
\c@Item=\count319
\c@Hfootnote=\count320
)
Package hyperref Info: Driver (autodetected): hpdftex.
 (/Users/wendyhtw/Library/TinyTeX/texmf-dist/tex/latex/hyperref/hpdftex.def
File: hpdftex.def 2026-04-24 v7.01q Hyperref driver for pdfTeX
\Fld@listcount=\count321
\c@bookmark@seq@number=\count322
 (/Users/wendyhtw/Library/TinyTeX/texmf-dist/tex/latex/rerunfilecheck/rerunfilecheck.sty
Package: rerunfilecheck 2025-06-21 v1.11 Rerun checks for auxiliary files (HO)
 (/Users/wendyhtw/Library/TinyTeX/texmf-dist/tex/generic/uniquecounter/uniquecounter.sty
Package: uniquecounter 2019/12/15 v1.4 Provide unlimited unique counter (HO)
)
Package uniquecounter Info: New unique counter `rerunfilecheck' on input line 284.
)
\Hy@SectionHShift=\skip62
)
   defining Unicode char U+2265 (decimal 8805)
   defining Unicode char U+2264 (decimal 8804)
   defining Unicode char U+00D7 (decimal 215)
   defining Unicode char U+2212 (decimal 8722)
   defining Unicode char U+2013 (decimal 8211)
   defining Unicode char U+2014 (decimal 8212)
   defining Unicode char U+00B0 (decimal 176)
   defining Unicode char U+00B2 (decimal 178)
   defining Unicode char U+2018 (decimal 8216)
   defining Unicode char U+2019 (decimal 8217)
   defining Unicode char U+201C (decimal 8220)
   defining Unicode char U+201D (decimal 8221)
LaTeX Font Info:    Trying to load font information for T1+lmr on input line 47.
 (/Users/wendyhtw/Library/TinyTeX/texmf-dist/tex/latex/lm/t1lmr.fd
File: t1lmr.fd 2015/05/01 v1.6.1 Font defs for Latin Modern
) (/Users/wendyhtw/Library/TinyTeX/texmf-dist/tex/latex/l3backend/l3backend-pdftex.def
File: l3backend-pdftex.def 2026-02-18 L3 backend support: PDF output (pdfTeX)
\l__color_backend_stack_int=\count323
) (./report_2026_08_28.aux)
\openout1 = `report_2026_08_28.aux'.

LaTeX Font Info:    Checking defaults for OML/cmm/m/it on input line 47.
LaTeX Font Info:    ... okay on input line 47.
LaTeX Font Info:    Checking defaults for OMS/cmsy/m/n on input line 47.
LaTeX Font Info:    ... okay on input line 47.
LaTeX Font Info:    Checking defaults for OT1/cmr/m/n on input line 47.
LaTeX Font Info:    ... okay on input line 47.
LaTeX Font Info:    Checking defaults for T1/cmr/m/n on input line 47.
LaTeX Font Info:    ... okay on input line 47.
LaTeX Font Info:    Checking defaults for TS1/cmr/m/n on input line 47.
LaTeX Font Info:    ... okay on input line 47.
LaTeX Font Info:    Checking defaults for OMX/cmex/m/n on input line 47.
LaTeX Font Info:    ... okay on input line 47.
LaTeX Font Info:    Checking defaults for U/cmr/m/n on input line 47.
LaTeX Font Info:    ... okay on input line 47.
LaTeX Font Info:    Checking defaults for PD1/pdf/m/n on input line 47.
LaTeX Font Info:    ... okay on input line 47.
LaTeX Font Info:    Checking defaults for PU/pdf/m/n on input line 47.
LaTeX Font Info:    ... okay on input line 47.
 (/Users/wendyhtw/Library/TinyTeX/texmf-dist/tex/context/base/mkii/supp-pdf.mkii
[Loading MPS to PDF converter (version 2006.09.02).]
\scratchcounter=\count324
\scratchdimen=\dimen259
\scratchbox=\box65
\nofMPsegments=\count325
\nofMParguments=\count326
\everyMPshowfont=\toks31
\MPscratchCnt=\count327
\MPscratchDim=\dimen260
\MPnumerator=\count328
\makeMPintoPDFobject=\count329
\everyMPtoPDFconversion=\toks32
) (/Users/wendyhtw/Library/TinyTeX/texmf-dist/tex/latex/epstopdf-pkg/epstopdf-base.sty
Package: epstopdf-base 2020-01-24 v2.11 Base part for package epstopdf
Package epstopdf-base Info: Redefining graphics rule for `.eps' on input line 485.
 (/Users/wendyhtw/Library/TinyTeX/texmf-dist/tex/latex/latexconfig/epstopdf-sys.cfg
File: epstopdf-sys.cfg 2010/07/13 v1.3 Configuration of (r)epstopdf for TeX Live
)) (/Users/wendyhtw/Library/TinyTeX/texmf-dist/tex/latex/pdflscape/pdflscape.sty
Package: pdflscape 2025-06-23 v0.14 Display of landscape pages in PDF
 (/Users/wendyhtw/Library/TinyTeX/texmf-dist/tex/latex/pdflscape/pdflscape-nometadata.sty
Package: pdflscape-nometadata 2025-06-23 v0.14 Display of landscape pages in PDF (HO)
 (/Users/wendyhtw/Library/TinyTeX/texmf-dist/tex/latex/graphics/lscape.sty
Package: lscape 2020/05/28 v3.02 Landscape Pages (DPC)
)
Package pdflscape Info: Auto-detected driver: pdftex on input line 81.
))
*geometry* driver: auto-detecting
*geometry* detected driver: pdftex
*geometry* verbose mode - [ preamble ] result:
* driver: pdftex
* paper: letterpaper
* layout: <same size as paper>
* layoutoffset:(h,v)=(0.0pt,0.0pt)
* modes: 
* h-part:(L,W,R)=(65.04256pt, 484.20988pt, 65.04256pt)
* v-part:(T,H,B)=(65.04256pt, 664.88487pt, 65.04256pt)
* \paperwidth=614.295pt
* \paperheight=794.96999pt
* \textwidth=484.20988pt
* \textheight=664.88487pt
* \oddsidemargin=-7.22743pt
* \evensidemargin=-7.22743pt
* \topmargin=-44.22743pt
* \headheight=12.0pt
* \headsep=25.0pt
* \topskip=11.0pt
* \footskip=30.0pt
* \marginparwidth=59.0pt
* \marginparsep=10.0pt
* \columnsep=10.0pt
* \skip\footins=10.0pt plus 4.0pt minus 2.0pt
* \hoffset=0.0pt
* \voffset=0.0pt
* \mag=1000
* \@twocolumnfalse
* \@twosidefalse
* \@mparswitchfalse
* \@reversemarginfalse
* (1in=72.27pt=25.4mm, 1cm=28.453pt)

Package caption Info: Begin \AtBeginDocument code.
Package caption Info: float package is loaded.
Package caption Info: hyperref package is loaded.
Package caption Info: longtable package is loaded.
(/Users/wendyhtw/Library/TinyTeX/texmf-dist/tex/latex/caption/ltcaption.sty
Package: ltcaption 2021/01/08 v1.4c longtable captions (AR)
)
Package caption Info: End \AtBeginDocument code.
Package hyperref Info: Link coloring ON on input line 47.
 (./report_2026_08_28.out) (./report_2026_08_28.out)
\@outlinefile=\write3
\openout3 = `report_2026_08_28.out'.

LaTeX Font Info:    Trying to load font information for OT1+lmr on input line 52.
 (/Users/wendyhtw/Library/TinyTeX/texmf-dist/tex/latex/lm/ot1lmr.fd
File: ot1lmr.fd 2015/05/01 v1.6.1 Font defs for Latin Modern
)
LaTeX Font Info:    Trying to load font information for OML+lmm on input line 52.
 (/Users/wendyhtw/Library/TinyTeX/texmf-dist/tex/latex/lm/omllmm.fd
File: omllmm.fd 2015/05/01 v1.6.1 Font defs for Latin Modern
)
LaTeX Font Info:    Trying to load font information for OMS+lmsy on input line 52.
 (/Users/wendyhtw/Library/TinyTeX/texmf-dist/tex/latex/lm/omslmsy.fd
File: omslmsy.fd 2015/05/01 v1.6.1 Font defs for Latin Modern
)
LaTeX Font Info:    Trying to load font information for OMX+lmex on input line 52.
 (/Users/wendyhtw/Library/TinyTeX/texmf-dist/tex/latex/lm/omxlmex.fd
File: omxlmex.fd 2015/05/01 v1.6.1 Font defs for Latin Modern
)
LaTeX Font Info:    External font `lmex10' loaded for size
(Font)              <12> on input line 52.
LaTeX Font Info:    External font `lmex10' loaded for size
(Font)              <8> on input line 52.
LaTeX Font Info:    External font `lmex10' loaded for size
(Font)              <6> on input line 52.


LaTeX Warning: No \author given.

LaTeX Font Info:    Trying to load font information for T1+lmtt on input line 56.
(/Users/wendyhtw/Library/TinyTeX/texmf-dist/tex/latex/lm/t1lmtt.fd
File: t1lmtt.fd 2015/05/01 v1.6.1 Font defs for Latin Modern
)
LaTeX Font Info:    External font `lmex10' loaded for size
(Font)              <10> on input line 56.
LaTeX Font Info:    External font `lmex10' loaded for size
(Font)              <7> on input line 56.
LaTeX Font Info:    External font `lmex10' loaded for size
(Font)              <5> on input line 56.
LaTeX Font Info:    External font `lmex10' loaded for size
(Font)              <10.95> on input line 63.
 [1

{/Users/wendyhtw/Library/TinyTeX/texmf-var/fonts/map/pdftex/updmap/pdftex.map}{/Users/wendyhtw/Library/TinyTeX/texmf-dist/fonts/enc/dvips/lm/lm-ec.enc}] (./report_2026_08_28.toc)
\tf@toc=\write4
\openout4 = `report_2026_08_28.toc'.

 [2] [3] [4{/Users/wendyhtw/Library/TinyTeX/texmf-dist/fonts/enc/dvips/lm/lm-mathsy.enc}]
<exhibits/prism_national_long_run_warming.pdf, id=83, 570.48839pt x 320.38155pt>
File: exhibits/prism_national_long_run_warming.pdf Graphic file (type pdf)
<use exhibits/prism_national_long_run_warming.pdf>
Package pdftex.def Info: exhibits/prism_national_long_run_warming.pdf  used on input line 118.
(pdftex.def)             Requested size: 484.20988pt x 271.9345pt.
 [5

 <./exhibits/prism_national_long_run_warming.pdf>]
<exhibits/prism_winter_temperature_early_vs_recent.pdf, id=159, 575.2692pt x 288.50185pt>
File: exhibits/prism_winter_temperature_early_vs_recent.pdf Graphic file (type pdf)
<use exhibits/prism_winter_temperature_early_vs_recent.pdf>
Package pdftex.def Info: exhibits/prism_winter_temperature_early_vs_recent.pdf  used on input line 129.
(pdftex.def)             Requested size: 484.20988pt x 242.84175pt.
 [6

 <./exhibits/prism_winter_temperature_early_vs_recent.pdf>]
<exhibits/prism_winter_temperature_change.pdf, id=226, 540.04195pt x 386.33743pt>
File: exhibits/prism_winter_temperature_change.pdf Graphic file (type pdf)
<use exhibits/prism_winter_temperature_change.pdf>
Package pdftex.def Info: exhibits/prism_winter_temperature_change.pdf  used on input line 137.
(pdftex.def)             Requested size: 484.20988pt x 346.39767pt.
 [7

 <./exhibits/prism_winter_temperature_change.pdf>]
<exhibits/prism_extreme_cold_day_count.pdf, id=296, 538.2828pt x 367.86748pt>
File: exhibits/prism_extreme_cold_day_count.pdf Graphic file (type pdf)
<use exhibits/prism_extreme_cold_day_count.pdf>
Package pdftex.def Info: exhibits/prism_extreme_cold_day_count.pdf  used on input line 146.
(pdftex.def)             Requested size: 484.20988pt x 330.90927pt.
LaTeX Font Info:    Trying to load font information for TS1+lmr on input line 149.
 (/Users/wendyhtw/Library/TinyTeX/texmf-dist/tex/latex/lm/ts1lmr.fd
File: ts1lmr.fd 2015/05/01 v1.6.1 Font defs for Latin Modern
) [8

{/Users/wendyhtw/Library/TinyTeX/texmf-dist/fonts/enc/dvips/lm/lm-ts1.enc} <./exhibits/prism_extreme_cold_day_count.pdf>]
<exhibits/prism_anomalous_warm_winter_frequency_provisional.pdf, id=358, 547.31479pt x 364.55055pt>
File: exhibits/prism_anomalous_warm_winter_frequency_provisional.pdf Graphic file (type pdf)
<use exhibits/prism_anomalous_warm_winter_frequency_provisional.pdf>
Package pdftex.def Info: exhibits/prism_anomalous_warm_winter_frequency_provisional.pdf  used on input line 156.
(pdftex.def)             Requested size: 484.20988pt x 322.51875pt.
 [9

 <./exhibits/prism_anomalous_warm_winter_frequency_provisional.pdf>]
<exhibits/prism_anomalous_warm_winter_time_series_provisional.pdf, id=430, 570.36728pt x 320.38155pt>
File: exhibits/prism_anomalous_warm_winter_time_series_provisional.pdf Graphic file (type pdf)
<use exhibits/prism_anomalous_warm_winter_time_series_provisional.pdf>
Package pdftex.def Info: exhibits/prism_anomalous_warm_winter_time_series_provisional.pdf  used on input line 164.
(pdftex.def)             Requested size: 484.20988pt x 271.99316pt.
 [10

 <./exhibits/prism_anomalous_warm_winter_time_series_provisional.pdf>] [11

]
<exhibits/prism_national_winter_temperature_distributions_by_decade.pdf, id=512, 570.10133pt x 325.33092pt>
File: exhibits/prism_national_winter_temperature_distributions_by_decade.pdf Graphic file (type pdf)
<use exhibits/prism_national_winter_temperature_distributions_by_decade.pdf>
Package pdftex.def Info: exhibits/prism_national_winter_temperature_distributions_by_decade.pdf  used on input line 182.
(pdftex.def)             Requested size: 484.20988pt x 276.3191pt.
 [12

 <./exhibits/prism_national_winter_temperature_distributions_by_decade.pdf>]
<exhibits/prism_national_winter_temperature_deviations_by_decade.pdf, id=584, 570.22238pt x 342.01501pt>
File: exhibits/prism_national_winter_temperature_deviations_by_decade.pdf Graphic file (type pdf)
<use exhibits/prism_national_winter_temperature_deviations_by_decade.pdf>
Package pdftex.def Info: exhibits/prism_national_winter_temperature_deviations_by_decade.pdf  used on input line 190.
(pdftex.def)             Requested size: 484.20988pt x 290.42188pt.
 [13

 <./exhibits/prism_national_winter_temperature_deviations_by_decade.pdf>]
<exhibits/prism_era5_national_winter_temperature_comparison.pdf, id=654, 570.22238pt x 320.38155pt>
File: exhibits/prism_era5_national_winter_temperature_comparison.pdf Graphic file (type pdf)
<use exhibits/prism_era5_national_winter_temperature_comparison.pdf>
Package pdftex.def Info: exhibits/prism_era5_national_winter_temperature_comparison.pdf  used on input line 199.
(pdftex.def)             Requested size: 484.20988pt x 272.05182pt.
 [14

 <./exhibits/prism_era5_national_winter_temperature_comparison.pdf>] [15

]
<exhibits/prism_state_long_run_warming.pdf, id=729, 575.99193pt x 479.98842pt>
File: exhibits/prism_state_long_run_warming.pdf Graphic file (type pdf)
<use exhibits/prism_state_long_run_warming.pdf>
Package pdftex.def Info: exhibits/prism_state_long_run_warming.pdf  used on input line 233.
(pdftex.def)             Requested size: 575.99051pt x 479.98723pt.
<exhibits/prism_state_long_run_warming.pdf, id=731, page=1, 575.99193pt x 479.98842pt>
File: exhibits/prism_state_long_run_warming.pdf Graphic file (type pdf)
<use exhibits/prism_state_long_run_warming.pdf, page 1>
Package pdftex.def Info: exhibits/prism_state_long_run_warming.pdf , page1 used on input line 233.
(pdftex.def)             Requested size: 575.99051pt x 479.98723pt.
File: exhibits/prism_state_long_run_warming.pdf Graphic file (type pdf)
<use exhibits/prism_state_long_run_warming.pdf, page 1>
Package pdftex.def Info: exhibits/prism_state_long_run_warming.pdf , page1 used on input line 233.
(pdftex.def)             Requested size: 615.34727pt x 512.7842pt.
 [16

]
File: exhibits/prism_state_long_run_warming.pdf Graphic file (type pdf)
<use exhibits/prism_state_long_run_warming.pdf, page 1>
Package pdftex.def Info: exhibits/prism_state_long_run_warming.pdf , page1 used on input line 233.
(pdftex.def)             Requested size: 615.34727pt x 512.7842pt.
File: exhibits/prism_state_long_run_warming.pdf Graphic file (type pdf)
<use exhibits/prism_state_long_run_warming.pdf, page 1>
Package pdftex.def Info: exhibits/prism_state_long_run_warming.pdf , page1 used on input line 233.
(pdftex.def)             Requested size: 615.34727pt x 512.7842pt.
File: exhibits/prism_state_long_run_warming.pdf Graphic file (type pdf)
<use exhibits/prism_state_long_run_warming.pdf, page 1>
Package pdftex.def Info: exhibits/prism_state_long_run_warming.pdf , page1 used on input line 233.
(pdftex.def)             Requested size: 615.34727pt x 512.7842pt.
 [17

 <./exhibits/prism_state_long_run_warming.pdf>]
<exhibits/prism_state_long_run_warming.pdf, id=820, page=2, 575.99193pt x 479.98842pt>
File: exhibits/prism_state_long_run_warming.pdf Graphic file (type pdf)
<use exhibits/prism_state_long_run_warming.pdf, page 2>
Package pdftex.def Info: exhibits/prism_state_long_run_warming.pdf , page2 used on input line 233.
(pdftex.def)             Requested size: 615.34727pt x 512.7842pt.
File: exhibits/prism_state_long_run_warming.pdf Graphic file (type pdf)
<use exhibits/prism_state_long_run_warming.pdf, page 2>
Package pdftex.def Info: exhibits/prism_state_long_run_warming.pdf , page2 used on input line 233.
(pdftex.def)             Requested size: 615.34727pt x 512.7842pt.
File: exhibits/prism_state_long_run_warming.pdf Graphic file (type pdf)
<use exhibits/prism_state_long_run_warming.pdf, page 2>
Package pdftex.def Info: exhibits/prism_state_long_run_warming.pdf , page2 used on input line 233.
(pdftex.def)             Requested size: 615.34727pt x 512.7842pt.
 [18

 <./exhibits/prism_state_long_run_warming.pdf>]
<exhibits/prism_state_long_run_warming.pdf, id=825, page=3, 575.99193pt x 479.98842pt>
File: exhibits/prism_state_long_run_warming.pdf Graphic file (type pdf)
<use exhibits/prism_state_long_run_warming.pdf, page 3>
Package pdftex.def Info: exhibits/prism_state_long_run_warming.pdf , page3 used on input line 233.
(pdftex.def)             Requested size: 615.34727pt x 512.7842pt.
File: exhibits/prism_state_long_run_warming.pdf Graphic file (type pdf)
<use exhibits/prism_state_long_run_warming.pdf, page 3>
Package pdftex.def Info: exhibits/prism_state_long_run_warming.pdf , page3 used on input line 233.
(pdftex.def)             Requested size: 615.34727pt x 512.7842pt.
File: exhibits/prism_state_long_run_warming.pdf Graphic file (type pdf)
<use exhibits/prism_state_long_run_warming.pdf, page 3>
Package pdftex.def Info: exhibits/prism_state_long_run_warming.pdf , page3 used on input line 233.
(pdftex.def)             Requested size: 615.34727pt x 512.7842pt.
 [19

 <./exhibits/prism_state_long_run_warming.pdf>]
<exhibits/prism_state_long_run_warming.pdf, id=831, page=4, 575.99193pt x 479.98842pt>
File: exhibits/prism_state_long_run_warming.pdf Graphic file (type pdf)
<use exhibits/prism_state_long_run_warming.pdf, page 4>
Package pdftex.def Info: exhibits/prism_state_long_run_warming.pdf , page4 used on input line 233.
(pdftex.def)             Requested size: 615.34727pt x 512.7842pt.
File: exhibits/prism_state_long_run_warming.pdf Graphic file (type pdf)
<use exhibits/prism_state_long_run_warming.pdf, page 4>
Package pdftex.def Info: exhibits/prism_state_long_run_warming.pdf , page4 used on input line 233.
(pdftex.def)             Requested size: 615.34727pt x 512.7842pt.
File: exhibits/prism_state_long_run_warming.pdf Graphic file (type pdf)
<use exhibits/prism_state_long_run_warming.pdf, page 4>
Package pdftex.def Info: exhibits/prism_state_long_run_warming.pdf , page4 used on input line 233.
(pdftex.def)             Requested size: 615.34727pt x 512.7842pt.
 [20

 <./exhibits/prism_state_long_run_warming.pdf>]
<exhibits/prism_state_long_run_warming.pdf, id=836, page=5, 575.99193pt x 479.98842pt>
File: exhibits/prism_state_long_run_warming.pdf Graphic file (type pdf)
<use exhibits/prism_state_long_run_warming.pdf, page 5>
Package pdftex.def Info: exhibits/prism_state_long_run_warming.pdf , page5 used on input line 233.
(pdftex.def)             Requested size: 615.34727pt x 512.7842pt.
File: exhibits/prism_state_long_run_warming.pdf Graphic file (type pdf)
<use exhibits/prism_state_long_run_warming.pdf, page 5>
Package pdftex.def Info: exhibits/prism_state_long_run_warming.pdf , page5 used on input line 233.
(pdftex.def)             Requested size: 615.34727pt x 512.7842pt.
File: exhibits/prism_state_long_run_warming.pdf Graphic file (type pdf)
<use exhibits/prism_state_long_run_warming.pdf, page 5>
Package pdftex.def Info: exhibits/prism_state_long_run_warming.pdf , page5 used on input line 233.
(pdftex.def)             Requested size: 615.34727pt x 512.7842pt.
 [21

 <./exhibits/prism_state_long_run_warming.pdf>]
<exhibits/prism_state_long_run_warming.pdf, id=841, page=6, 575.99193pt x 381.2387pt>
File: exhibits/prism_state_long_run_warming.pdf Graphic file (type pdf)
<use exhibits/prism_state_long_run_warming.pdf, page 6>
Package pdftex.def Info: exhibits/prism_state_long_run_warming.pdf , page6 used on input line 233.
(pdftex.def)             Requested size: 615.34727pt x 407.28728pt.
File: exhibits/prism_state_long_run_warming.pdf Graphic file (type pdf)
<use exhibits/prism_state_long_run_warming.pdf, page 6>
Package pdftex.def Info: exhibits/prism_state_long_run_warming.pdf , page6 used on input line 233.
(pdftex.def)             Requested size: 615.34727pt x 407.28728pt.
File: exhibits/prism_state_long_run_warming.pdf Graphic file (type pdf)
<use exhibits/prism_state_long_run_warming.pdf, page 6>
Package pdftex.def Info: exhibits/prism_state_long_run_warming.pdf , page6 used on input line 233.
(pdftex.def)             Requested size: 615.34727pt x 407.28728pt.
 [22

 <./exhibits/prism_state_long_run_warming.pdf>] [23] (./report_2026_08_28.aux)
 ***********
LaTeX2e <2025-11-01>
L3 programming layer <2026-04-28>
 ***********
Package rerunfilecheck Info: File `report_2026_08_28.out' has not changed.
(rerunfilecheck)             Checksum: 36238D3D39958C56BF115DEDE0F315BE;1771.
 ) 
Here is how much of TeX's memory you used:
 14269 strings out of 467341
 238868 string characters out of 5411159
 675742 words of memory out of 5000000
 43093 multiletter control sequences out of 15000+600000
 682553 words of font info for 77 fonts, out of 8000000 for 9000
 1141 hyphenation exceptions out of 8191
 75i,17n,84p,406b,616s stack positions out of 10000i,1000n,20000p,200000b,200000s
</Users/wendyhtw/Library/TinyTeX/texmf-dist/fonts/type1/public/lm/lmbx10.pfb></Users/wendyhtw/Library/TinyTeX/texmf-dist/fonts/type1/public/lm/lmbx12.pfb></Users/wendyhtw/Library/TinyTeX/texmf-dist/fonts/type1/public/lm/lmr10.pfb></Users/wendyhtw/Library/TinyTeX/texmf-dist/fonts/type1/public/lm/lmr12.pfb></Users/wendyhtw/Library/TinyTeX/texmf-dist/fonts/type1/public/lm/lmr17.pfb></Users/wendyhtw/Library/TinyTeX/texmf-dist/fonts/type1/public/lm/lmsy10.pfb></Users/wendyhtw/Library/TinyTeX/texmf-dist/fonts/type1/public/lm/lmtt10.pfb>
Output written on report_2026_08_28.pdf (23 pages, 3072226 bytes).
PDF statistics:
 901 PDF objects out of 1000 (max. 8388607)
 284 compressed objects within 3 object streams
 57 named destinations out of 1000 (max. 500000)
 166 words of extra memory for PDF output out of 10000 (max. 10000000)

