
  ___  ____  ____  ____  ____ (R)
 /__    /   ____/   /   ____/
___/   /   /___/   /   /___/   16.1   Copyright 1985-2019 StataCorp LLC
  Statistics/Data analysis            StataCorp
                                      4905 Lakeway Drive
                                      College Station, Texas 77845 USA
                                      800-STATA-PC        https://www.stata.com
                                      979-696-4600        stata@stata.com
                                      979-696-4601 (fax)

Stata license: Single-user  perpetual
Serial number: 501606298832
  Licensed to: Eyal Frank
               FrankResearch

Notes:
      1. Stata is running in batch mode.
      2. Unicode is supported; see help unicode_advice.

. do 10_generate_weather_report.do 

. * texdoc is required; install once if this is a fresh Stata install.
. cap which texdoc

. if _rc ssc install texdoc

. 
. *----------------------------------------------------------------------------
> --
. * 0. Paths
. *----------------------------------------------------------------------------
> --
. global path "/mnt/data_d/Dropbox/Research/AnimalCollisionsWeather"

. 
. global fig1 "$path/figures/weather/tier1"

. global fig2 "$path/figures/weather/tier2"

. global tab1 "$path/tables/weather/tier1"

. global tab2 "$path/tables/weather/tier2"

. 
. * Date stamp (Eyal's convention, minus the DD prefix -- this is not a diff-in
> -diff)
. local string_sysdate: di %td_CCYY_NN_DD date(c(current_date), "DMY")

. local string_sysdate = subinstr("`string_sysdate'", " ", "_", .)

. 
. cap mkdir "$path/reports"

. cap mkdir "$path/reports/WeatherData"

. cap mkdir "$path/reports/WeatherData/report_`string_sysdate'"

. local outdir "$path/reports/WeatherData/report_`string_sysdate'"

. 
end of do-file
